Archive member included to satisfy reference by file (symbol)

c:/st/stm32cubeide_1.4.0/stm32cubeide/plugins/com.st.stm32cube.ide.mcu.externaltools.gnu-tools-for-stm32.7-2018-q2-update.win32_1.5.0.202011040924/tools/bin/../lib/gcc/arm-none-eabi/7.3.1/../../../../arm-none-eabi/lib/thumb/v7e-m/fpv5/hard\libc_nano.a(lib_a-atof.o)
                              Core/Src/main.o (atof)
c:/st/stm32cubeide_1.4.0/stm32cubeide/plugins/com.st.stm32cube.ide.mcu.externaltools.gnu-tools-for-stm32.7-2018-q2-update.win32_1.5.0.202011040924/tools/bin/../lib/gcc/arm-none-eabi/7.3.1/../../../../arm-none-eabi/lib/thumb/v7e-m/fpv5/hard\libc_nano.a(lib_a-errno.o)
                              Core/Src/syscalls.o (__errno)
c:/st/stm32cubeide_1.4.0/stm32cubeide/plugins/com.st.stm32cube.ide.mcu.externaltools.gnu-tools-for-stm32.7-2018-q2-update.win32_1.5.0.202011040924/tools/bin/../lib/gcc/arm-none-eabi/7.3.1/../../../../arm-none-eabi/lib/thumb/v7e-m/fpv5/hard\libc_nano.a(lib_a-exit.o)
                              c:/st/stm32cubeide_1.4.0/stm32cubeide/plugins/com.st.stm32cube.ide.mcu.externaltools.gnu-tools-for-stm32.7-2018-q2-update.win32_1.5.0.202011040924/tools/bin/../lib/gcc/arm-none-eabi/7.3.1/../../../../arm-none-eabi/lib/thumb/v7e-m/fpv5/hard/crt0.o (exit)
c:/st/stm32cubeide_1.4.0/stm32cubeide/plugins/com.st.stm32cube.ide.mcu.externaltools.gnu-tools-for-stm32.7-2018-q2-update.win32_1.5.0.202011040924/tools/bin/../lib/gcc/arm-none-eabi/7.3.1/../../../../arm-none-eabi/lib/thumb/v7e-m/fpv5/hard\libc_nano.a(lib_a-impure.o)
                              c:/st/stm32cubeide_1.4.0/stm32cubeide/plugins/com.st.stm32cube.ide.mcu.externaltools.gnu-tools-for-stm32.7-2018-q2-update.win32_1.5.0.202011040924/tools/bin/../lib/gcc/arm-none-eabi/7.3.1/../../../../arm-none-eabi/lib/thumb/v7e-m/fpv5/hard\libc_nano.a(lib_a-exit.o) (_global_impure_ptr)
c:/st/stm32cubeide_1.4.0/stm32cubeide/plugins/com.st.stm32cube.ide.mcu.externaltools.gnu-tools-for-stm32.7-2018-q2-update.win32_1.5.0.202011040924/tools/bin/../lib/gcc/arm-none-eabi/7.3.1/../../../../arm-none-eabi/lib/thumb/v7e-m/fpv5/hard\libc_nano.a(lib_a-init.o)
                              c:/st/stm32cubeide_1.4.0/stm32cubeide/plugins/com.st.stm32cube.ide.mcu.externaltools.gnu-tools-for-stm32.7-2018-q2-update.win32_1.5.0.202011040924/tools/bin/../lib/gcc/arm-none-eabi/7.3.1/../../../../arm-none-eabi/lib/thumb/v7e-m/fpv5/hard/crt0.o (__libc_init_array)
c:/st/stm32cubeide_1.4.0/stm32cubeide/plugins/com.st.stm32cube.ide.mcu.externaltools.gnu-tools-for-stm32.7-2018-q2-update.win32_1.5.0.202011040924/tools/bin/../lib/gcc/arm-none-eabi/7.3.1/../../../../arm-none-eabi/lib/thumb/v7e-m/fpv5/hard\libc_nano.a(lib_a-malloc.o)
                              Core/Src/main.o (malloc)
c:/st/stm32cubeide_1.4.0/stm32cubeide/plugins/com.st.stm32cube.ide.mcu.externaltools.gnu-tools-for-stm32.7-2018-q2-update.win32_1.5.0.202011040924/tools/bin/../lib/gcc/arm-none-eabi/7.3.1/../../../../arm-none-eabi/lib/thumb/v7e-m/fpv5/hard\libc_nano.a(lib_a-memcmp.o)
                              Middlewares/FreeRTOS-TCP/Src/FreeRTOS_ARP.o (memcmp)
c:/st/stm32cubeide_1.4.0/stm32cubeide/plugins/com.st.stm32cube.ide.mcu.externaltools.gnu-tools-for-stm32.7-2018-q2-update.win32_1.5.0.202011040924/tools/bin/../lib/gcc/arm-none-eabi/7.3.1/../../../../arm-none-eabi/lib/thumb/v7e-m/fpv5/hard\libc_nano.a(lib_a-memcpy-stub.o)
                              Middlewares/FreeRTOS/Src/queue.o (memcpy)
c:/st/stm32cubeide_1.4.0/stm32cubeide/plugins/com.st.stm32cube.ide.mcu.externaltools.gnu-tools-for-stm32.7-2018-q2-update.win32_1.5.0.202011040924/tools/bin/../lib/gcc/arm-none-eabi/7.3.1/../../../../arm-none-eabi/lib/thumb/v7e-m/fpv5/hard\libc_nano.a(lib_a-memmove.o)
                              Middlewares/FreeRTOS-TCP/Src/FreeRTOS_IP.o (memmove)
c:/st/stm32cubeide_1.4.0/stm32cubeide/plugins/com.st.stm32cube.ide.mcu.externaltools.gnu-tools-for-stm32.7-2018-q2-update.win32_1.5.0.202011040924/tools/bin/../lib/gcc/arm-none-eabi/7.3.1/../../../../arm-none-eabi/lib/thumb/v7e-m/fpv5/hard\libc_nano.a(lib_a-memset.o)
                              c:/st/stm32cubeide_1.4.0/stm32cubeide/plugins/com.st.stm32cube.ide.mcu.externaltools.gnu-tools-for-stm32.7-2018-q2-update.win32_1.5.0.202011040924/tools/bin/../lib/gcc/arm-none-eabi/7.3.1/../../../../arm-none-eabi/lib/thumb/v7e-m/fpv5/hard/crt0.o (memset)
c:/st/stm32cubeide_1.4.0/stm32cubeide/plugins/com.st.stm32cube.ide.mcu.externaltools.gnu-tools-for-stm32.7-2018-q2-update.win32_1.5.0.202011040924/tools/bin/../lib/gcc/arm-none-eabi/7.3.1/../../../../arm-none-eabi/lib/thumb/v7e-m/fpv5/hard\libc_nano.a(lib_a-nano-freer.o)
                              c:/st/stm32cubeide_1.4.0/stm32cubeide/plugins/com.st.stm32cube.ide.mcu.externaltools.gnu-tools-for-stm32.7-2018-q2-update.win32_1.5.0.202011040924/tools/bin/../lib/gcc/arm-none-eabi/7.3.1/../../../../arm-none-eabi/lib/thumb/v7e-m/fpv5/hard\libc_nano.a(lib_a-malloc.o) (_free_r)
[...]
Memory Configuration

Name             Origin             Length             Attributes
RAM              0x0000000020000000 0x0000000000080000 xrw
FLASH            0x0000000008000000 0x0000000000200000 xr
*default*        0x0000000000000000 0xffffffffffffffff

Linker script and memory map

LOAD c:/st/stm32cubeide_1.4.0/stm32cubeide/plugins/com.st.stm32cube.ide.mcu.externaltools.gnu-tools-for-stm32.7-2018-q2-update.win32_1.5.0.202011040924/tools/bin/../lib/gcc/arm-none-eabi/7.3.1/thumb/v7e-m/fpv5/hard/crti.o
LOAD c:/st/stm32cubeide_1.4.0/stm32cubeide/plugins/com.st.stm32cube.ide.mcu.externaltools.gnu-tools-for-stm32.7-2018-q2-update.win32_1.5.0.202011040924/tools/bin/../lib/gcc/arm-none-eabi/7.3.1/thumb/v7e-m/fpv5/hard/crtbegin.o
LOAD c:/st/stm32cubeide_1.4.0/stm32cubeide/plugins/com.st.stm32cube.ide.mcu.externaltools.gnu-tools-for-stm32.7-2018-q2-update.win32_1.5.0.202011040924/tools/bin/../lib/gcc/arm-none-eabi/7.3.1/../../../../arm-none-eabi/lib/thumb/v7e-m/fpv5/hard/crt0.o
LOAD Core/Src/eth.o
LOAD Core/Src/gpio.o
LOAD Core/Src/main.o
LOAD Core/Src/rng.o
LOAD Core/Src/stm32f7xx_hal_msp.o
LOAD Core/Src/stm32f7xx_hal_timebase_tim.o
LOAD Core/Src/stm32f7xx_it.o
LOAD Core/Src/syscalls.o
LOAD Core/Src/sysmem.o
LOAD Core/Src/system_stm32f7xx.o
LOAD Core/Src/usart.o
LOAD Core/Startup/startup_stm32f769nihx.o
LOAD Drivers/STM32F7xx_HAL_Driver/Src/stm32f7xx_hal.o
LOAD Drivers/STM32F7xx_HAL_Driver/Src/stm32f7xx_hal_cortex.o
LOAD Drivers/STM32F7xx_HAL_Driver/Src/stm32f7xx_hal_dma.o
LOAD Drivers/STM32F7xx_HAL_Driver/Src/stm32f7xx_hal_dma_ex.o
LOAD Drivers/STM32F7xx_HAL_Driver/Src/stm32f7xx_hal_exti.o
LOAD Drivers/STM32F7xx_HAL_Driver/Src/stm32f7xx_hal_flash.o
LOAD Drivers/STM32F7xx_HAL_Driver/Src/stm32f7xx_hal_flash_ex.o
LOAD Drivers/STM32F7xx_HAL_Driver/Src/stm32f7xx_hal_gpio.o
LOAD Drivers/STM32F7xx_HAL_Driver/Src/stm32f7xx_hal_i2c.o
LOAD Drivers/STM32F7xx_HAL_Driver/Src/stm32f7xx_hal_i2c_ex.o
LOAD Drivers/STM32F7xx_HAL_Driver/Src/stm32f7xx_hal_pwr.o
LOAD Drivers/STM32F7xx_HAL_Driver/Src/stm32f7xx_hal_pwr_ex.o
LOAD Drivers/STM32F7xx_HAL_Driver/Src/stm32f7xx_hal_rcc.o
LOAD Drivers/STM32F7xx_HAL_Driver/Src/stm32f7xx_hal_rcc_ex.o
LOAD Drivers/STM32F7xx_HAL_Driver/Src/stm32f7xx_hal_rng.o
LOAD Drivers/STM32F7xx_HAL_Driver/Src/stm32f7xx_hal_tim.o
LOAD Drivers/STM32F7xx_HAL_Driver/Src/stm32f7xx_hal_tim_ex.o
LOAD Drivers/STM32F7xx_HAL_Driver/Src/stm32f7xx_hal_uart.o
LOAD Drivers/STM32F7xx_HAL_Driver/Src/stm32f7xx_hal_uart_ex.o
LOAD Drivers/STM32F7xx_HAL_Driver/Src/stm32fxx_hal_eth.o
LOAD Middlewares/FreeRTOS/Src/croutine.o
LOAD Middlewares/FreeRTOS/Src/event_groups.o
LOAD Middlewares/FreeRTOS/Src/list.o
LOAD Middlewares/FreeRTOS/Src/queue.o
LOAD Middlewares/FreeRTOS/Src/stream_buffer.o
LOAD Middlewares/FreeRTOS/Src/tasks.o
LOAD Middlewares/FreeRTOS/Src/timers.o
LOAD Middlewares/FreeRTOS/Src/portable/MemMang/heap_4.o
LOAD Middlewares/FreeRTOS/Src/portable/port/port.o
LOAD Middlewares/FreeRTOS-TCP/Src/FreeRTOS_ARP.o
LOAD Middlewares/FreeRTOS-TCP/Src/FreeRTOS_DHCP.o
LOAD Middlewares/FreeRTOS-TCP/Src/FreeRTOS_DNS.o
LOAD Middlewares/FreeRTOS-TCP/Src/FreeRTOS_IP.o
LOAD Middlewares/FreeRTOS-TCP/Src/FreeRTOS_Sockets.o
LOAD Middlewares/FreeRTOS-TCP/Src/FreeRTOS_Stream_Buffer.o
LOAD Middlewares/FreeRTOS-TCP/Src/FreeRTOS_TCP_IP.o
LOAD Middlewares/FreeRTOS-TCP/Src/FreeRTOS_TCP_WIN.o
LOAD Middlewares/FreeRTOS-TCP/Src/FreeRTOS_UDP_IP.o
LOAD Middlewares/FreeRTOS-TCP/Src/NetworkInterface.o
LOAD Middlewares/FreeRTOS-TCP/Src/phyHandling.o
LOAD Middlewares/FreeRTOS-TCP/Src/portable/BufferManagement/BufferAllocation_2.o
START GROUP
LOAD c:/st/stm32cubeide_1.4.0/stm32cubeide/plugins/com.st.stm32cube.ide.mcu.externaltools.gnu-tools-for-stm32.7-2018-q2-update.win32_1.5.0.202011040924/tools/bin/../lib/gcc/arm-none-eabi/7.3.1/../../../../arm-none-eabi/lib/thumb/v7e-m/fpv5/hard\libc_nano.a
LOAD c:/st/stm32cubeide_1.4.0/stm32cubeide/plugins/com.st.stm32cube.ide.mcu.externaltools.gnu-tools-for-stm32.7-2018-q2-update.win32_1.5.0.202011040924/tools/bin/../lib/gcc/arm-none-eabi/7.3.1/../../../../arm-none-eabi/lib/thumb/v7e-m/fpv5/hard\libm.a
END GROUP
START GROUP
LOAD c:/st/stm32cubeide_1.4.0/stm32cubeide/plugins/com.st.stm32cube.ide.mcu.externaltools.gnu-tools-for-stm32.7-2018-q2-update.win32_1.5.0.202011040924/tools/bin/../lib/gcc/arm-none-eabi/7.3.1/thumb/v7e-m/fpv5/hard\libgcc.a
LOAD c:/st/stm32cubeide_1.4.0/stm32cubeide/plugins/com.st.stm32cube.ide.mcu.externaltools.gnu-tools-for-stm32.7-2018-q2-update.win32_1.5.0.202011040924/tools/bin/../lib/gcc/arm-none-eabi/7.3.1/../../../../arm-none-eabi/lib/thumb/v7e-m/fpv5/hard\libc_nano.a
END GROUP
START GROUP
LOAD c:/st/stm32cubeide_1.4.0/stm32cubeide/plugins/com.st.stm32cube.ide.mcu.externaltools.gnu-tools-for-stm32.7-2018-q2-update.win32_1.5.0.202011040924/tools/bin/../lib/gcc/arm-none-eabi/7.3.1/thumb/v7e-m/fpv5/hard\libgcc.a
LOAD c:/st/stm32cubeide_1.4.0/stm32cubeide/plugins/com.st.stm32cube.ide.mcu.externaltools.gnu-tools-for-stm32.7-2018-q2-update.win32_1.5.0.202011040924/tools/bin/../lib/gcc/arm-none-eabi/7.3.1/../../../../arm-none-eabi/lib/thumb/v7e-m/fpv5/hard\libc_nano.a
LOAD c:/st/stm32cubeide_1.4.0/stm32cubeide/plugins/com.st.stm32cube.ide.mcu.externaltools.gnu-tools-for-stm32.7-2018-q2-update.win32_1.5.0.202011040924/tools/bin/../lib/gcc/arm-none-eabi/7.3.1/../../../../arm-none-eabi/lib/thumb/v7e-m/fpv5/hard\libnosys.a
END GROUP
START GROUP
LOAD c:/st/stm32cubeide_1.4.0/stm32cubeide/plugins/com.st.stm32cube.ide.mcu.externaltools.gnu-tools-for-stm32.7-2018-q2-update.win32_1.5.0.202011040924/tools/bin/../lib/gcc/arm-none-eabi/7.3.1/thumb/v7e-m/fpv5/hard\libgcc.a
LOAD c:/st/stm32cubeide_1.4.0/stm32cubeide/plugins/com.st.stm32cube.ide.mcu.externaltools.gnu-tools-for-stm32.7-2018-q2-update.win32_1.5.0.202011040924/tools/bin/../lib/gcc/arm-none-eabi/7.3.1/../../../../arm-none-eabi/lib/thumb/v7e-m/fpv5/hard\libc_nano.a
LOAD c:/st/stm32cubeide_1.4.0/stm32cubeide/plugins/com.st.stm32cube.ide.mcu.externaltools.gnu-tools-for-stm32.7-2018-q2-update.win32_1.5.0.202011040924/tools/bin/../lib/gcc/arm-none-eabi/7.3.1/../../../../arm-none-eabi/lib/thumb/v7e-m/fpv5/hard\libnosys.a
END GROUP
LOAD c:/st/stm32cubeide_1.4.0/stm32cubeide/plugins/com.st.stm32cube.ide.mcu.externaltools.gnu-tools-for-stm32.7-2018-q2-update.win32_1.5.0.202011040924/tools/bin/../lib/gcc/arm-none-eabi/7.3.1/thumb/v7e-m/fpv5/hard/crtend.o
LOAD c:/st/stm32cubeide_1.4.0/stm32cubeide/plugins/com.st.stm32cube.ide.mcu.externaltools.gnu-tools-for-stm32.7-2018-q2-update.win32_1.5.0.202011040924/tools/bin/../lib/gcc/arm-none-eabi/7.3.1/thumb/v7e-m/fpv5/hard/crtn.o
                0x0000000020080000                _estack = (ORIGIN (RAM) + LENGTH (RAM))
                0x0000000000000200                _Min_Heap_Size = 0x200
                0x0000000000000400                _Min_Stack_Size = 0x400

.isr_vector     0x0000000008000000      0x1f8
                0x0000000008000000                . = ALIGN (0x4)
 *(.isr_vector)
 .isr_vector    0x0000000008000000      0x1f8 Core/Startup/startup_stm32f769nihx.o
                0x0000000008000000                g_pfnVectors
                0x00000000080001f8                . = ALIGN (0x4)

.text           0x0000000008000200    0x139b8
                0x0000000008000200                . = ALIGN (0x4)
 *(.text)
 .text          0x0000000008000200       0x40 c:/st/stm32cubeide_1.4.0/stm32cubeide/plugins/com.st.stm32cube.ide.mcu.externaltools.gnu-tools-for-stm32.7-2018-q2-update.win32_1.5.0.202011040924/tools/bin/../lib/gcc/arm-none-eabi/7.3.1/thumb/v7e-m/fpv5/hard/crtbegin.o
 .text          0x0000000008000240       0x14 c:/st/stm32cubeide_1.4.0/stm32cubeide/plugins/com.st.stm32cube.ide.mcu.externaltools.gnu-tools-for-stm32.7-2018-q2-update.win32_1.5.0.202011040924/tools/bin/../lib/gcc/arm-none-eabi/7.3.1/../../../../arm-none-eabi/lib/thumb/v7e-m/fpv5/hard\libc_nano.a(lib_a-strcmp.o)
                0x0000000008000240                strcmp
 .text          0x0000000008000254       0x10 c:/st/stm32cubeide_1.4.0/stm32cubeide/plugins/com.st.stm32cube.ide.mcu.externaltools.gnu-tools-for-stm32.7-2018-q2-update.win32_1.5.0.202011040924/tools/bin/../lib/gcc/arm-none-eabi/7.3.1/../../../../arm-none-eabi/lib/thumb/v7e-m/fpv5/hard\libc_nano.a(lib_a-strlen.o)
                0x0000000008000254                strlen
 *fill*         0x0000000008000264        0xc 
 .text          0x0000000008000270       0xa0 c:/st/stm32cubeide_1.4.0/stm32cubeide/plugins/com.st.stm32cube.ide.mcu.externaltools.gnu-tools-for-stm32.7-2018-q2-update.win32_1.5.0.202011040924/tools/bin/../lib/gcc/arm-none-eabi/7.3.1/../../../../arm-none-eabi/lib/thumb/v7e-m/fpv5/hard\libc_nano.a(lib_a-memchr.o)
                0x0000000008000270                memchr
 .text          0x0000000008000310       0x30 c:/st/stm32cubeide_1.4.0/stm32cubeide/plugins/com.st.stm32cube.ide.mcu.externaltools.gnu-tools-for-stm32.7-2018-q2-update.win32_1.5.0.202011040924/tools/bin/../lib/gcc/arm-none-eabi/7.3.1/thumb/v7e-m/fpv5/hard\libgcc.a(_aeabi_uldivmod.o)
                0x0000000008000310                __aeabi_uldivmod
 .text          0x0000000008000340      0x2cc c:/st/stm32cubeide_1.4.0/stm32cubeide/plugins/com.st.stm32cube.ide.mcu.externaltools.gnu-tools-for-stm32.7-2018-q2-update.win32_1.5.0.202011040924/tools/bin/../lib/gcc/arm-none-eabi/7.3.1/thumb/v7e-m/fpv5/hard\libgcc.a(_udivmoddi4.o)
                0x0000000008000340                __udivmoddi4
 .text          0x000000000800060c        0x4 c:/st/stm32cubeide_1.4.0/stm32cubeide/plugins/com.st.stm32cube.ide.mcu.externaltools.gnu-tools-for-stm32.7-2018-q2-update.win32_1.5.0.202011040924/tools/bin/../lib/gcc/arm-none-eabi/7.3.1/thumb/v7e-m/fpv5/hard\libgcc.a(_dvmd_tls.o)
                0x000000000800060c                __aeabi_idiv0
                0x000000000800060c                __aeabi_ldiv0
 *(.text*)
 .text.HAL_ETH_MspInit
                0x0000000008000610      0x180 Core/Src/eth.o
                0x0000000008000610                HAL_ETH_MspInit
 .text.MX_GPIO_Init
                0x0000000008000790      0x110 Core/Src/gpio.o
                0x0000000008000790                MX_GPIO_Init
 .text.pcApplicationHostnameHook
                0x00000000080008a0       0x14 Core/Src/main.o
                0x00000000080008a0                pcApplicationHostnameHook
 .text.prvSRand
                0x00000000080008b4       0x20 Core/Src/main.o
 .text.uxRand   0x00000000080008d4       0x78 Core/Src/main.o
                0x00000000080008d4                uxRand
 .text.vLoggingPrintf
                0x000000000800094c       0x12 Core/Src/main.o
                0x000000000800094c                vLoggingPrintf
 *fill*         0x000000000800095e        0x2 
 .text.xApplicationDNSQueryHook
                0x0000000008000960       0x48 Core/Src/main.o
                0x0000000008000960                xApplicationDNSQueryHook
 .text.xApplicationGetRandomNumber
                0x00000000080009a8       0x1c Core/Src/main.o
                0x00000000080009a8                xApplicationGetRandomNumber
 .text.ulApplicationGetNextSequenceNumber
                0x00000000080009c4       0x24 Core/Src/main.o
                0x00000000080009c4                ulApplicationGetNextSequenceNumber
 .text.vUDPSendUsingStandardInterface
                0x00000000080009e8       0xa8 Core/Src/main.o
 .text.vUDPReceivingUsingStandardInterface
                0x0000000008000a90      0x150 Core/Src/main.o
 .text.vApplicationIPNetworkEventHook
                0x0000000008000be0       0x84 Core/Src/main.o
                0x0000000008000be0                vApplicationIPNetworkEventHook
 .text.vAssertCalled
                0x0000000008000c64       0x28 Core/Src/main.o
                0x0000000008000c64                vAssertCalled
 .text.main     0x0000000008000c8c       0x44 Core/Src/main.o
                0x0000000008000c8c                main
 .text.SystemClock_Config
                0x0000000008000cd0      0x128 Core/Src/main.o
                0x0000000008000cd0                SystemClock_Config
 .text.HAL_TIM_PeriodElapsedCallback
                0x0000000008000df8       0x24 Core/Src/main.o
                0x0000000008000df8                HAL_TIM_PeriodElapsedCallback
 .text.Error_Handler
                0x0000000008000e1c        0x8 Core/Src/main.o
                0x0000000008000e1c                Error_Handler
 .text.MX_RNG_Init
                0x0000000008000e24       0x28 Core/Src/rng.o
                0x0000000008000e24                MX_RNG_Init
 .text.HAL_RNG_MspInit
                0x0000000008000e4c       0x4c Core/Src/rng.o
                0x0000000008000e4c                HAL_RNG_MspInit
 .text.HAL_MspInit
                0x0000000008000e98       0x48 Core/Src/stm32f7xx_hal_msp.o
                0x0000000008000e98                HAL_MspInit
 .text.HAL_InitTick
                0x0000000008000ee0       0xb0 Core/Src/stm32f7xx_hal_timebase_tim.o
                0x0000000008000ee0                HAL_InitTick
 .text.NMI_Handler
                0x0000000008000f90        0x6 Core/Src/stm32f7xx_it.o
                0x0000000008000f90                NMI_Handler
 .text.HardFault_Handler
                0x0000000008000f96        0x6 Core/Src/stm32f7xx_it.o
                0x0000000008000f96                HardFault_Handler
 .text.MemManage_Handler
                0x0000000008000f9c        0x6 Core/Src/stm32f7xx_it.o
                0x0000000008000f9c                MemManage_Handler
 .text.BusFault_Handler
                0x0000000008000fa2        0x6 Core/Src/stm32f7xx_it.o
                0x0000000008000fa2                BusFault_Handler
 .text.UsageFault_Handler
                0x0000000008000fa8        0x6 Core/Src/stm32f7xx_it.o
                0x0000000008000fa8                UsageFault_Handler
 .text.DebugMon_Handler
                0x0000000008000fae        0xe Core/Src/stm32f7xx_it.o
                0x0000000008000fae                DebugMon_Handler
 .text.TIM6_DAC_IRQHandler
                0x0000000008000fbc       0x14 Core/Src/stm32f7xx_it.o
                0x0000000008000fbc                TIM6_DAC_IRQHandler
 .text.RNG_IRQHandler
                0x0000000008000fd0       0x14 Core/Src/stm32f7xx_it.o
                0x0000000008000fd0                RNG_IRQHandler
 .text._sbrk    0x0000000008000fe4       0x6c Core/Src/sysmem.o
                0x0000000008000fe4                _sbrk
 .text.SystemInit
                0x0000000008001050       0x2c Core/Src/system_stm32f7xx.o
                0x0000000008001050                SystemInit
 .text.MX_USART1_UART_Init
                0x000000000800107c       0x60 Core/Src/usart.o
                0x000000000800107c                MX_USART1_UART_Init
 .text.HAL_UART_MspInit
                0x00000000080010dc       0xc4 Core/Src/usart.o
                0x00000000080010dc                HAL_UART_MspInit
 .text.Reset_Handler
                0x00000000080011a0       0x50 Core/Startup/startup_stm32f769nihx.o
                0x00000000080011a0                Reset_Handler
 .text.Default_Handler
                0x00000000080011f0        0x2 Core/Startup/startup_stm32f769nihx.o
                0x00000000080011f0                RTC_Alarm_IRQHandler
                0x00000000080011f0                EXTI2_IRQHandler
                0x00000000080011f0                TIM8_CC_IRQHandler
                0x00000000080011f0                UART8_IRQHandler
                0x00000000080011f0                SPI4_IRQHandler
                0x00000000080011f0                TIM1_CC_IRQHandler
                0x00000000080011f0                DMA2_Stream5_IRQHandler
                0x00000000080011f0                JPEG_IRQHandler
                0x00000000080011f0                DMA1_Stream5_IRQHandler
                0x00000000080011f0                CAN3_RX1_IRQHandler
                0x00000000080011f0                PVD_IRQHandler
                0x00000000080011f0                TAMP_STAMP_IRQHandler
                0x00000000080011f0                CAN2_RX1_IRQHandler
                0x00000000080011f0                EXTI3_IRQHandler
                0x00000000080011f0                TIM8_TRG_COM_TIM14_IRQHandler
                0x00000000080011f0                DFSDM1_FLT1_IRQHandler
                0x00000000080011f0                TIM1_UP_TIM10_IRQHandler
                0x00000000080011f0                TIM8_UP_TIM13_IRQHandler
                0x00000000080011f0                I2C3_ER_IRQHandler
                0x00000000080011f0                DFSDM1_FLT2_IRQHandler
                0x00000000080011f0                EXTI0_IRQHandler
                0x00000000080011f0                I2C2_EV_IRQHandler
                0x00000000080011f0                DMA1_Stream2_IRQHandler
                0x00000000080011f0                CAN1_RX0_IRQHandler
                0x00000000080011f0                FPU_IRQHandler
                0x00000000080011f0                OTG_HS_WKUP_IRQHandler
                0x00000000080011f0                CAN3_SCE_IRQHandler
                0x00000000080011f0                LTDC_ER_IRQHandler
                0x00000000080011f0                CAN2_SCE_IRQHandler
                0x00000000080011f0                DMA2_Stream2_IRQHandler
                0x00000000080011f0                SPI1_IRQHandler
                0x00000000080011f0                TIM1_BRK_TIM9_IRQHandler
                0x00000000080011f0                DCMI_IRQHandler
                0x00000000080011f0                CAN2_RX0_IRQHandler
                0x00000000080011f0                DMA2_Stream3_IRQHandler
                0x00000000080011f0                SAI2_IRQHandler
                0x00000000080011f0                DFSDM1_FLT3_IRQHandler
                0x00000000080011f0                USART6_IRQHandler
                0x00000000080011f0                CAN3_RX0_IRQHandler
                0x00000000080011f0                USART3_IRQHandler
                0x00000000080011f0                CAN1_RX1_IRQHandler
                0x00000000080011f0                UART5_IRQHandler
                0x00000000080011f0                DMA2_Stream0_IRQHandler
                0x00000000080011f0                TIM4_IRQHandler
                0x00000000080011f0                QUADSPI_IRQHandler
                0x00000000080011f0                I2C1_EV_IRQHandler
                0x00000000080011f0                DMA1_Stream6_IRQHandler
                0x00000000080011f0                DMA1_Stream1_IRQHandler
                0x00000000080011f0                UART4_IRQHandler
                0x00000000080011f0                TIM3_IRQHandler
                0x00000000080011f0                RCC_IRQHandler
                0x00000000080011f0                TIM8_BRK_TIM12_IRQHandler
                0x00000000080011f0                Default_Handler
                0x00000000080011f0                CEC_IRQHandler
                0x00000000080011f0                EXTI15_10_IRQHandler
                0x00000000080011f0                ADC_IRQHandler
                0x00000000080011f0                DMA1_Stream7_IRQHandler
                0x00000000080011f0                SPI5_IRQHandler
                0x00000000080011f0                TIM7_IRQHandler
                0x00000000080011f0                SDMMC1_IRQHandler
                0x00000000080011f0                CAN2_TX_IRQHandler
                0x00000000080011f0                TIM5_IRQHandler
                0x00000000080011f0                DMA2_Stream7_IRQHandler
                0x00000000080011f0                I2C3_EV_IRQHandler
                0x00000000080011f0                EXTI9_5_IRQHandler
                0x00000000080011f0                RTC_WKUP_IRQHandler
                0x00000000080011f0                LTDC_IRQHandler
                0x00000000080011f0                ETH_WKUP_IRQHandler
                0x00000000080011f0                SPDIF_RX_IRQHandler
                0x00000000080011f0                SPI2_IRQHandler
                0x00000000080011f0                OTG_HS_EP1_IN_IRQHandler
                0x00000000080011f0                DMA1_Stream0_IRQHandler
                0x00000000080011f0                CAN1_TX_IRQHandler
                0x00000000080011f0                EXTI4_IRQHandler
                0x00000000080011f0                DSI_IRQHandler
                0x00000000080011f0                OTG_HS_EP1_OUT_IRQHandler
                0x00000000080011f0                WWDG_IRQHandler
                0x00000000080011f0                SPI6_IRQHandler
                0x00000000080011f0                MDIOS_IRQHandler
                0x00000000080011f0                I2C4_EV_IRQHandler
                0x00000000080011f0                CAN3_TX_IRQHandler
                0x00000000080011f0                TIM2_IRQHandler
                0x00000000080011f0                OTG_FS_WKUP_IRQHandler
                0x00000000080011f0                TIM1_TRG_COM_TIM11_IRQHandler
                0x00000000080011f0                OTG_HS_IRQHandler
                0x00000000080011f0                DMA2D_IRQHandler
                0x00000000080011f0                EXTI1_IRQHandler
                0x00000000080011f0                SDMMC2_IRQHandler
                0x00000000080011f0                UART7_IRQHandler
                0x00000000080011f0                USART2_IRQHandler
                0x00000000080011f0                DFSDM1_FLT0_IRQHandler
                0x00000000080011f0                I2C2_ER_IRQHandler
                0x00000000080011f0                DMA2_Stream1_IRQHandler
                0x00000000080011f0                CAN1_SCE_IRQHandler
                0x00000000080011f0                FLASH_IRQHandler
                0x00000000080011f0                DMA2_Stream4_IRQHandler
                0x00000000080011f0                USART1_IRQHandler
                0x00000000080011f0                OTG_FS_IRQHandler
                0x00000000080011f0                SPI3_IRQHandler
                0x00000000080011f0                DMA1_Stream4_IRQHandler
                0x00000000080011f0                I2C1_ER_IRQHandler
                0x00000000080011f0                FMC_IRQHandler
                0x00000000080011f0                LPTIM1_IRQHandler
                0x00000000080011f0                I2C4_ER_IRQHandler
                0x00000000080011f0                DMA2_Stream6_IRQHandler
                0x00000000080011f0                SAI1_IRQHandler
                0x00000000080011f0                DMA1_Stream3_IRQHandler
 .text.HAL_Init
                0x00000000080011f2       0x1a Drivers/STM32F7xx_HAL_Driver/Src/stm32f7xx_hal.o
                0x00000000080011f2                HAL_Init
 .text.HAL_IncTick
                0x000000000800120c       0x28 Drivers/STM32F7xx_HAL_Driver/Src/stm32f7xx_hal.o
                0x000000000800120c                HAL_IncTick
 .text.HAL_GetTick
                0x0000000008001234       0x18 Drivers/STM32F7xx_HAL_Driver/Src/stm32f7xx_hal.o
                0x0000000008001234                HAL_GetTick
 .text.__NVIC_SetPriorityGrouping
                0x000000000800124c       0x48 Drivers/STM32F7xx_HAL_Driver/Src/stm32f7xx_hal_cortex.o
 .text.__NVIC_GetPriorityGrouping
                0x0000000008001294       0x1c Drivers/STM32F7xx_HAL_Driver/Src/stm32f7xx_hal_cortex.o
 .text.__NVIC_EnableIRQ
                0x00000000080012b0       0x3c Drivers/STM32F7xx_HAL_Driver/Src/stm32f7xx_hal_cortex.o
 .text.__NVIC_SetPriority
                0x00000000080012ec       0x54 Drivers/STM32F7xx_HAL_Driver/Src/stm32f7xx_hal_cortex.o
 .text.NVIC_EncodePriority
                0x0000000008001340       0x66 Drivers/STM32F7xx_HAL_Driver/Src/stm32f7xx_hal_cortex.o
 .text.HAL_NVIC_SetPriorityGrouping
                0x00000000080013a6       0x16 Drivers/STM32F7xx_HAL_Driver/Src/stm32f7xx_hal_cortex.o
                0x00000000080013a6                HAL_NVIC_SetPriorityGrouping
 .text.HAL_NVIC_SetPriority
                0x00000000080013bc       0x38 Drivers/STM32F7xx_HAL_Driver/Src/stm32f7xx_hal_cortex.o
                0x00000000080013bc                HAL_NVIC_SetPriority
 .text.HAL_NVIC_EnableIRQ
                0x00000000080013f4       0x1c Drivers/STM32F7xx_HAL_Driver/Src/stm32f7xx_hal_cortex.o
                0x00000000080013f4                HAL_NVIC_EnableIRQ
 .text.HAL_GPIO_Init
                0x0000000008001410      0x354 Drivers/STM32F7xx_HAL_Driver/Src/stm32f7xx_hal_gpio.o
                0x0000000008001410                HAL_GPIO_Init
 .text.HAL_GPIO_ReadPin
                0x0000000008001764       0x30 Drivers/STM32F7xx_HAL_Driver/Src/stm32f7xx_hal_gpio.o
                0x0000000008001764                HAL_GPIO_ReadPin
 .text.HAL_GPIO_WritePin
                0x0000000008001794       0x32 Drivers/STM32F7xx_HAL_Driver/Src/stm32f7xx_hal_gpio.o
                0x0000000008001794                HAL_GPIO_WritePin
 *fill*         0x00000000080017c6        0x2 
 .text.HAL_PWREx_EnableOverDrive
                0x00000000080017c8       0xa0 Drivers/STM32F7xx_HAL_Driver/Src/stm32f7xx_hal_pwr_ex.o
                0x00000000080017c8                HAL_PWREx_EnableOverDrive
 .text.HAL_RCC_OscConfig
                0x0000000008001868      0x55c Drivers/STM32F7xx_HAL_Driver/Src/stm32f7xx_hal_rcc.o
                0x0000000008001868                HAL_RCC_OscConfig
 .text.HAL_RCC_ClockConfig
                0x0000000008001dc4      0x1d8 Drivers/STM32F7xx_HAL_Driver/Src/stm32f7xx_hal_rcc.o
                0x0000000008001dc4                HAL_RCC_ClockConfig
 .text.HAL_RCC_GetSysClockFreq
                0x0000000008001f9c      0x164 Drivers/STM32F7xx_HAL_Driver/Src/stm32f7xx_hal_rcc.o
                0x0000000008001f9c                HAL_RCC_GetSysClockFreq
 .text.HAL_RCC_GetHCLKFreq
                0x0000000008002100       0x18 Drivers/STM32F7xx_HAL_Driver/Src/stm32f7xx_hal_rcc.o
                0x0000000008002100                HAL_RCC_GetHCLKFreq
 .text.HAL_RCC_GetPCLK1Freq
                0x0000000008002118       0x28 Drivers/STM32F7xx_HAL_Driver/Src/stm32f7xx_hal_rcc.o
                0x0000000008002118                HAL_RCC_GetPCLK1Freq
 .text.HAL_RCC_GetPCLK2Freq
                0x0000000008002140       0x28 Drivers/STM32F7xx_HAL_Driver/Src/stm32f7xx_hal_rcc.o
                0x0000000008002140                HAL_RCC_GetPCLK2Freq
 .text.HAL_RCC_GetClockConfig
                0x0000000008002168       0x64 Drivers/STM32F7xx_HAL_Driver/Src/stm32f7xx_hal_rcc.o
                0x0000000008002168                HAL_RCC_GetClockConfig
 .text.HAL_RCCEx_PeriphCLKConfig
                0x00000000080021cc      0x84c Drivers/STM32F7xx_HAL_Driver/Src/stm32f7xx_hal_rcc_ex.o
                0x00000000080021cc                HAL_RCCEx_PeriphCLKConfig
 .text.HAL_RNG_Init
                0x0000000008002a18       0x54 Drivers/STM32F7xx_HAL_Driver/Src/stm32f7xx_hal_rng.o
                0x0000000008002a18                HAL_RNG_Init
 .text.HAL_RNG_GenerateRandomNumber
                0x0000000008002a6c       0x9e Drivers/STM32F7xx_HAL_Driver/Src/stm32f7xx_hal_rng.o
                0x0000000008002a6c                HAL_RNG_GenerateRandomNumber
 .text.HAL_RNG_IRQHandler
                0x0000000008002b0a       0xac Drivers/STM32F7xx_HAL_Driver/Src/stm32f7xx_hal_rng.o
                0x0000000008002b0a                HAL_RNG_IRQHandler
 .text.HAL_RNG_ReadyDataCallback
                0x0000000008002bb6       0x16 Drivers/STM32F7xx_HAL_Driver/Src/stm32f7xx_hal_rng.o
                0x0000000008002bb6                HAL_RNG_ReadyDataCallback
 .text.HAL_RNG_ErrorCallback
                0x0000000008002bcc       0x14 Drivers/STM32F7xx_HAL_Driver/Src/stm32f7xx_hal_rng.o
                0x0000000008002bcc                HAL_RNG_ErrorCallback
 .text.HAL_TIM_Base_Init
                0x0000000008002be0       0x56 Drivers/STM32F7xx_HAL_Driver/Src/stm32f7xx_hal_tim.o
                0x0000000008002be0                HAL_TIM_Base_Init
 .text.HAL_TIM_Base_MspInit
                0x0000000008002c36       0x14 Drivers/STM32F7xx_HAL_Driver/Src/stm32f7xx_hal_tim.o
                0x0000000008002c36                HAL_TIM_Base_MspInit
 *fill*         0x0000000008002c4a        0x2 
 .text.HAL_TIM_Base_Start_IT
                0x0000000008002c4c       0x54 Drivers/STM32F7xx_HAL_Driver/Src/stm32f7xx_hal_tim.o
                0x0000000008002c4c                HAL_TIM_Base_Start_IT
 .text.HAL_TIM_IRQHandler
                0x0000000008002ca0      0x23e Drivers/STM32F7xx_HAL_Driver/Src/stm32f7xx_hal_tim.o
                0x0000000008002ca0                HAL_TIM_IRQHandler
 .text.HAL_TIM_OC_DelayElapsedCallback
                0x0000000008002ede       0x14 Drivers/STM32F7xx_HAL_Driver/Src/stm32f7xx_hal_tim.o
                0x0000000008002ede                HAL_TIM_OC_DelayElapsedCallback
 .text.HAL_TIM_IC_CaptureCallback
                0x0000000008002ef2       0x14 Drivers/STM32F7xx_HAL_Driver/Src/stm32f7xx_hal_tim.o
                0x0000000008002ef2                HAL_TIM_IC_CaptureCallback
 .text.HAL_TIM_PWM_PulseFinishedCallback
                0x0000000008002f06       0x14 Drivers/STM32F7xx_HAL_Driver/Src/stm32f7xx_hal_tim.o
                0x0000000008002f06                HAL_TIM_PWM_PulseFinishedCallback
 .text.HAL_TIM_TriggerCallback
                0x0000000008002f1a       0x14 Drivers/STM32F7xx_HAL_Driver/Src/stm32f7xx_hal_tim.o
                0x0000000008002f1a                HAL_TIM_TriggerCallback
 *fill*         0x0000000008002f2e        0x2 
 .text.TIM_Base_SetConfig
                0x0000000008002f30      0x140 Drivers/STM32F7xx_HAL_Driver/Src/stm32f7xx_hal_tim.o
                0x0000000008002f30                TIM_Base_SetConfig
 .text.HAL_TIMEx_CommutCallback
                0x0000000008003070       0x14 Drivers/STM32F7xx_HAL_Driver/Src/stm32f7xx_hal_tim_ex.o
                0x0000000008003070                HAL_TIMEx_CommutCallback
 .text.HAL_TIMEx_BreakCallback
                0x0000000008003084       0x14 Drivers/STM32F7xx_HAL_Driver/Src/stm32f7xx_hal_tim_ex.o
                0x0000000008003084                HAL_TIMEx_BreakCallback
 .text.HAL_TIMEx_Break2Callback
                0x0000000008003098       0x14 Drivers/STM32F7xx_HAL_Driver/Src/stm32f7xx_hal_tim_ex.o
                0x0000000008003098                HAL_TIMEx_Break2Callback
 .text.HAL_UART_Init
                0x00000000080030ac       0x9c Drivers/STM32F7xx_HAL_Driver/Src/stm32f7xx_hal_uart.o
                0x00000000080030ac                HAL_UART_Init
 .text.UART_SetConfig
                0x0000000008003148      0x554 Drivers/STM32F7xx_HAL_Driver/Src/stm32f7xx_hal_uart.o
                0x0000000008003148                UART_SetConfig
 .text.UART_AdvFeatureConfig
                0x000000000800369c      0x144 Drivers/STM32F7xx_HAL_Driver/Src/stm32f7xx_hal_uart.o
                0x000000000800369c                UART_AdvFeatureConfig
 .text.UART_CheckIdleState
                0x00000000080037e0       0x8a Drivers/STM32F7xx_HAL_Driver/Src/stm32f7xx_hal_uart.o
                0x00000000080037e0                UART_CheckIdleState
 .text.UART_WaitOnFlagUntilTimeout
                0x000000000800386a       0xf6 Drivers/STM32F7xx_HAL_Driver/Src/stm32f7xx_hal_uart.o
                0x000000000800386a                UART_WaitOnFlagUntilTimeout
 .text.HAL_ETH_Init
                0x0000000008003960      0x154 Drivers/STM32F7xx_HAL_Driver/Src/stm32fxx_hal_eth.o
                0x0000000008003960                HAL_ETH_Init
 .text.HAL_ETH_IRQHandler
                0x0000000008003ab4       0x64 Drivers/STM32F7xx_HAL_Driver/Src/stm32fxx_hal_eth.o
                0x0000000008003ab4                HAL_ETH_IRQHandler
 .text.HAL_ETH_ErrorCallback
                0x0000000008003b18       0x14 Drivers/STM32F7xx_HAL_Driver/Src/stm32fxx_hal_eth.o
                0x0000000008003b18                HAL_ETH_ErrorCallback
 .text.HAL_ETH_ReadPHYRegister
                0x0000000008003b2c       0xe0 Drivers/STM32F7xx_HAL_Driver/Src/stm32fxx_hal_eth.o
                0x0000000008003b2c                HAL_ETH_ReadPHYRegister
 .text.HAL_ETH_WritePHYRegister
                0x0000000008003c0c       0xe0 Drivers/STM32F7xx_HAL_Driver/Src/stm32fxx_hal_eth.o
                0x0000000008003c0c                HAL_ETH_WritePHYRegister
 .text.HAL_ETH_Start
                0x0000000008003cec       0x5e Drivers/STM32F7xx_HAL_Driver/Src/stm32fxx_hal_eth.o
                0x0000000008003cec                HAL_ETH_Start
 .text.HAL_ETH_Stop
                0x0000000008003d4a       0x5e Drivers/STM32F7xx_HAL_Driver/Src/stm32fxx_hal_eth.o
                0x0000000008003d4a                HAL_ETH_Stop
 .text.vRegisterDelay
                0x0000000008003da8       0x50 Drivers/STM32F7xx_HAL_Driver/Src/stm32fxx_hal_eth.o
 .text.prvWriteMACFCR
                0x0000000008003df8       0x2c Drivers/STM32F7xx_HAL_Driver/Src/stm32fxx_hal_eth.o
 .text.prvWriteDMAOMR
                0x0000000008003e24       0x3e Drivers/STM32F7xx_HAL_Driver/Src/stm32fxx_hal_eth.o
 .text.prvWriteMACCR
                0x0000000008003e62       0x2c Drivers/STM32F7xx_HAL_Driver/Src/stm32fxx_hal_eth.o
 *fill*         0x0000000008003e8e        0x2 
 .text.HAL_ETH_ConfigMAC
                0x0000000008003e90      0x1ac Drivers/STM32F7xx_HAL_Driver/Src/stm32fxx_hal_eth.o
                0x0000000008003e90                HAL_ETH_ConfigMAC
 .text.ETH_MACDMAConfig
                0x000000000800403c      0x32c Drivers/STM32F7xx_HAL_Driver/Src/stm32fxx_hal_eth.o
 .text.ETH_MACAddressConfig
                0x0000000008004368       0x74 Drivers/STM32F7xx_HAL_Driver/Src/stm32fxx_hal_eth.o
 .text.ETH_MACTransmissionEnable
                0x00000000080043dc       0x24 Drivers/STM32F7xx_HAL_Driver/Src/stm32fxx_hal_eth.o
 .text.ETH_MACTransmissionDisable
                0x0000000008004400       0x24 Drivers/STM32F7xx_HAL_Driver/Src/stm32fxx_hal_eth.o
 .text.ETH_MACReceptionEnable
                0x0000000008004424       0x26 Drivers/STM32F7xx_HAL_Driver/Src/stm32fxx_hal_eth.o
 .text.ETH_MACReceptionDisable
                0x000000000800444a       0x26 Drivers/STM32F7xx_HAL_Driver/Src/stm32fxx_hal_eth.o
 .text.ETH_DMATransmissionEnable
                0x0000000008004470       0x2c Drivers/STM32F7xx_HAL_Driver/Src/stm32fxx_hal_eth.o
 .text.ETH_DMATransmissionDisable
                0x000000000800449c       0x2c Drivers/STM32F7xx_HAL_Driver/Src/stm32fxx_hal_eth.o
 .text.ETH_DMAReceptionEnable
                0x00000000080044c8       0x2c Drivers/STM32F7xx_HAL_Driver/Src/stm32fxx_hal_eth.o
 .text.ETH_DMAReceptionDisable
                0x00000000080044f4       0x2c Drivers/STM32F7xx_HAL_Driver/Src/stm32fxx_hal_eth.o
 .text.ETH_FlushTransmitFIFO
                0x0000000008004520       0x2c Drivers/STM32F7xx_HAL_Driver/Src/stm32fxx_hal_eth.o
 .text.xEventGroupCreate
                0x000000000800454c       0x2e Middlewares/FreeRTOS/Src/event_groups.o
                0x000000000800454c                xEventGroupCreate
 *fill*         0x000000000800457a        0x2 
 .text.xEventGroupWaitBits
                0x000000000800457c      0x170 Middlewares/FreeRTOS/Src/event_groups.o
                0x000000000800457c                xEventGroupWaitBits
 .text.xEventGroupClearBits
                0x00000000080046ec       0x5c Middlewares/FreeRTOS/Src/event_groups.o
                0x00000000080046ec                xEventGroupClearBits
 .text.xEventGroupSetBits
                0x0000000008004748      0x104 Middlewares/FreeRTOS/Src/event_groups.o
                0x0000000008004748                xEventGroupSetBits
 .text.vEventGroupDelete
                0x000000000800484c       0x5c Middlewares/FreeRTOS/Src/event_groups.o
                0x000000000800484c                vEventGroupDelete
 .text.prvTestWaitCondition
                0x00000000080048a8       0x44 Middlewares/FreeRTOS/Src/event_groups.o
 .text.vListInitialise
                0x00000000080048ec       0x40 Middlewares/FreeRTOS/Src/list.o
                0x00000000080048ec                vListInitialise
 .text.vListInitialiseItem
                0x000000000800492c       0x1a Middlewares/FreeRTOS/Src/list.o
                0x000000000800492c                vListInitialiseItem
 .text.vListInsertEnd
                0x0000000008004946       0x48 Middlewares/FreeRTOS/Src/list.o
                0x0000000008004946                vListInsertEnd
 .text.vListInsert
                0x000000000800498e       0x72 Middlewares/FreeRTOS/Src/list.o
                0x000000000800498e                vListInsert
 .text.uxListRemove
                0x0000000008004a00       0x54 Middlewares/FreeRTOS/Src/list.o
                0x0000000008004a00                uxListRemove
 .text.xQueueGenericReset
                0x0000000008004a54       0xc8 Middlewares/FreeRTOS/Src/queue.o
                0x0000000008004a54                xQueueGenericReset
 .text.xQueueGenericCreate
                0x0000000008004b1c       0x8c Middlewares/FreeRTOS/Src/queue.o
                0x0000000008004b1c                xQueueGenericCreate
 .text.prvInitialiseNewQueue
                0x0000000008004ba8       0x4c Middlewares/FreeRTOS/Src/queue.o
 .text.xQueueCreateCountingSemaphore
                0x0000000008004bf4       0x54 Middlewares/FreeRTOS/Src/queue.o
                0x0000000008004bf4                xQueueCreateCountingSemaphore
 .text.xQueueGenericSend
                0x0000000008004c48      0x208 Middlewares/FreeRTOS/Src/queue.o
                0x0000000008004c48                xQueueGenericSend
 .text.xQueueGenericSendFromISR
                0x0000000008004e50      0x158 Middlewares/FreeRTOS/Src/queue.o
                0x0000000008004e50                xQueueGenericSendFromISR
 .text.xQueueReceive
                0x0000000008004fa8      0x1a0 Middlewares/FreeRTOS/Src/queue.o
                0x0000000008004fa8                xQueueReceive
 .text.xQueueSemaphoreTake
                0x0000000008005148      0x1ec Middlewares/FreeRTOS/Src/queue.o
                0x0000000008005148                xQueueSemaphoreTake
 .text.uxQueueMessagesWaiting
                0x0000000008005334       0x34 Middlewares/FreeRTOS/Src/queue.o
                0x0000000008005334                uxQueueMessagesWaiting
 .text.vQueueDelete
                0x0000000008005368       0x34 Middlewares/FreeRTOS/Src/queue.o
                0x0000000008005368                vQueueDelete
 .text.prvGetDisinheritPriorityAfterTimeout
                0x000000000800539c       0x30 Middlewares/FreeRTOS/Src/queue.o
 .text.prvCopyDataToQueue
                0x00000000080053cc       0xd4 Middlewares/FreeRTOS/Src/queue.o
 .text.prvCopyDataFromQueue
                0x00000000080054a0       0x4c Middlewares/FreeRTOS/Src/queue.o
 .text.prvUnlockQueue
                0x00000000080054ec       0xbe Middlewares/FreeRTOS/Src/queue.o
 .text.prvIsQueueEmpty
                0x00000000080055aa       0x2c Middlewares/FreeRTOS/Src/queue.o
 .text.prvIsQueueFull
                0x00000000080055d6       0x30 Middlewares/FreeRTOS/Src/queue.o
 *fill*         0x0000000008005606        0x2 
 .text.vQueueAddToRegistry
                0x0000000008005608       0x50 Middlewares/FreeRTOS/Src/queue.o
                0x0000000008005608                vQueueAddToRegistry
 .text.vQueueUnregisterQueue
                0x0000000008005658       0x54 Middlewares/FreeRTOS/Src/queue.o
                0x0000000008005658                vQueueUnregisterQueue
 .text.vQueueWaitForMessageRestricted
                0x00000000080056ac       0x68 Middlewares/FreeRTOS/Src/queue.o
                0x00000000080056ac                vQueueWaitForMessageRestricted
 .text.prvNotifyQueueSetContainer
                0x0000000008005714       0xb0 Middlewares/FreeRTOS/Src/queue.o
 .text.xTaskCreate
                0x00000000080057c4       0x82 Middlewares/FreeRTOS/Src/tasks.o
                0x00000000080057c4                xTaskCreate
 *fill*         0x0000000008005846        0x2 
 .text.prvInitialiseNewTask
                0x0000000008005848      0x124 Middlewares/FreeRTOS/Src/tasks.o
 .text.prvAddNewTaskToReadyList
                0x000000000800596c       0xdc Middlewares/FreeRTOS/Src/tasks.o
 .text.vTaskDelay
                0x0000000008005a48       0x60 Middlewares/FreeRTOS/Src/tasks.o
                0x0000000008005a48                vTaskDelay
 .text.vTaskStartScheduler
                0x0000000008005aa8       0x9c Middlewares/FreeRTOS/Src/tasks.o
                0x0000000008005aa8                vTaskStartScheduler
 .text.vTaskSuspendAll
                0x0000000008005b44       0x1c Middlewares/FreeRTOS/Src/tasks.o
                0x0000000008005b44                vTaskSuspendAll
 .text.xTaskResumeAll
                0x0000000008005b60      0x130 Middlewares/FreeRTOS/Src/tasks.o
                0x0000000008005b60                xTaskResumeAll
 .text.xTaskGetTickCount
                0x0000000008005c90       0x20 Middlewares/FreeRTOS/Src/tasks.o
                0x0000000008005c90                xTaskGetTickCount
 .text.xTaskIncrementTick
                0x0000000008005cb0      0x168 Middlewares/FreeRTOS/Src/tasks.o
                0x0000000008005cb0                xTaskIncrementTick
 .text.vTaskSwitchContext
                0x0000000008005e18       0xac Middlewares/FreeRTOS/Src/tasks.o
                0x0000000008005e18                vTaskSwitchContext
 .text.vTaskPlaceOnEventList
                0x0000000008005ec4       0x40 Middlewares/FreeRTOS/Src/tasks.o
                0x0000000008005ec4                vTaskPlaceOnEventList
 .text.vTaskPlaceOnUnorderedEventList
                0x0000000008005f04       0x64 Middlewares/FreeRTOS/Src/tasks.o
                0x0000000008005f04                vTaskPlaceOnUnorderedEventList
 .text.vTaskPlaceOnEventListRestricted
                0x0000000008005f68       0x50 Middlewares/FreeRTOS/Src/tasks.o
                0x0000000008005f68                vTaskPlaceOnEventListRestricted
 .text.xTaskRemoveFromEventList
                0x0000000008005fb8       0xbc Middlewares/FreeRTOS/Src/tasks.o
                0x0000000008005fb8                xTaskRemoveFromEventList
 .text.vTaskRemoveFromUnorderedEventList
                0x0000000008006074       0xb0 Middlewares/FreeRTOS/Src/tasks.o
                0x0000000008006074                vTaskRemoveFromUnorderedEventList
 .text.vTaskSetTimeOutState
                0x0000000008006124       0x44 Middlewares/FreeRTOS/Src/tasks.o
                0x0000000008006124                vTaskSetTimeOutState
 .text.vTaskInternalSetTimeOutState
                0x0000000008006168       0x2c Middlewares/FreeRTOS/Src/tasks.o
                0x0000000008006168                vTaskInternalSetTimeOutState
 .text.xTaskCheckForTimeOut
                0x0000000008006194       0xb8 Middlewares/FreeRTOS/Src/tasks.o
                0x0000000008006194                xTaskCheckForTimeOut
 .text.vTaskMissedYield
                0x000000000800624c       0x18 Middlewares/FreeRTOS/Src/tasks.o
                0x000000000800624c                vTaskMissedYield
 .text.prvIdleTask
                0x0000000008006264       0x30 Middlewares/FreeRTOS/Src/tasks.o
 .text.prvInitialiseTaskLists
                0x0000000008006294       0x80 Middlewares/FreeRTOS/Src/tasks.o
 .text.prvCheckTasksWaitingTermination
                0x0000000008006314       0x58 Middlewares/FreeRTOS/Src/tasks.o
 .text.prvDeleteTCB
                0x000000000800636c       0x20 Middlewares/FreeRTOS/Src/tasks.o
 .text.prvResetNextTaskUnblockTime
                0x000000000800638c       0x38 Middlewares/FreeRTOS/Src/tasks.o
 .text.xTaskGetCurrentTaskHandle
                0x00000000080063c4       0x20 Middlewares/FreeRTOS/Src/tasks.o
                0x00000000080063c4                xTaskGetCurrentTaskHandle
 .text.xTaskGetSchedulerState
                0x00000000080063e4       0x3c Middlewares/FreeRTOS/Src/tasks.o
                0x00000000080063e4                xTaskGetSchedulerState
 .text.xTaskPriorityInherit
                0x0000000008006420       0xec Middlewares/FreeRTOS/Src/tasks.o
                0x0000000008006420                xTaskPriorityInherit
 .text.xTaskPriorityDisinherit
                0x000000000800650c       0xe0 Middlewares/FreeRTOS/Src/tasks.o
                0x000000000800650c                xTaskPriorityDisinherit
 .text.vTaskPriorityDisinheritAfterTimeout
                0x00000000080065ec      0x108 Middlewares/FreeRTOS/Src/tasks.o
                0x00000000080065ec                vTaskPriorityDisinheritAfterTimeout
 .text.uxTaskResetEventItemValue
                0x00000000080066f4       0x30 Middlewares/FreeRTOS/Src/tasks.o
                0x00000000080066f4                uxTaskResetEventItemValue
 .text.pvTaskIncrementMutexHeldCount
                0x0000000008006724       0x28 Middlewares/FreeRTOS/Src/tasks.o
                0x0000000008006724                pvTaskIncrementMutexHeldCount
 .text.ulTaskGenericNotifyTake
                0x000000000800674c       0xc8 Middlewares/FreeRTOS/Src/tasks.o
                0x000000000800674c                ulTaskGenericNotifyTake
 .text.vTaskGenericNotifyGiveFromISR
                0x0000000008006814      0x138 Middlewares/FreeRTOS/Src/tasks.o
                0x0000000008006814                vTaskGenericNotifyGiveFromISR
 .text.prvAddCurrentTaskToDelayedList
                0x000000000800694c       0xcc Middlewares/FreeRTOS/Src/tasks.o
 .text.xTimerCreateTimerTask
                0x0000000008006a18       0x5c Middlewares/FreeRTOS/Src/timers.o
                0x0000000008006a18                xTimerCreateTimerTask
 .text.xTimerGenericCommand
                0x0000000008006a74       0x94 Middlewares/FreeRTOS/Src/timers.o
                0x0000000008006a74                xTimerGenericCommand
 .text.prvProcessExpiredTimer
                0x0000000008006b08       0x94 Middlewares/FreeRTOS/Src/timers.o
 .text.prvTimerTask
                0x0000000008006b9c       0x24 Middlewares/FreeRTOS/Src/timers.o
 .text.prvProcessTimerOrBlockTask
                0x0000000008006bc0       0x9c Middlewares/FreeRTOS/Src/timers.o
 .text.prvGetNextExpireTime
                0x0000000008006c5c       0x48 Middlewares/FreeRTOS/Src/timers.o
 .text.prvSampleTimeNow
                0x0000000008006ca4       0x40 Middlewares/FreeRTOS/Src/timers.o
 .text.prvInsertTimerInActiveList
                0x0000000008006ce4       0x84 Middlewares/FreeRTOS/Src/timers.o
 .text.prvProcessReceivedCommands
                0x0000000008006d68      0x1a4 Middlewares/FreeRTOS/Src/timers.o
 .text.prvSwitchTimerLists
                0x0000000008006f0c       0xc0 Middlewares/FreeRTOS/Src/timers.o
 .text.prvCheckForValidListAndQueue
                0x0000000008006fcc       0x6c Middlewares/FreeRTOS/Src/timers.o
 .text.pvPortMalloc
                0x0000000008007038      0x174 Middlewares/FreeRTOS/Src/portable/MemMang/heap_4.o
                0x0000000008007038                pvPortMalloc
 .text.vPortFree
                0x00000000080071ac       0xb0 Middlewares/FreeRTOS/Src/portable/MemMang/heap_4.o
                0x00000000080071ac                vPortFree
 .text.prvHeapInit
                0x000000000800725c       0xc4 Middlewares/FreeRTOS/Src/portable/MemMang/heap_4.o
 .text.prvInsertBlockIntoFreeList
                0x0000000008007320       0xb4 Middlewares/FreeRTOS/Src/portable/MemMang/heap_4.o
 .text.pxPortInitialiseStack
                0x00000000080073d4       0x68 Middlewares/FreeRTOS/Src/portable/port/port.o
                0x00000000080073d4                pxPortInitialiseStack
 .text.prvTaskExitError
                0x000000000800743c       0x4c Middlewares/FreeRTOS/Src/portable/port/port.o
 *fill*         0x0000000008007488        0x8 
 .text.SVC_Handler
                0x0000000008007490       0x28 Middlewares/FreeRTOS/Src/portable/port/port.o
                0x0000000008007490                SVC_Handler
 .text.prvPortStartFirstTask
                0x00000000080074b8       0x2c Middlewares/FreeRTOS/Src/portable/port/port.o
 .text.xPortStartScheduler
                0x00000000080074e4      0x104 Middlewares/FreeRTOS/Src/portable/port/port.o
                0x00000000080074e4                xPortStartScheduler
 .text.vPortEnterCritical
                0x00000000080075e8       0x58 Middlewares/FreeRTOS/Src/portable/port/port.o
                0x00000000080075e8                vPortEnterCritical
 .text.vPortExitCritical
                0x0000000008007640       0x44 Middlewares/FreeRTOS/Src/portable/port/port.o
                0x0000000008007640                vPortExitCritical
 *fill*         0x0000000008007684        0xc 
 .text.PendSV_Handler
                0x0000000008007690       0x68 Middlewares/FreeRTOS/Src/portable/port/port.o
                0x0000000008007690                PendSV_Handler
 .text.SysTick_Handler
                0x00000000080076f8       0x44 Middlewares/FreeRTOS/Src/portable/port/port.o
                0x00000000080076f8                SysTick_Handler
 .text.vPortSetupTimerInterrupt
                0x000000000800773c       0x48 Middlewares/FreeRTOS/Src/portable/port/port.o
                0x000000000800773c                vPortSetupTimerInterrupt
 .text.vPortEnableVFP
                0x0000000008007784       0x18 Middlewares/FreeRTOS/Src/portable/port/port.o
 .text.vPortValidateInterruptPriority
                0x000000000800779c       0x68 Middlewares/FreeRTOS/Src/portable/port/port.o
                0x000000000800779c                vPortValidateInterruptPriority
 .text.vCastPointerTo_ARPPacket_t
                0x0000000008007804       0x16 Middlewares/FreeRTOS-TCP/Src/FreeRTOS_ARP.o
 *fill*         0x000000000800781a        0x2 
 .text.eARPProcessPacket
                0x000000000800781c      0x124 Middlewares/FreeRTOS-TCP/Src/FreeRTOS_ARP.o
                0x000000000800781c                eARPProcessPacket
 .text.vARPRefreshCacheEntry
                0x0000000008007940      0x1f0 Middlewares/FreeRTOS-TCP/Src/FreeRTOS_ARP.o
                0x0000000008007940                vARPRefreshCacheEntry
 .text.eARPGetCacheEntry
                0x0000000008007b30       0xf4 Middlewares/FreeRTOS-TCP/Src/FreeRTOS_ARP.o
                0x0000000008007b30                eARPGetCacheEntry
 .text.prvCacheLookup
                0x0000000008007c24       0x80 Middlewares/FreeRTOS-TCP/Src/FreeRTOS_ARP.o
 .text.vARPAgeCache
                0x0000000008007ca4      0x11c Middlewares/FreeRTOS-TCP/Src/FreeRTOS_ARP.o
                0x0000000008007ca4                vARPAgeCache
 .text.FreeRTOS_OutputARPRequest
                0x0000000008007dc0       0x90 Middlewares/FreeRTOS-TCP/Src/FreeRTOS_ARP.o
                0x0000000008007dc0                FreeRTOS_OutputARPRequest
 .text.vARPGenerateRequestPacket
                0x0000000008007e50       0xac Middlewares/FreeRTOS-TCP/Src/FreeRTOS_ARP.o
                0x0000000008007e50                vARPGenerateRequestPacket
 .text.FreeRTOS_ClearARP
                0x0000000008007efc       0x18 Middlewares/FreeRTOS-TCP/Src/FreeRTOS_ARP.o
                0x0000000008007efc                FreeRTOS_ClearARP
 .text.vCastPointerTo_UDPPacket_t
                0x0000000008007f14       0x16 Middlewares/FreeRTOS-TCP/Src/FreeRTOS_DNS.o
 .text.usChar2u16
                0x0000000008007f2a       0x2a Middlewares/FreeRTOS-TCP/Src/FreeRTOS_DNS.o
 .text.vCastPointerTo_DNSMessage_t
                0x0000000008007f54       0x16 Middlewares/FreeRTOS-TCP/Src/FreeRTOS_DNS.o
 .text.vCastPointerTo_DNSAnswerRecord_t
                0x0000000008007f6a       0x16 Middlewares/FreeRTOS-TCP/Src/FreeRTOS_DNS.o
 .text.vCastPointerTo_LLMNRAnswer_t
                0x0000000008007f80       0x16 Middlewares/FreeRTOS-TCP/Src/FreeRTOS_DNS.o
 .text.vCastPointerTo_NBNSAnswer_t
                0x0000000008007f96       0x16 Middlewares/FreeRTOS-TCP/Src/FreeRTOS_DNS.o
 .text.prvReadNameField
                0x0000000008007fac      0x126 Middlewares/FreeRTOS-TCP/Src/FreeRTOS_DNS.o
 .text.prvSkipNameField
                0x00000000080080d2       0xac Middlewares/FreeRTOS-TCP/Src/FreeRTOS_DNS.o
 .text.ulDNSHandlePacket
                0x000000000800817e       0x3a Middlewares/FreeRTOS-TCP/Src/FreeRTOS_DNS.o
                0x000000000800817e                ulDNSHandlePacket
 .text.ulNBNSHandlePacket
                0x00000000080081b8       0x38 Middlewares/FreeRTOS-TCP/Src/FreeRTOS_DNS.o
                0x00000000080081b8                ulNBNSHandlePacket
 .text.prvParseDNSReply
                0x00000000080081f0      0x670 Middlewares/FreeRTOS-TCP/Src/FreeRTOS_DNS.o
 .text.prvTreatNBNS
                0x0000000008008860      0x2dc Middlewares/FreeRTOS-TCP/Src/FreeRTOS_DNS.o
 .text.prvReplyDNSMessage
                0x0000000008008b3c       0xdc Middlewares/FreeRTOS-TCP/Src/FreeRTOS_DNS.o
 .text.prvProcessDNSCache
                0x0000000008008c18      0x274 Middlewares/FreeRTOS-TCP/Src/FreeRTOS_DNS.o
 .text.vCastPointerTo_EthernetHeader_t
                0x0000000008008e8c       0x16 Middlewares/FreeRTOS-TCP/Src/FreeRTOS_IP.o
 .text.vCastConstPointerTo_EthernetHeader_t
                0x0000000008008ea2       0x16 Middlewares/FreeRTOS-TCP/Src/FreeRTOS_IP.o
 .text.vCastPointerTo_ARPPacket_t
                0x0000000008008eb8       0x16 Middlewares/FreeRTOS-TCP/Src/FreeRTOS_IP.o
 .text.vCastPointerTo_IPPacket_t
                0x0000000008008ece       0x16 Middlewares/FreeRTOS-TCP/Src/FreeRTOS_IP.o
 .text.vCastConstPointerTo_IPPacket_t
                0x0000000008008ee4       0x16 Middlewares/FreeRTOS-TCP/Src/FreeRTOS_IP.o
 .text.vCastPointerTo_ICMPPacket_t
                0x0000000008008efa       0x16 Middlewares/FreeRTOS-TCP/Src/FreeRTOS_IP.o
 .text.vCastConstPointerTo_UDPPacket_t
                0x0000000008008f10       0x16 Middlewares/FreeRTOS-TCP/Src/FreeRTOS_IP.o
 .text.vCastPointerTo_ProtocolPacket_t
                0x0000000008008f26       0x16 Middlewares/FreeRTOS-TCP/Src/FreeRTOS_IP.o
 .text.vCastConstPointerTo_ProtocolPacket_t
                0x0000000008008f3c       0x16 Middlewares/FreeRTOS-TCP/Src/FreeRTOS_IP.o
 .text.vCastPointerTo_FreeRTOS_Socket_t
                0x0000000008008f52       0x16 Middlewares/FreeRTOS-TCP/Src/FreeRTOS_IP.o
 .text.vCastPointerTo_SocketSelect_t
                0x0000000008008f68       0x16 Middlewares/FreeRTOS-TCP/Src/FreeRTOS_IP.o
 .text.vCastPointerTo_NetworkBufferDescriptor_t
                0x0000000008008f7e       0x16 Middlewares/FreeRTOS-TCP/Src/FreeRTOS_IP.o
 .text.prvIPTask
                0x0000000008008f94      0x1b8 Middlewares/FreeRTOS-TCP/Src/FreeRTOS_IP.o
 .text.xIsCallingFromIPTask
                0x000000000800914c       0x2c Middlewares/FreeRTOS-TCP/Src/FreeRTOS_IP.o
                0x000000000800914c                xIsCallingFromIPTask
 .text.prvHandleEthernetPacket
                0x0000000008009178       0x2c Middlewares/FreeRTOS-TCP/Src/FreeRTOS_IP.o
 .text.prvCalculateSleepTime
                0x00000000080091a4       0x50 Middlewares/FreeRTOS-TCP/Src/FreeRTOS_IP.o
 .text.prvCheckNetworkTimers
                0x00000000080091f4       0x80 Middlewares/FreeRTOS-TCP/Src/FreeRTOS_IP.o
 .text.prvIPTimerStart
                0x0000000008009274       0x48 Middlewares/FreeRTOS-TCP/Src/FreeRTOS_IP.o
 .text.prvIPTimerReload
                0x00000000080092bc       0x20 Middlewares/FreeRTOS-TCP/Src/FreeRTOS_IP.o
 .text.prvIPTimerCheck
                0x00000000080092dc       0x78 Middlewares/FreeRTOS-TCP/Src/FreeRTOS_IP.o
 .text.FreeRTOS_NetworkDown
                0x0000000008009354       0x38 Middlewares/FreeRTOS-TCP/Src/FreeRTOS_IP.o
                0x0000000008009354                FreeRTOS_NetworkDown
 .text.pxDuplicateNetworkBufferWithDescriptor
                0x000000000800938c       0x54 Middlewares/FreeRTOS-TCP/Src/FreeRTOS_IP.o
                0x000000000800938c                pxDuplicateNetworkBufferWithDescriptor
 .text.prvPacketBuffer_to_NetworkBuffer
                0x00000000080093e0       0x48 Middlewares/FreeRTOS-TCP/Src/FreeRTOS_IP.o
 .text.pxPacketBuffer_to_NetworkBuffer
                0x0000000008009428       0x1a Middlewares/FreeRTOS-TCP/Src/FreeRTOS_IP.o
                0x0000000008009428                pxPacketBuffer_to_NetworkBuffer
 .text.pxUDPPayloadBuffer_to_NetworkBuffer
                0x0000000008009442       0x1a Middlewares/FreeRTOS-TCP/Src/FreeRTOS_IP.o
                0x0000000008009442                pxUDPPayloadBuffer_to_NetworkBuffer
 .text.FreeRTOS_ReleaseUDPPayloadBuffer
                0x000000000800945c       0x1e Middlewares/FreeRTOS-TCP/Src/FreeRTOS_IP.o
                0x000000000800945c                FreeRTOS_ReleaseUDPPayloadBuffer
 *fill*         0x000000000800947a        0x2 
 .text.FreeRTOS_IPInit
                0x000000000800947c      0x1f0 Middlewares/FreeRTOS-TCP/Src/FreeRTOS_IP.o
                0x000000000800947c                FreeRTOS_IPInit
 .text.xSendEventToIPTask
                0x000000000800966c       0x2c Middlewares/FreeRTOS-TCP/Src/FreeRTOS_IP.o
                0x000000000800966c                xSendEventToIPTask
 .text.xSendEventStructToIPTask
                0x0000000008009698       0xb0 Middlewares/FreeRTOS-TCP/Src/FreeRTOS_IP.o
                0x0000000008009698                xSendEventStructToIPTask
 .text.prvProcessNetworkDownEvent
                0x0000000008009748       0x50 Middlewares/FreeRTOS-TCP/Src/FreeRTOS_IP.o
 .text.vIPNetworkUpCalls
                0x0000000008009798       0x28 Middlewares/FreeRTOS-TCP/Src/FreeRTOS_IP.o
                0x0000000008009798                vIPNetworkUpCalls
 .text.prvProcessEthernetPacket
                0x00000000080097c0       0xc8 Middlewares/FreeRTOS-TCP/Src/FreeRTOS_IP.o
 .text.xIsIPv4Multicast
                0x0000000008009888       0x50 Middlewares/FreeRTOS-TCP/Src/FreeRTOS_IP.o
                0x0000000008009888                xIsIPv4Multicast
 .text.vSetMultiCastIPv4MacAddress
                0x00000000080098d8       0x6a Middlewares/FreeRTOS-TCP/Src/FreeRTOS_IP.o
                0x00000000080098d8                vSetMultiCastIPv4MacAddress
 *fill*         0x0000000008009942        0x2 
 .text.prvAllowIPPacket
                0x0000000008009944      0x144 Middlewares/FreeRTOS-TCP/Src/FreeRTOS_IP.o
 .text.prvProcessIPPacket
                0x0000000008009a88      0x1e8 Middlewares/FreeRTOS-TCP/Src/FreeRTOS_IP.o
 .text.prvProcessICMPEchoRequest
                0x0000000008009c70       0xb0 Middlewares/FreeRTOS-TCP/Src/FreeRTOS_IP.o
 .text.prvProcessICMPPacket
                0x0000000008009d20       0x34 Middlewares/FreeRTOS-TCP/Src/FreeRTOS_IP.o
 .text.xCheckSizeFields
                0x0000000008009d54      0x134 Middlewares/FreeRTOS-TCP/Src/FreeRTOS_IP.o
 .text.vReturnEthernetFrame
                0x0000000008009e88       0xc0 Middlewares/FreeRTOS-TCP/Src/FreeRTOS_IP.o
                0x0000000008009e88                vReturnEthernetFrame
 .text.FreeRTOS_GetMACAddress
                0x0000000008009f48       0x14 Middlewares/FreeRTOS-TCP/Src/FreeRTOS_IP.o
                0x0000000008009f48                FreeRTOS_GetMACAddress
 .text.xIPIsNetworkTaskReady
                0x0000000008009f5c       0x18 Middlewares/FreeRTOS-TCP/Src/FreeRTOS_IP.o
                0x0000000008009f5c                xIPIsNetworkTaskReady
 .text.FreeRTOS_max_uint32
                0x0000000008009f74       0x20 Middlewares/FreeRTOS-TCP/Src/FreeRTOS_Sockets.o
 .text.FreeRTOS_round_up
                0x0000000008009f94       0x2a Middlewares/FreeRTOS-TCP/Src/FreeRTOS_Sockets.o
 .text.uxStreamBufferSpace
                0x0000000008009fbe       0x3e Middlewares/FreeRTOS-TCP/Src/FreeRTOS_Sockets.o
 .text.uxStreamBufferDistance
                0x0000000008009ffc       0x3c Middlewares/FreeRTOS-TCP/Src/FreeRTOS_Sockets.o
 .text.uxStreamBufferGetSpace
                0x000000000800a038       0x28 Middlewares/FreeRTOS-TCP/Src/FreeRTOS_Sockets.o
 .text.uxStreamBufferFrontSpace
                0x000000000800a060       0x28 Middlewares/FreeRTOS-TCP/Src/FreeRTOS_Sockets.o
 .text.uxStreamBufferGetSize
                0x000000000800a088       0x28 Middlewares/FreeRTOS-TCP/Src/FreeRTOS_Sockets.o
 .text.vCastPointerTo_FreeRTOS_Socket_t
                0x000000000800a0b0       0x16 Middlewares/FreeRTOS-TCP/Src/FreeRTOS_Sockets.o
 .text.vCastConstPointerTo_FreeRTOS_Socket_t
                0x000000000800a0c6       0x16 Middlewares/FreeRTOS-TCP/Src/FreeRTOS_Sockets.o
 .text.vCastPointerTo_NetworkBufferDescriptor_t
                0x000000000800a0dc       0x16 Middlewares/FreeRTOS-TCP/Src/FreeRTOS_Sockets.o
 .text.vCastPointerTo_StreamBuffer_t
                0x000000000800a0f2       0x16 Middlewares/FreeRTOS-TCP/Src/FreeRTOS_Sockets.o
 .text.prvValidSocket
                0x000000000800a108       0x5a Middlewares/FreeRTOS-TCP/Src/FreeRTOS_Sockets.o
 *fill*         0x000000000800a162        0x2 
 .text.vNetworkSocketsInit
                0x000000000800a164       0x1c Middlewares/FreeRTOS-TCP/Src/FreeRTOS_Sockets.o
                0x000000000800a164                vNetworkSocketsInit
 .text.prvDetermineSocketSize
                0x000000000800a180       0xdc Middlewares/FreeRTOS-TCP/Src/FreeRTOS_Sockets.o
 .text.FreeRTOS_socket
                0x000000000800a25c      0x13c Middlewares/FreeRTOS-TCP/Src/FreeRTOS_Sockets.o
                0x000000000800a25c                FreeRTOS_socket
 .text.FreeRTOS_recvfrom
                0x000000000800a398      0x15e Middlewares/FreeRTOS-TCP/Src/FreeRTOS_Sockets.o
                0x000000000800a398                FreeRTOS_recvfrom
 *fill*         0x000000000800a4f6        0x2 
 .text.FreeRTOS_sendto
                0x000000000800a4f8      0x148 Middlewares/FreeRTOS-TCP/Src/FreeRTOS_Sockets.o
                0x000000000800a4f8                FreeRTOS_sendto
 .text.FreeRTOS_bind
                0x000000000800a640       0xe8 Middlewares/FreeRTOS-TCP/Src/FreeRTOS_Sockets.o
                0x000000000800a640                FreeRTOS_bind
 .text.vSocketBind
                0x000000000800a728      0x148 Middlewares/FreeRTOS-TCP/Src/FreeRTOS_Sockets.o
                0x000000000800a728                vSocketBind
 .text.FreeRTOS_closesocket
                0x000000000800a870       0x58 Middlewares/FreeRTOS-TCP/Src/FreeRTOS_Sockets.o
                0x000000000800a870                FreeRTOS_closesocket
 .text.vSocketClose
                0x000000000800a8c8       0xf8 Middlewares/FreeRTOS-TCP/Src/FreeRTOS_Sockets.o
                0x000000000800a8c8                vSocketClose
 .text.prvTCPSetSocketCount
                0x000000000800a9c0       0xac Middlewares/FreeRTOS-TCP/Src/FreeRTOS_Sockets.o
 .text.prvGetPrivatePortNumber
                0x000000000800aa6c       0xb0 Middlewares/FreeRTOS-TCP/Src/FreeRTOS_Sockets.o
 .text.pxListFindListItemWithValue
                0x000000000800ab1c       0x54 Middlewares/FreeRTOS-TCP/Src/FreeRTOS_Sockets.o
 .text.pxUDPSocketLookup
                0x000000000800ab70       0x4c Middlewares/FreeRTOS-TCP/Src/FreeRTOS_Sockets.o
                0x000000000800ab70                pxUDPSocketLookup
 .text.FreeRTOS_inet_ntoa
                0x000000000800abbc      0x120 Middlewares/FreeRTOS-TCP/Src/FreeRTOS_Sockets.o
                0x000000000800abbc                FreeRTOS_inet_ntoa
 .text.FreeRTOS_inet_ntop
                0x000000000800acdc       0x32 Middlewares/FreeRTOS-TCP/Src/FreeRTOS_Sockets.o
                0x000000000800acdc                FreeRTOS_inet_ntop
 .text.FreeRTOS_inet_ntop4
                0x000000000800ad0e       0x40 Middlewares/FreeRTOS-TCP/Src/FreeRTOS_Sockets.o
                0x000000000800ad0e                FreeRTOS_inet_ntop4
 .text.FreeRTOS_inet_pton4
                0x000000000800ad4e      0x108 Middlewares/FreeRTOS-TCP/Src/FreeRTOS_Sockets.o
                0x000000000800ad4e                FreeRTOS_inet_pton4
 .text.FreeRTOS_inet_addr
                0x000000000800ae56       0x22 Middlewares/FreeRTOS-TCP/Src/FreeRTOS_Sockets.o
                0x000000000800ae56                FreeRTOS_inet_addr
 .text.vSocketWakeUpUser
                0x000000000800ae78       0x76 Middlewares/FreeRTOS-TCP/Src/FreeRTOS_Sockets.o
                0x000000000800ae78                vSocketWakeUpUser
 *fill*         0x000000000800aeee        0x2 
 .text.xTCPTimerCheck
                0x000000000800aef0       0xec Middlewares/FreeRTOS-TCP/Src/FreeRTOS_Sockets.o
                0x000000000800aef0                xTCPTimerCheck
 .text.pxTCPSocketLookup
                0x000000000800afdc       0x8c Middlewares/FreeRTOS-TCP/Src/FreeRTOS_Sockets.o
                0x000000000800afdc                pxTCPSocketLookup
 .text.prvTCPCreateStream
                0x000000000800b068      0x108 Middlewares/FreeRTOS-TCP/Src/FreeRTOS_Sockets.o
 .text.lTCPAddRxdata
                0x000000000800b170      0x104 Middlewares/FreeRTOS-TCP/Src/FreeRTOS_Sockets.o
                0x000000000800b170                lTCPAddRxdata
 .text.FreeRTOS_tx_space
                0x000000000800b274       0x46 Middlewares/FreeRTOS-TCP/Src/FreeRTOS_Sockets.o
                0x000000000800b274                FreeRTOS_tx_space
 .text.FreeRTOS_rx_size
                0x000000000800b2ba       0x44 Middlewares/FreeRTOS-TCP/Src/FreeRTOS_Sockets.o
                0x000000000800b2ba                FreeRTOS_rx_size
 *fill*         0x000000000800b2fe        0x2 
 .text.vTCPNetStat
                0x000000000800b300      0x1b4 Middlewares/FreeRTOS-TCP/Src/FreeRTOS_Sockets.o
                0x000000000800b300                vTCPNetStat
 .text.vSocketSelect
                0x000000000800b4b4      0x23c Middlewares/FreeRTOS-TCP/Src/FreeRTOS_Sockets.o
                0x000000000800b4b4                vSocketSelect
 .text.FreeRTOS_min_uint32
                0x000000000800b6f0       0x20 Middlewares/FreeRTOS-TCP/Src/FreeRTOS_Stream_Buffer.o
 .text.uxStreamBufferSpace
                0x000000000800b710       0x3e Middlewares/FreeRTOS-TCP/Src/FreeRTOS_Stream_Buffer.o
 .text.uxStreamBufferDistance
                0x000000000800b74e       0x3c Middlewares/FreeRTOS-TCP/Src/FreeRTOS_Stream_Buffer.o
 .text.uxStreamBufferGetSpace
                0x000000000800b78a       0x28 Middlewares/FreeRTOS-TCP/Src/FreeRTOS_Stream_Buffer.o
 .text.uxStreamBufferGetSize
                0x000000000800b7b2       0x28 Middlewares/FreeRTOS-TCP/Src/FreeRTOS_Stream_Buffer.o
 .text.xStreamBufferLessThenEqual
                0x000000000800b7da       0x66 Middlewares/FreeRTOS-TCP/Src/FreeRTOS_Stream_Buffer.o
 .text.uxStreamBufferAdd
                0x000000000800b840      0x100 Middlewares/FreeRTOS-TCP/Src/FreeRTOS_Stream_Buffer.o
                0x000000000800b840                uxStreamBufferAdd
 .text.uxStreamBufferGet
                0x000000000800b940       0xe8 Middlewares/FreeRTOS-TCP/Src/FreeRTOS_Stream_Buffer.o
                0x000000000800b940                uxStreamBufferGet
 .text.FreeRTOS_min_int32
                0x000000000800ba28       0x20 Middlewares/FreeRTOS-TCP/Src/FreeRTOS_TCP_IP.o
 .text.FreeRTOS_min_uint32
                0x000000000800ba48       0x20 Middlewares/FreeRTOS-TCP/Src/FreeRTOS_TCP_IP.o
 .text.uxStreamBufferSpace
                0x000000000800ba68       0x3e Middlewares/FreeRTOS-TCP/Src/FreeRTOS_TCP_IP.o
 .text.uxStreamBufferDistance
                0x000000000800baa6       0x3c Middlewares/FreeRTOS-TCP/Src/FreeRTOS_TCP_IP.o
 .text.uxStreamBufferGetSpace
                0x000000000800bae2       0x28 Middlewares/FreeRTOS-TCP/Src/FreeRTOS_TCP_IP.o
 .text.uxStreamBufferFrontSpace
                0x000000000800bb0a       0x28 Middlewares/FreeRTOS-TCP/Src/FreeRTOS_TCP_IP.o
 .text.uxStreamBufferMidSpace
                0x000000000800bb32       0x28 Middlewares/FreeRTOS-TCP/Src/FreeRTOS_TCP_IP.o
 .text.vStreamBufferMoveMid
                0x000000000800bb5a       0x50 Middlewares/FreeRTOS-TCP/Src/FreeRTOS_TCP_IP.o
 .text.vCastConstPointerTo_IPHeader_t
                0x000000000800bbaa       0x16 Middlewares/FreeRTOS-TCP/Src/FreeRTOS_TCP_IP.o
 .text.vCastPointerTo_TCPPacket_t
                0x000000000800bbc0       0x16 Middlewares/FreeRTOS-TCP/Src/FreeRTOS_TCP_IP.o
 .text.vCastConstPointerTo_TCPPacket_t
                0x000000000800bbd6       0x16 Middlewares/FreeRTOS-TCP/Src/FreeRTOS_TCP_IP.o
 .text.vCastPointerTo_ProtocolHeaders_t
                0x000000000800bbec       0x16 Middlewares/FreeRTOS-TCP/Src/FreeRTOS_TCP_IP.o
 .text.vCastConstPointerTo_ProtocolHeaders_t
                0x000000000800bc02       0x16 Middlewares/FreeRTOS-TCP/Src/FreeRTOS_TCP_IP.o
 .text.vCastPointerTo_FreeRTOS_Socket_t
                0x000000000800bc18       0x16 Middlewares/FreeRTOS-TCP/Src/FreeRTOS_TCP_IP.o
 .text.ulChar2u32
                0x000000000800bc2e       0x36 Middlewares/FreeRTOS-TCP/Src/FreeRTOS_TCP_IP.o
 .text.usChar2u16
                0x000000000800bc64       0x2a Middlewares/FreeRTOS-TCP/Src/FreeRTOS_TCP_IP.o
 *fill*         0x000000000800bc8e        0x2 
 .text.prvTCPSocketIsActive
                0x000000000800bc90       0x64 Middlewares/FreeRTOS-TCP/Src/FreeRTOS_TCP_IP.o
 .text.prvTCPStatusAgeCheck
                0x000000000800bcf4       0xe0 Middlewares/FreeRTOS-TCP/Src/FreeRTOS_TCP_IP.o
 .text.xTCPSocketCheck
                0x000000000800bdd4      0x110 Middlewares/FreeRTOS-TCP/Src/FreeRTOS_TCP_IP.o
                0x000000000800bdd4                xTCPSocketCheck
 .text.prvTCPSendPacket
                0x000000000800bee4       0xe4 Middlewares/FreeRTOS-TCP/Src/FreeRTOS_TCP_IP.o
 .text.prvTCPSendRepeated
                0x000000000800bfc8       0x60 Middlewares/FreeRTOS-TCP/Src/FreeRTOS_TCP_IP.o
 .text.prvTCPReturnPacket
                0x000000000800c028      0x3f4 Middlewares/FreeRTOS-TCP/Src/FreeRTOS_TCP_IP.o
 .text.prvTCPCreateWindow
                0x000000000800c41c       0x84 Middlewares/FreeRTOS-TCP/Src/FreeRTOS_TCP_IP.o
 .text.prvTCPPrepareConnect
                0x000000000800c4a0      0x230 Middlewares/FreeRTOS-TCP/Src/FreeRTOS_TCP_IP.o
 .text.prvTCPFlagMeaning
                0x000000000800c6d0       0xbc Middlewares/FreeRTOS-TCP/Src/FreeRTOS_TCP_IP.o
 .text.prvCheckOptions
                0x000000000800c78c       0xbc Middlewares/FreeRTOS-TCP/Src/FreeRTOS_TCP_IP.o
 .text.prvSingleStepTCPHeaderOptions
                0x000000000800c848      0x1e4 Middlewares/FreeRTOS-TCP/Src/FreeRTOS_TCP_IP.o
 .text.prvReadSackOption
                0x000000000800ca2c       0x86 Middlewares/FreeRTOS-TCP/Src/FreeRTOS_TCP_IP.o
 *fill*         0x000000000800cab2        0x2 
 .text.prvWinScaleFactor
                0x000000000800cab4       0x58 Middlewares/FreeRTOS-TCP/Src/FreeRTOS_TCP_IP.o
 .text.prvSetSynAckOptions
                0x000000000800cb0c       0xa2 Middlewares/FreeRTOS-TCP/Src/FreeRTOS_TCP_IP.o
 .text.prvTCPTouchSocket
                0x000000000800cbae       0x48 Middlewares/FreeRTOS-TCP/Src/FreeRTOS_TCP_IP.o
 *fill*         0x000000000800cbf6        0x2 
 .text.vTCPStateChange
                0x000000000800cbf8      0x214 Middlewares/FreeRTOS-TCP/Src/FreeRTOS_TCP_IP.o
                0x000000000800cbf8                vTCPStateChange
 .text.prvTCPBufferResize
                0x000000000800ce0c       0xe0 Middlewares/FreeRTOS-TCP/Src/FreeRTOS_TCP_IP.o
 .text.prvTCPPrepareSend
                0x000000000800ceec      0x35c Middlewares/FreeRTOS-TCP/Src/FreeRTOS_TCP_IP.o
 .text.prvTCPNextTimeout
                0x000000000800d248      0x120 Middlewares/FreeRTOS-TCP/Src/FreeRTOS_TCP_IP.o
 .text.prvTCPAddTxData
                0x000000000800d368       0x54 Middlewares/FreeRTOS-TCP/Src/FreeRTOS_TCP_IP.o
 .text.prvTCPHandleFin
                0x000000000800d3bc      0x1a8 Middlewares/FreeRTOS-TCP/Src/FreeRTOS_TCP_IP.o
 .text.prvCheckRxData
                0x000000000800d564       0xf8 Middlewares/FreeRTOS-TCP/Src/FreeRTOS_TCP_IP.o
 .text.prvStoreRxData
                0x000000000800d65c       0xfc Middlewares/FreeRTOS-TCP/Src/FreeRTOS_TCP_IP.o
 .text.prvSetOptions
                0x000000000800d758      0x178 Middlewares/FreeRTOS-TCP/Src/FreeRTOS_TCP_IP.o
 .text.prvHandleSynReceived
                0x000000000800d8d0      0x250 Middlewares/FreeRTOS-TCP/Src/FreeRTOS_TCP_IP.o
 .text.prvHandleEstablished
                0x000000000800db20      0x2ac Middlewares/FreeRTOS-TCP/Src/FreeRTOS_TCP_IP.o
 .text.prvSendData
                0x000000000800ddcc      0x1c8 Middlewares/FreeRTOS-TCP/Src/FreeRTOS_TCP_IP.o
 .text.prvTCPHandleState
                0x000000000800df94      0x23c Middlewares/FreeRTOS-TCP/Src/FreeRTOS_TCP_IP.o
 .text.prvTCPSendSpecialPacketHelper
                0x000000000800e1d0       0x42 Middlewares/FreeRTOS-TCP/Src/FreeRTOS_TCP_IP.o
 .text.prvTCPSendChallengeAck
                0x000000000800e212       0x1a Middlewares/FreeRTOS-TCP/Src/FreeRTOS_TCP_IP.o
 .text.prvTCPSendReset
                0x000000000800e22c       0x1a Middlewares/FreeRTOS-TCP/Src/FreeRTOS_TCP_IP.o
 *fill*         0x000000000800e246        0x2 
 .text.prvSocketSetMSS
                0x000000000800e248       0x88 Middlewares/FreeRTOS-TCP/Src/FreeRTOS_TCP_IP.o
 .text.xProcessReceivedTCPPacket
                0x000000000800e2d0      0x384 Middlewares/FreeRTOS-TCP/Src/FreeRTOS_TCP_IP.o
                0x000000000800e2d0                xProcessReceivedTCPPacket
 .text.prvHandleListen
                0x000000000800e654      0x1d0 Middlewares/FreeRTOS-TCP/Src/FreeRTOS_TCP_IP.o
 .text.prvTCPSocketCopy
                0x000000000800e824      0x138 Middlewares/FreeRTOS-TCP/Src/FreeRTOS_TCP_IP.o
 .text.FreeRTOS_GetTCPStateName
                0x000000000800e95c       0x3c Middlewares/FreeRTOS-TCP/Src/FreeRTOS_TCP_IP.o
                0x000000000800e95c                FreeRTOS_GetTCPStateName
 .text.xTCPCheckNewClient
                0x000000000800e998       0xa0 Middlewares/FreeRTOS-TCP/Src/FreeRTOS_TCP_IP.o
                0x000000000800e998                xTCPCheckNewClient
 .text.FreeRTOS_min_int32
                0x000000000800ea38       0x20 Middlewares/FreeRTOS-TCP/Src/FreeRTOS_TCP_WIN.o
 .text.FreeRTOS_min_uint32
                0x000000000800ea58       0x20 Middlewares/FreeRTOS-TCP/Src/FreeRTOS_TCP_WIN.o
 .text.vCastPointerTo_TCPSegment_t
                0x000000000800ea78       0x16 Middlewares/FreeRTOS-TCP/Src/FreeRTOS_TCP_WIN.o
 .text.xSequenceLessThanOrEqual
                0x000000000800ea8e       0x2c Middlewares/FreeRTOS-TCP/Src/FreeRTOS_TCP_WIN.o
 .text.xSequenceLessThan
                0x000000000800eaba       0x2e Middlewares/FreeRTOS-TCP/Src/FreeRTOS_TCP_WIN.o
 .text.xSequenceGreaterThan
                0x000000000800eae8       0x2e Middlewares/FreeRTOS-TCP/Src/FreeRTOS_TCP_WIN.o
 .text.xSequenceGreaterThanOrEqual
                0x000000000800eb16       0x2c Middlewares/FreeRTOS-TCP/Src/FreeRTOS_TCP_WIN.o
 .text.vListInsertFifo
                0x000000000800eb42       0x20 Middlewares/FreeRTOS-TCP/Src/FreeRTOS_TCP_WIN.o
 .text.vTCPTimerSet
                0x000000000800eb62       0x1a Middlewares/FreeRTOS-TCP/Src/FreeRTOS_TCP_WIN.o
 .text.ulTimerGetAge
                0x000000000800eb7c       0x1c Middlewares/FreeRTOS-TCP/Src/FreeRTOS_TCP_WIN.o
 .text.vListInsertGeneric
                0x000000000800eb98       0x44 Middlewares/FreeRTOS-TCP/Src/FreeRTOS_TCP_WIN.o
 .text.prvCreateSectors
                0x000000000800ebdc       0xb8 Middlewares/FreeRTOS-TCP/Src/FreeRTOS_TCP_WIN.o
 .text.xTCPWindowRxFind
                0x000000000800ec94       0x50 Middlewares/FreeRTOS-TCP/Src/FreeRTOS_TCP_WIN.o
 .text.xTCPWindowNew
                0x000000000800ece4       0xf0 Middlewares/FreeRTOS-TCP/Src/FreeRTOS_TCP_WIN.o
 .text.xTCPWindowRxEmpty
                0x000000000800edd4       0x64 Middlewares/FreeRTOS-TCP/Src/FreeRTOS_TCP_WIN.o
                0x000000000800edd4                xTCPWindowRxEmpty
 .text.xTCPWindowGetHead
                0x000000000800ee38       0x38 Middlewares/FreeRTOS-TCP/Src/FreeRTOS_TCP_WIN.o
 .text.xTCPWindowPeekHead
                0x000000000800ee70       0x32 Middlewares/FreeRTOS-TCP/Src/FreeRTOS_TCP_WIN.o
 *fill*         0x000000000800eea2        0x2 
 .text.vTCPWindowFree
                0x000000000800eea4       0x58 Middlewares/FreeRTOS-TCP/Src/FreeRTOS_TCP_WIN.o
 .text.vTCPWindowDestroy
                0x000000000800eefc       0x5e Middlewares/FreeRTOS-TCP/Src/FreeRTOS_TCP_WIN.o
                0x000000000800eefc                vTCPWindowDestroy
 *fill*         0x000000000800ef5a        0x2 
 .text.vTCPWindowCreate
                0x000000000800ef5c       0x8c Middlewares/FreeRTOS-TCP/Src/FreeRTOS_TCP_WIN.o
                0x000000000800ef5c                vTCPWindowCreate
 .text.vTCPWindowInit
                0x000000000800efe8       0xb6 Middlewares/FreeRTOS-TCP/Src/FreeRTOS_TCP_WIN.o
                0x000000000800efe8                vTCPWindowInit
 *fill*         0x000000000800f09e        0x2 
 .text.xTCPWindowRxConfirm
                0x000000000800f0a0       0xfc Middlewares/FreeRTOS-TCP/Src/FreeRTOS_TCP_WIN.o
 .text.lTCPWindowRxCheck
                0x000000000800f19c      0x2b4 Middlewares/FreeRTOS-TCP/Src/FreeRTOS_TCP_WIN.o
                0x000000000800f19c                lTCPWindowRxCheck
 .text.lTCPIncrementTxPosition
                0x000000000800f450       0x32 Middlewares/FreeRTOS-TCP/Src/FreeRTOS_TCP_WIN.o
 *fill*         0x000000000800f482        0x2 
 .text.lTCPWindowTxAdd
                0x000000000800f484      0x1f8 Middlewares/FreeRTOS-TCP/Src/FreeRTOS_TCP_WIN.o
                0x000000000800f484                lTCPWindowTxAdd
 .text.xTCPWindowTxDone
                0x000000000800f67c       0x24 Middlewares/FreeRTOS-TCP/Src/FreeRTOS_TCP_WIN.o
                0x000000000800f67c                xTCPWindowTxDone
 .text.prvTCPWindowTxHasSpace
                0x000000000800f6a0       0x8c Middlewares/FreeRTOS-TCP/Src/FreeRTOS_TCP_WIN.o
 .text.xTCPWindowTxHasData
                0x000000000800f72c       0xc0 Middlewares/FreeRTOS-TCP/Src/FreeRTOS_TCP_WIN.o
                0x000000000800f72c                xTCPWindowTxHasData
 .text.ulTCPWindowTxGet
                0x000000000800f7ec      0x294 Middlewares/FreeRTOS-TCP/Src/FreeRTOS_TCP_WIN.o
                0x000000000800f7ec                ulTCPWindowTxGet
 .text.prvTCPWindowTxCheckAck
                0x000000000800fa80      0x200 Middlewares/FreeRTOS-TCP/Src/FreeRTOS_TCP_WIN.o
 .text.prvTCPWindowFastRetransmit
                0x000000000800fc80       0xd0 Middlewares/FreeRTOS-TCP/Src/FreeRTOS_TCP_WIN.o
 .text.ulTCPWindowTxAck
                0x000000000800fd50       0x3a Middlewares/FreeRTOS-TCP/Src/FreeRTOS_TCP_WIN.o
                0x000000000800fd50                ulTCPWindowTxAck
 *fill*         0x000000000800fd8a        0x2 
 .text.ulTCPWindowTxSack
                0x000000000800fd8c       0x88 Middlewares/FreeRTOS-TCP/Src/FreeRTOS_TCP_WIN.o
                0x000000000800fd8c                ulTCPWindowTxSack
 .text.vCastPointerTo_UDPPacket_t
                0x000000000800fe14       0x16 Middlewares/FreeRTOS-TCP/Src/FreeRTOS_UDP_IP.o
 .text.vCastConstPointerTo_UDPPacket_t
                0x000000000800fe2a       0x16 Middlewares/FreeRTOS-TCP/Src/FreeRTOS_UDP_IP.o
 .text.vProcessGeneratedUDPPacket
                0x000000000800fe40      0x170 Middlewares/FreeRTOS-TCP/Src/FreeRTOS_UDP_IP.o
                0x000000000800fe40                vProcessGeneratedUDPPacket
 .text.xProcessReceivedUDPPacket
                0x000000000800ffb0      0x130 Middlewares/FreeRTOS-TCP/Src/FreeRTOS_UDP_IP.o
                0x000000000800ffb0                xProcessReceivedUDPPacket
 .text.HAL_ETH_RxCpltCallback
                0x00000000080100e0       0x5c Middlewares/FreeRTOS-TCP/Src/NetworkInterface.o
                0x00000000080100e0                HAL_ETH_RxCpltCallback
 .text.HAL_ETH_TxCpltCallback
                0x000000000801013c       0x5c Middlewares/FreeRTOS-TCP/Src/NetworkInterface.o
                0x000000000801013c                HAL_ETH_TxCpltCallback
 .text.vClearTXBuffers
                0x0000000008010198       0xa4 Middlewares/FreeRTOS-TCP/Src/NetworkInterface.o
 .text.xNetworkInterfaceInitialise
                0x000000000801023c      0x164 Middlewares/FreeRTOS-TCP/Src/NetworkInterface.o
                0x000000000801023c                xNetworkInterfaceInitialise
 .text.prvDMATxDescListInit
                0x00000000080103a0       0x88 Middlewares/FreeRTOS-TCP/Src/NetworkInterface.o
 .text.prvDMARxDescListInit
                0x0000000008010428       0x98 Middlewares/FreeRTOS-TCP/Src/NetworkInterface.o
 .text.prvMACAddressConfig
                0x00000000080104c0       0x74 Middlewares/FreeRTOS-TCP/Src/NetworkInterface.o
 .text.xNetworkInterfaceOutput
                0x0000000008010534      0x114 Middlewares/FreeRTOS-TCP/Src/NetworkInterface.o
                0x0000000008010534                xNetworkInterfaceOutput
 .text.xMayAcceptPacket
                0x0000000008010648       0x34 Middlewares/FreeRTOS-TCP/Src/NetworkInterface.o
 .text.prvPassEthMessages
                0x000000000801067c       0x4c Middlewares/FreeRTOS-TCP/Src/NetworkInterface.o
 .text.prvNetworkInterfaceInput
                0x00000000080106c8      0x160 Middlewares/FreeRTOS-TCP/Src/NetworkInterface.o
 .text.xSTM32_PhyRead
                0x0000000008010828       0x54 Middlewares/FreeRTOS-TCP/Src/NetworkInterface.o
                0x0000000008010828                xSTM32_PhyRead
 .text.xSTM32_PhyWrite
                0x000000000801087c       0x54 Middlewares/FreeRTOS-TCP/Src/NetworkInterface.o
                0x000000000801087c                xSTM32_PhyWrite
 .text.vMACBProbePhy
                0x00000000080108d0       0x30 Middlewares/FreeRTOS-TCP/Src/NetworkInterface.o
                0x00000000080108d0                vMACBProbePhy
 .text.prvEthernetUpdateConfig
                0x0000000008010900       0xf4 Middlewares/FreeRTOS-TCP/Src/NetworkInterface.o
 .text.prvEMACHandlerTask
                0x00000000080109f4       0xfc Middlewares/FreeRTOS-TCP/Src/NetworkInterface.o
 .text.ETH_IRQHandler
                0x0000000008010af0       0x14 Middlewares/FreeRTOS-TCP/Src/NetworkInterface.o
                0x0000000008010af0                ETH_IRQHandler
 .text.xHas_1F_PHYSPCS
                0x0000000008010b04       0x30 Middlewares/FreeRTOS-TCP/Src/phyHandling.o
 .text.xHas_19_PHYCR
                0x0000000008010b34       0x38 Middlewares/FreeRTOS-TCP/Src/phyHandling.o
 .text.vPhyInitialise
                0x0000000008010b6c       0x2a Middlewares/FreeRTOS-TCP/Src/phyHandling.o
                0x0000000008010b6c                vPhyInitialise
 *fill*         0x0000000008010b96        0x2 
 .text.xPhyDiscover
                0x0000000008010b98       0xb0 Middlewares/FreeRTOS-TCP/Src/phyHandling.o
                0x0000000008010b98                xPhyDiscover
 .text.xPhyReset
                0x0000000008010c48      0x148 Middlewares/FreeRTOS-TCP/Src/phyHandling.o
 .text.xPhyConfigure
                0x0000000008010d90      0x20c Middlewares/FreeRTOS-TCP/Src/phyHandling.o
                0x0000000008010d90                xPhyConfigure
 .text.xPhyFixedValue
                0x0000000008010f9c       0x7e Middlewares/FreeRTOS-TCP/Src/phyHandling.o
                0x0000000008010f9c                xPhyFixedValue
 *fill*         0x000000000801101a        0x2 
 .text.xPhyStartAutoNegotiation
                0x000000000801101c      0x318 Middlewares/FreeRTOS-TCP/Src/phyHandling.o
                0x000000000801101c                xPhyStartAutoNegotiation
 .text.xPhyCheckLinkStatus
                0x0000000008011334      0x15c Middlewares/FreeRTOS-TCP/Src/phyHandling.o
                0x0000000008011334                xPhyCheckLinkStatus
 .text.xNetworkBuffersInitialise
                0x0000000008011490       0xf0 Middlewares/FreeRTOS-TCP/Src/portable/BufferManagement/BufferAllocation_2.o
                0x0000000008011490                xNetworkBuffersInitialise
 .text.vReleaseNetworkBuffer
                0x0000000008011580       0x22 Middlewares/FreeRTOS-TCP/Src/portable/BufferManagement/BufferAllocation_2.o
                0x0000000008011580                vReleaseNetworkBuffer
 *fill*         0x00000000080115a2        0x2 
 .text.pxGetNetworkBufferWithDescriptor
                0x00000000080115a4       0xf4 Middlewares/FreeRTOS-TCP/Src/portable/BufferManagement/BufferAllocation_2.o
                0x00000000080115a4                pxGetNetworkBufferWithDescriptor
 .text.vReleaseNetworkBufferAndDescriptor
                0x0000000008011698       0x68 Middlewares/FreeRTOS-TCP/Src/portable/BufferManagement/BufferAllocation_2.o
                0x0000000008011698                vReleaseNetworkBufferAndDescriptor
 .text.uxGetNumberOfFreeNetworkBuffers
                0x0000000008011700       0x18 Middlewares/FreeRTOS-TCP/Src/portable/BufferManagement/BufferAllocation_2.o
                0x0000000008011700                uxGetNumberOfFreeNetworkBuffers
 .text.uxGetMinimumFreeNetworkBuffers
                0x0000000008011718       0x18 Middlewares/FreeRTOS-TCP/Src/portable/BufferManagement/BufferAllocation_2.o
                0x0000000008011718                uxGetMinimumFreeNetworkBuffers
 .text.atof     0x0000000008011730        0x6 c:/st/stm32cubeide_1.4.0/stm32cubeide/plugins/com.st.stm32cube.ide.mcu.externaltools.gnu-tools-for-stm32.7-2018-q2-update.win32_1.5.0.202011040924/tools/bin/../lib/gcc/arm-none-eabi/7.3.1/../../../../arm-none-eabi/lib/thumb/v7e-m/fpv5/hard\libc_nano.a(lib_a-atof.o)
                0x0000000008011730                atof
 *fill*         0x0000000008011736        0x2 
 .text.__errno  0x0000000008011738        0xc c:/st/stm32cubeide_1.4.0/stm32cubeide/plugins/com.st.stm32cube.ide.mcu.externaltools.gnu-tools-for-stm32.7-2018-q2-update.win32_1.5.0.202011040924/tools/bin/../lib/gcc/arm-none-eabi/7.3.1/../../../../arm-none-eabi/lib/thumb/v7e-m/fpv5/hard\libc_nano.a(lib_a-errno.o)
                0x0000000008011738                __errno
 .text.__libc_init_array
                0x0000000008011744       0x48 c:/st/stm32cubeide_1.4.0/stm32cubeide/plugins/com.st.stm32cube.ide.mcu.externaltools.gnu-tools-for-stm32.7-2018-q2-update.win32_1.5.0.202011040924/tools/bin/../lib/gcc/arm-none-eabi/7.3.1/../../../../arm-none-eabi/lib/thumb/v7e-m/fpv5/hard\libc_nano.a(lib_a-init.o)
                0x0000000008011744                __libc_init_array
 .text.malloc   0x000000000801178c       0x10 c:/st/stm32cubeide_1.4.0/stm32cubeide/plugins/com.st.stm32cube.ide.mcu.externaltools.gnu-tools-for-stm32.7-2018-q2-update.win32_1.5.0.202011040924/tools/bin/../lib/gcc/arm-none-eabi/7.3.1/../../../../arm-none-eabi/lib/thumb/v7e-m/fpv5/hard\libc_nano.a(lib_a-malloc.o)
                0x000000000801178c                malloc
 .text.memcmp   0x000000000801179c       0x1e c:/st/stm32cubeide_1.4.0/stm32cubeide/plugins/com.st.stm32cube.ide.mcu.externaltools.gnu-tools-for-stm32.7-2018-q2-update.win32_1.5.0.202011040924/tools/bin/../lib/gcc/arm-none-eabi/7.3.1/../../../../arm-none-eabi/lib/thumb/v7e-m/fpv5/hard\libc_nano.a(lib_a-memcmp.o)
                0x000000000801179c                memcmp
 .text.memcpy   0x00000000080117ba       0x16 c:/st/stm32cubeide_1.4.0/stm32cubeide/plugins/com.st.stm32cube.ide.mcu.externaltools.gnu-tools-for-stm32.7-2018-q2-update.win32_1.5.0.202011040924/tools/bin/../lib/gcc/arm-none-eabi/7.3.1/../../../../arm-none-eabi/lib/thumb/v7e-m/fpv5/hard\libc_nano.a(lib_a-memcpy-stub.o)
                0x00000000080117ba                memcpy
 .text.memmove  0x00000000080117d0       0x32 c:/st/stm32cubeide_1.4.0/stm32cubeide/plugins/com.st.stm32cube.ide.mcu.externaltools.gnu-tools-for-stm32.7-2018-q2-update.win32_1.5.0.202011040924/tools/bin/../lib/gcc/arm-none-eabi/7.3.1/../../../../arm-none-eabi/lib/thumb/v7e-m/fpv5/hard\libc_nano.a(lib_a-memmove.o)
                0x00000000080117d0                memmove
 .text.memset   0x0000000008011802       0x10 c:/st/stm32cubeide_1.4.0/stm32cubeide/plugins/com.st.stm32cube.ide.mcu.externaltools.gnu-tools-for-stm32.7-2018-q2-update.win32_1.5.0.202011040924/tools/bin/../lib/gcc/arm-none-eabi/7.3.1/../../../../arm-none-eabi/lib/thumb/v7e-m/fpv5/hard\libc_nano.a(lib_a-memset.o)
                0x0000000008011802                memset
 *fill*         0x0000000008011812        0x2 
 .text._free_r  0x0000000008011814       0x9c c:/st/stm32cubeide_1.4.0/stm32cubeide/plugins/com.st.stm32cube.ide.mcu.externaltools.gnu-tools-for-stm32.7-2018-q2-update.win32_1.5.0.202011040924/tools/bin/../lib/gcc/arm-none-eabi/7.3.1/../../../../arm-none-eabi/lib/thumb/v7e-m/fpv5/hard\libc_nano.a(lib_a-nano-freer.o)
                0x0000000008011814                _free_r
 .text._malloc_r
                0x00000000080118b0       0xb4 c:/st/stm32cubeide_1.4.0/stm32cubeide/plugins/com.st.stm32cube.ide.mcu.externaltools.gnu-tools-for-stm32.7-2018-q2-update.win32_1.5.0.202011040924/tools/bin/../lib/gcc/arm-none-eabi/7.3.1/../../../../arm-none-eabi/lib/thumb/v7e-m/fpv5/hard\libc_nano.a(lib_a-nano-mallocr.o)
                0x00000000080118b0                _malloc_r
 .text.realloc  0x0000000008011964       0x10 c:/st/stm32cubeide_1.4.0/stm32cubeide/plugins/com.st.stm32cube.ide.mcu.externaltools.gnu-tools-for-stm32.7-2018-q2-update.win32_1.5.0.202011040924/tools/bin/../lib/gcc/arm-none-eabi/7.3.1/../../../../arm-none-eabi/lib/thumb/v7e-m/fpv5/hard\libc_nano.a(lib_a-realloc.o)
                0x0000000008011964                realloc
 .text._sbrk_r  0x0000000008011974       0x20 c:/st/stm32cubeide_1.4.0/stm32cubeide/plugins/com.st.stm32cube.ide.mcu.externaltools.gnu-tools-for-stm32.7-2018-q2-update.win32_1.5.0.202011040924/tools/bin/../lib/gcc/arm-none-eabi/7.3.1/../../../../arm-none-eabi/lib/thumb/v7e-m/fpv5/hard\libc_nano.a(lib_a-sbrkr.o)
                0x0000000008011974                _sbrk_r
 .text.snprintf
                0x0000000008011994       0x68 c:/st/stm32cubeide_1.4.0/stm32cubeide/plugins/com.st.stm32cube.ide.mcu.externaltools.gnu-tools-for-stm32.7-2018-q2-update.win32_1.5.0.202011040924/tools/bin/../lib/gcc/arm-none-eabi/7.3.1/../../../../arm-none-eabi/lib/thumb/v7e-m/fpv5/hard\libc_nano.a(lib_a-snprintf.o)
                0x0000000008011994                sniprintf
                0x0000000008011994                snprintf
 .text.sprintf  0x00000000080119fc       0x40 c:/st/stm32cubeide_1.4.0/stm32cubeide/plugins/com.st.stm32cube.ide.mcu.externaltools.gnu-tools-for-stm32.7-2018-q2-update.win32_1.5.0.202011040924/tools/bin/../lib/gcc/arm-none-eabi/7.3.1/../../../../arm-none-eabi/lib/thumb/v7e-m/fpv5/hard\libc_nano.a(lib_a-sprintf.o)
                0x00000000080119fc                siprintf
                0x00000000080119fc                sprintf
 .text.strcasecmp
                0x0000000008011a3c       0x3c c:/st/stm32cubeide_1.4.0/stm32cubeide/plugins/com.st.stm32cube.ide.mcu.externaltools.gnu-tools-for-stm32.7-2018-q2-update.win32_1.5.0.202011040924/tools/bin/../lib/gcc/arm-none-eabi/7.3.1/../../../../arm-none-eabi/lib/thumb/v7e-m/fpv5/hard\libc_nano.a(lib_a-strcasecmp.o)
                0x0000000008011a3c                strcasecmp
 .text.strcpy   0x0000000008011a78       0x10 c:/st/stm32cubeide_1.4.0/stm32cubeide/plugins/com.st.stm32cube.ide.mcu.externaltools.gnu-tools-for-stm32.7-2018-q2-update.win32_1.5.0.202011040924/tools/bin/../lib/gcc/arm-none-eabi/7.3.1/../../../../arm-none-eabi/lib/thumb/v7e-m/fpv5/hard\libc_nano.a(lib_a-strcpy.o)
                0x0000000008011a78                strcpy
 .text.strncat  0x0000000008011a88       0x28 c:/st/stm32cubeide_1.4.0/stm32cubeide/plugins/com.st.stm32cube.ide.mcu.externaltools.gnu-tools-for-stm32.7-2018-q2-update.win32_1.5.0.202011040924/tools/bin/../lib/gcc/arm-none-eabi/7.3.1/../../../../arm-none-eabi/lib/thumb/v7e-m/fpv5/hard\libc_nano.a(lib_a-strncat.o)
                0x0000000008011a88                strncat
 .text.unlikely.sulp
                0x0000000008011ab0       0x34 c:/st/stm32cubeide_1.4.0/stm32cubeide/plugins/com.st.stm32cube.ide.mcu.externaltools.gnu-tools-for-stm32.7-2018-q2-update.win32_1.5.0.202011040924/tools/bin/../lib/gcc/arm-none-eabi/7.3.1/../../../../arm-none-eabi/lib/thumb/v7e-m/fpv5/hard\libc_nano.a(lib_a-strtod.o)
 *fill*         0x0000000008011ae4        0x4 
 .text._strtod_l
                0x0000000008011ae8      0xb90 c:/st/stm32cubeide_1.4.0/stm32cubeide/plugins/com.st.stm32cube.ide.mcu.externaltools.gnu-tools-for-stm32.7-2018-q2-update.win32_1.5.0.202011040924/tools/bin/../lib/gcc/arm-none-eabi/7.3.1/../../../../arm-none-eabi/lib/thumb/v7e-m/fpv5/hard\libc_nano.a(lib_a-strtod.o)
                0x0000000008011ae8                _strtod_l
 .text.strtod   0x0000000008012678       0x28 c:/st/stm32cubeide_1.4.0/stm32cubeide/plugins/com.st.stm32cube.ide.mcu.externaltools.gnu-tools-for-stm32.7-2018-q2-update.win32_1.5.0.202011040924/tools/bin/../lib/gcc/arm-none-eabi/7.3.1/../../../../arm-none-eabi/lib/thumb/v7e-m/fpv5/hard\libc_nano.a(lib_a-strtod.o)
                0x0000000008012678                strtod
 .text.rshift   0x00000000080126a0       0x74 c:/st/stm32cubeide_1.4.0/stm32cubeide/plugins/com.st.stm32cube.ide.mcu.externaltools.gnu-tools-for-stm32.7-2018-q2-update.win32_1.5.0.202011040924/tools/bin/../lib/gcc/arm-none-eabi/7.3.1/../../../../arm-none-eabi/lib/thumb/v7e-m/fpv5/hard\libc_nano.a(lib_a-gdtoa-gethex.o)
 .text.__hexdig_fun
                0x0000000008012714       0x2a c:/st/stm32cubeide_1.4.0/stm32cubeide/plugins/com.st.stm32cube.ide.mcu.externaltools.gnu-tools-for-stm32.7-2018-q2-update.win32_1.5.0.202011040924/tools/bin/../lib/gcc/arm-none-eabi/7.3.1/../../../../arm-none-eabi/lib/thumb/v7e-m/fpv5/hard\libc_nano.a(lib_a-gdtoa-gethex.o)
                0x0000000008012714                __hexdig_fun
 .text.__gethex
                0x000000000801273e      0x442 c:/st/stm32cubeide_1.4.0/stm32cubeide/plugins/com.st.stm32cube.ide.mcu.externaltools.gnu-tools-for-stm32.7-2018-q2-update.win32_1.5.0.202011040924/tools/bin/../lib/gcc/arm-none-eabi/7.3.1/../../../../arm-none-eabi/lib/thumb/v7e-m/fpv5/hard\libc_nano.a(lib_a-gdtoa-gethex.o)
                0x000000000801273e                __gethex
 .text.L_shift  0x0000000008012b80       0x24 c:/st/stm32cubeide_1.4.0/stm32cubeide/plugins/com.st.stm32cube.ide.mcu.externaltools.gnu-tools-for-stm32.7-2018-q2-update.win32_1.5.0.202011040924/tools/bin/../lib/gcc/arm-none-eabi/7.3.1/../../../../arm-none-eabi/lib/thumb/v7e-m/fpv5/hard\libc_nano.a(lib_a-gdtoa-hexnan.o)
 .text.__match  0x0000000008012ba4       0x28 c:/st/stm32cubeide_1.4.0/stm32cubeide/plugins/com.st.stm32cube.ide.mcu.externaltools.gnu-tools-for-stm32.7-2018-q2-update.win32_1.5.0.202011040924/tools/bin/../lib/gcc/arm-none-eabi/7.3.1/../../../../arm-none-eabi/lib/thumb/v7e-m/fpv5/hard\libc_nano.a(lib_a-gdtoa-hexnan.o)
                0x0000000008012ba4                __match
 .text.__hexnan
                0x0000000008012bcc      0x120 c:/st/stm32cubeide_1.4.0/stm32cubeide/plugins/com.st.stm32cube.ide.mcu.externaltools.gnu-tools-for-stm32.7-2018-q2-update.win32_1.5.0.202011040924/tools/bin/../lib/gcc/arm-none-eabi/7.3.1/../../../../arm-none-eabi/lib/thumb/v7e-m/fpv5/hard\libc_nano.a(lib_a-gdtoa-hexnan.o)
                0x0000000008012bcc                __hexnan
 .text.__locale_ctype_ptr