Archive member included to satisfy reference by file (symbol)

c:/st/stm32cubeide_1.4.0/stm32cubeide/plugins/com.st.stm32cube.ide.mcu.externaltools.gnu-tools-for-stm32.7-2018-q2-update.win32_1.5.0.202011040924/tools/bin/../lib/gcc/arm-none-eabi/7.3.1/../../../../arm-none-eabi/lib/thumb/v7e-m/fpv5/hard\libc_nano.a(lib_a-errno.o)
                              Core/Src/syscalls.o (__errno)
c:/st/stm32cubeide_1.4.0/stm32cubeide/plugins/com.st.stm32cube.ide.mcu.externaltools.gnu-tools-for-stm32.7-2018-q2-update.win32_1.5.0.202011040924/tools/bin/../lib/gcc/arm-none-eabi/7.3.1/../../../../arm-none-eabi/lib/thumb/v7e-m/fpv5/hard\libc_nano.a(lib_a-exit.o)
                              c:/st/stm32cubeide_1.4.0/stm32cubeide/plugins/com.st.stm32cube.ide.mcu.externaltools.gnu-tools-for-stm32.7-2018-q2-update.win32_1.5.0.202011040924/tools/bin/../lib/gcc/arm-none-eabi/7.3.1/../../../../arm-none-eabi/lib/thumb/v7e-m/fpv5/hard/crt0.o (exit)
c:/st/stm32cubeide_1.4.0/stm32cubeide/plugins/com.st.stm32cube.ide.mcu.externaltools.gnu-tools-for-stm32.7-2018-q2-update.win32_1.5.0.202011040924/tools/bin/../lib/gcc/arm-none-eabi/7.3.1/../../../../arm-none-eabi/lib/thumb/v7e-m/fpv5/hard\libc_nano.a(lib_a-findfp.o)
                              Middlewares/FreeRTOS/Src/tasks.o (__sf_fake_stderr)
c:/st/stm32cubeide_1.4.0/stm32cubeide/plugins/com.st.stm32cube.ide.mcu.externaltools.gnu-tools-for-stm32.7-2018-q2-update.win32_1.5.0.202011040924/tools/bin/../lib/gcc/arm-none-eabi/7.3.1/../../../../arm-none-eabi/lib/thumb/v7e-m/fpv5/hard\libc_nano.a(lib_a-fwalk.o)
                              c:/st/stm32cubeide_1.4.0/stm32cubeide/plugins/com.st.stm32cube.ide.mcu.externaltools.gnu-tools-for-stm32.7-2018-q2-update.win32_1.5.0.202011040924/tools/bin/../lib/gcc/arm-none-eabi/7.3.1/../../../../arm-none-eabi/lib/thumb/v7e-m/fpv5/hard\libc_nano.a(lib_a-findfp.o) (_fwalk)
c:/st/stm32cubeide_1.4.0/stm32cubeide/plugins/com.st.stm32cube.ide.mcu.externaltools.gnu-tools-for-stm32.7-2018-q2-update.win32_1.5.0.202011040924/tools/bin/../lib/gcc/arm-none-eabi/7.3.1/../../../../arm-none-eabi/lib/thumb/v7e-m/fpv5/hard\libc_nano.a(lib_a-impure.o)
                              c:/st/stm32cubeide_1.4.0/stm32cubeide/plugins/com.st.stm32cube.ide.mcu.externaltools.gnu-tools-for-stm32.7-2018-q2-update.win32_1.5.0.202011040924/tools/bin/../lib/gcc/arm-none-eabi/7.3.1/../../../../arm-none-eabi/lib/thumb/v7e-m/fpv5/hard\libc_nano.a(lib_a-exit.o) (_global_impure_ptr)
c:/st/stm32cubeide_1.4.0/stm32cubeide/plugins/com.st.stm32cube.ide.mcu.externaltools.gnu-tools-for-stm32.7-2018-q2-update.win32_1.5.0.202011040924/tools/bin/../lib/gcc/arm-none-eabi/7.3.1/../../../../arm-none-eabi/lib/thumb/v7e-m/fpv5/hard\libc_nano.a(lib_a-init.o)
                              c:/st/stm32cubeide_1.4.0/stm32cubeide/plugins/com.st.stm32cube.ide.mcu.externaltools.gnu-tools-for-stm32.7-2018-q2-update.win32_1.5.0.202011040924/tools/bin/../lib/gcc/arm-none-eabi/7.3.1/../../../../arm-none-eabi/lib/thumb/v7e-m/fpv5/hard/crt0.o (__libc_init_array)
c:/st/stm32cubeide_1.4.0/stm32cubeide/plugins/com.st.stm32cube.ide.mcu.externaltools.gnu-tools-for-stm32.7-2018-q2-update.win32_1.5.0.202011040924/tools/bin/../lib/gcc/arm-none-eabi/7.3.1/../../../../arm-none-eabi/lib/thumb/v7e-m/fpv5/hard\libc_nano.a(lib_a-memcmp.o)
                              Middlewares/FreeRTOS-TCP/Src/FreeRTOS_ARP.o (memcmp)
c:/st/stm32cubeide_1.4.0/stm32cubeide/plugins/com.st.stm32cube.ide.mcu.externaltools.gnu-tools-for-stm32.7-2018-q2-update.win32_1.5.0.202011040924/tools/bin/../lib/gcc/arm-none-eabi/7.3.1/../../../../arm-none-eabi/lib/thumb/v7e-m/fpv5/hard\libc_nano.a(lib_a-memcpy-stub.o)
                              Middlewares/FreeRTOS/Src/queue.o (memcpy)
c:/st/stm32cubeide_1.4.0/stm32cubeide/plugins/com.st.stm32cube.ide.mcu.externaltools.gnu-tools-for-stm32.7-2018-q2-update.win32_1.5.0.202011040924/tools/bin/../lib/gcc/arm-none-eabi/7.3.1/../../../../arm-none-eabi/lib/thumb/v7e-m/fpv5/hard\libc_nano.a(lib_a-memmove.o)
                              Middlewares/FreeRTOS-TCP/Src/FreeRTOS_IP.o (memmove)
c:/st/stm32cubeide_1.4.0/stm32cubeide/plugins/com.st.stm32cube.ide.mcu.externaltools.gnu-tools-for-stm32.7-2018-q2-update.win32_1.5.0.202011040924/tools/bin/../lib/gcc/arm-none-eabi/7.3.1/../../../../arm-none-eabi/lib/thumb/v7e-m/fpv5/hard\libc_nano.a(lib_a-memset.o)
                              c:/st/stm32cubeide_1.4.0/stm32cubeide/plugins/com.st.stm32cube.ide.mcu.externaltools.gnu-tools-for-stm32.7-2018-q2-update.win32_1.5.0.202011040924/tools/bin/../lib/gcc/arm-none-eabi/7.3.1/../../../../arm-none-eabi/lib/thumb/v7e-m/fpv5/hard/crt0.o (memset)
c:/st/stm32cubeide_1.4.0/stm32cubeide/plugins/com.st.stm32cube.ide.mcu.externaltools.gnu-tools-for-stm32.7-2018-q2-update.win32_1.5.0.202011040924/tools/bin/../lib/gcc/arm-none-eabi/7.3.1/../../../../arm-none-eabi/lib/thumb/v7e-m/fpv5/hard\libc_nano.a(lib_a-nano-mallocr.o)
[...]
Memory Configuration

Name             Origin             Length             Attributes
RAM              0x0000000020000000 0x0000000000080000 xrw
FLASH            0x0000000008000000 0x0000000000200000 xr
*default*        0x0000000000000000 0xffffffffffffffff

Linker script and memory map

LOAD c:/st/stm32cubeide_1.4.0/stm32cubeide/plugins/com.st.stm32cube.ide.mcu.externaltools.gnu-tools-for-stm32.7-2018-q2-update.win32_1.5.0.202011040924/tools/bin/../lib/gcc/arm-none-eabi/7.3.1/thumb/v7e-m/fpv5/hard/crti.o
LOAD c:/st/stm32cubeide_1.4.0/stm32cubeide/plugins/com.st.stm32cube.ide.mcu.externaltools.gnu-tools-for-stm32.7-2018-q2-update.win32_1.5.0.202011040924/tools/bin/../lib/gcc/arm-none-eabi/7.3.1/thumb/v7e-m/fpv5/hard/crtbegin.o
LOAD c:/st/stm32cubeide_1.4.0/stm32cubeide/plugins/com.st.stm32cube.ide.mcu.externaltools.gnu-tools-for-stm32.7-2018-q2-update.win32_1.5.0.202011040924/tools/bin/../lib/gcc/arm-none-eabi/7.3.1/../../../../arm-none-eabi/lib/thumb/v7e-m/fpv5/hard/crt0.o
LOAD Core/Src/eth.o
LOAD Core/Src/gpio.o
LOAD Core/Src/main.o
LOAD Core/Src/rng.o
LOAD Core/Src/stm32f7xx_hal_msp.o
LOAD Core/Src/stm32f7xx_hal_timebase_tim.o
LOAD Core/Src/stm32f7xx_it.o
LOAD Core/Src/syscalls.o
LOAD Core/Src/sysmem.o
LOAD Core/Src/system_stm32f7xx.o
LOAD Core/Src/usart.o
LOAD Core/Startup/startup_stm32f769nihx.o
LOAD Drivers/STM32F7xx_HAL_Driver/Src/stm32f7xx_hal.o
LOAD Drivers/STM32F7xx_HAL_Driver/Src/stm32f7xx_hal_cortex.o
LOAD Drivers/STM32F7xx_HAL_Driver/Src/stm32f7xx_hal_dma.o
LOAD Drivers/STM32F7xx_HAL_Driver/Src/stm32f7xx_hal_dma_ex.o
LOAD Drivers/STM32F7xx_HAL_Driver/Src/stm32f7xx_hal_exti.o
LOAD Drivers/STM32F7xx_HAL_Driver/Src/stm32f7xx_hal_flash.o
LOAD Drivers/STM32F7xx_HAL_Driver/Src/stm32f7xx_hal_flash_ex.o
LOAD Drivers/STM32F7xx_HAL_Driver/Src/stm32f7xx_hal_gpio.o
LOAD Drivers/STM32F7xx_HAL_Driver/Src/stm32f7xx_hal_i2c.o
LOAD Drivers/STM32F7xx_HAL_Driver/Src/stm32f7xx_hal_i2c_ex.o
LOAD Drivers/STM32F7xx_HAL_Driver/Src/stm32f7xx_hal_pwr.o
LOAD Drivers/STM32F7xx_HAL_Driver/Src/stm32f7xx_hal_pwr_ex.o
LOAD Drivers/STM32F7xx_HAL_Driver/Src/stm32f7xx_hal_rcc.o
LOAD Drivers/STM32F7xx_HAL_Driver/Src/stm32f7xx_hal_rcc_ex.o
LOAD Drivers/STM32F7xx_HAL_Driver/Src/stm32f7xx_hal_rng.o
LOAD Drivers/STM32F7xx_HAL_Driver/Src/stm32f7xx_hal_tim.o
LOAD Drivers/STM32F7xx_HAL_Driver/Src/stm32f7xx_hal_tim_ex.o
LOAD Drivers/STM32F7xx_HAL_Driver/Src/stm32f7xx_hal_uart.o
LOAD Drivers/STM32F7xx_HAL_Driver/Src/stm32f7xx_hal_uart_ex.o
LOAD Drivers/STM32F7xx_HAL_Driver/Src/stm32fxx_hal_eth.o
LOAD Middlewares/FreeRTOS/Src/croutine.o
LOAD Middlewares/FreeRTOS/Src/event_groups.o
LOAD Middlewares/FreeRTOS/Src/list.o
LOAD Middlewares/FreeRTOS/Src/queue.o
LOAD Middlewares/FreeRTOS/Src/stream_buffer.o
LOAD Middlewares/FreeRTOS/Src/tasks.o
LOAD Middlewares/FreeRTOS/Src/timers.o
LOAD Middlewares/FreeRTOS/Src/portable/MemMang/heap_4.o
LOAD Middlewares/FreeRTOS/Src/portable/port/port.o
LOAD Middlewares/FreeRTOS-TCP/Src/FreeRTOS_ARP.o
LOAD Middlewares/FreeRTOS-TCP/Src/FreeRTOS_DHCP.o
LOAD Middlewares/FreeRTOS-TCP/Src/FreeRTOS_DNS.o
LOAD Middlewares/FreeRTOS-TCP/Src/FreeRTOS_IP.o
LOAD Middlewares/FreeRTOS-TCP/Src/FreeRTOS_Sockets.o
LOAD Middlewares/FreeRTOS-TCP/Src/FreeRTOS_Stream_Buffer.o
LOAD Middlewares/FreeRTOS-TCP/Src/FreeRTOS_TCP_IP.o
LOAD Middlewares/FreeRTOS-TCP/Src/FreeRTOS_TCP_WIN.o
LOAD Middlewares/FreeRTOS-TCP/Src/FreeRTOS_UDP_IP.o
LOAD Middlewares/FreeRTOS-TCP/Src/NetworkInterface.o
LOAD Middlewares/FreeRTOS-TCP/Src/phyHandling.o
LOAD Middlewares/FreeRTOS-TCP/Src/portable/BufferManagement/BufferAllocation_2.o
START GROUP
LOAD c:/st/stm32cubeide_1.4.0/stm32cubeide/plugins/com.st.stm32cube.ide.mcu.externaltools.gnu-tools-for-stm32.7-2018-q2-update.win32_1.5.0.202011040924/tools/bin/../lib/gcc/arm-none-eabi/7.3.1/../../../../arm-none-eabi/lib/thumb/v7e-m/fpv5/hard\libc_nano.a
LOAD c:/st/stm32cubeide_1.4.0/stm32cubeide/plugins/com.st.stm32cube.ide.mcu.externaltools.gnu-tools-for-stm32.7-2018-q2-update.win32_1.5.0.202011040924/tools/bin/../lib/gcc/arm-none-eabi/7.3.1/../../../../arm-none-eabi/lib/thumb/v7e-m/fpv5/hard\libm.a
END GROUP
START GROUP
LOAD c:/st/stm32cubeide_1.4.0/stm32cubeide/plugins/com.st.stm32cube.ide.mcu.externaltools.gnu-tools-for-stm32.7-2018-q2-update.win32_1.5.0.202011040924/tools/bin/../lib/gcc/arm-none-eabi/7.3.1/thumb/v7e-m/fpv5/hard\libgcc.a
LOAD c:/st/stm32cubeide_1.4.0/stm32cubeide/plugins/com.st.stm32cube.ide.mcu.externaltools.gnu-tools-for-stm32.7-2018-q2-update.win32_1.5.0.202011040924/tools/bin/../lib/gcc/arm-none-eabi/7.3.1/../../../../arm-none-eabi/lib/thumb/v7e-m/fpv5/hard\libc_nano.a
END GROUP
START GROUP
LOAD c:/st/stm32cubeide_1.4.0/stm32cubeide/plugins/com.st.stm32cube.ide.mcu.externaltools.gnu-tools-for-stm32.7-2018-q2-update.win32_1.5.0.202011040924/tools/bin/../lib/gcc/arm-none-eabi/7.3.1/thumb/v7e-m/fpv5/hard\libgcc.a
LOAD c:/st/stm32cubeide_1.4.0/stm32cubeide/plugins/com.st.stm32cube.ide.mcu.externaltools.gnu-tools-for-stm32.7-2018-q2-update.win32_1.5.0.202011040924/tools/bin/../lib/gcc/arm-none-eabi/7.3.1/../../../../arm-none-eabi/lib/thumb/v7e-m/fpv5/hard\libc_nano.a
LOAD c:/st/stm32cubeide_1.4.0/stm32cubeide/plugins/com.st.stm32cube.ide.mcu.externaltools.gnu-tools-for-stm32.7-2018-q2-update.win32_1.5.0.202011040924/tools/bin/../lib/gcc/arm-none-eabi/7.3.1/../../../../arm-none-eabi/lib/thumb/v7e-m/fpv5/hard\libnosys.a
END GROUP
START GROUP
LOAD c:/st/stm32cubeide_1.4.0/stm32cubeide/plugins/com.st.stm32cube.ide.mcu.externaltools.gnu-tools-for-stm32.7-2018-q2-update.win32_1.5.0.202011040924/tools/bin/../lib/gcc/arm-none-eabi/7.3.1/thumb/v7e-m/fpv5/hard\libgcc.a
LOAD c:/st/stm32cubeide_1.4.0/stm32cubeide/plugins/com.st.stm32cube.ide.mcu.externaltools.gnu-tools-for-stm32.7-2018-q2-update.win32_1.5.0.202011040924/tools/bin/../lib/gcc/arm-none-eabi/7.3.1/../../../../arm-none-eabi/lib/thumb/v7e-m/fpv5/hard\libc_nano.a
LOAD c:/st/stm32cubeide_1.4.0/stm32cubeide/plugins/com.st.stm32cube.ide.mcu.externaltools.gnu-tools-for-stm32.7-2018-q2-update.win32_1.5.0.202011040924/tools/bin/../lib/gcc/arm-none-eabi/7.3.1/../../../../arm-none-eabi/lib/thumb/v7e-m/fpv5/hard\libnosys.a
END GROUP
LOAD c:/st/stm32cubeide_1.4.0/stm32cubeide/plugins/com.st.stm32cube.ide.mcu.externaltools.gnu-tools-for-stm32.7-2018-q2-update.win32_1.5.0.202011040924/tools/bin/../lib/gcc/arm-none-eabi/7.3.1/thumb/v7e-m/fpv5/hard/crtend.o
LOAD c:/st/stm32cubeide_1.4.0/stm32cubeide/plugins/com.st.stm32cube.ide.mcu.externaltools.gnu-tools-for-stm32.7-2018-q2-update.win32_1.5.0.202011040924/tools/bin/../lib/gcc/arm-none-eabi/7.3.1/thumb/v7e-m/fpv5/hard/crtn.o
                0x0000000020080000                _estack = (ORIGIN (RAM) + LENGTH (RAM))
                0x0000000000000200                _Min_Heap_Size = 0x200
                0x0000000000000400                _Min_Stack_Size = 0x400

.isr_vector     0x0000000008000000      0x1f8
                0x0000000008000000                . = ALIGN (0x4)
 *(.isr_vector)
 .isr_vector    0x0000000008000000      0x1f8 Core/Startup/startup_stm32f769nihx.o
                0x0000000008000000                g_pfnVectors
                0x00000000080001f8                . = ALIGN (0x4)

.text           0x0000000008000200    0x13644
                0x0000000008000200                . = ALIGN (0x4)
 *(.text)
 .text          0x0000000008000200       0x40 c:/st/stm32cubeide_1.4.0/stm32cubeide/plugins/com.st.stm32cube.ide.mcu.externaltools.gnu-tools-for-stm32.7-2018-q2-update.win32_1.5.0.202011040924/tools/bin/../lib/gcc/arm-none-eabi/7.3.1/thumb/v7e-m/fpv5/hard/crtbegin.o
 .text          0x0000000008000240       0x14 c:/st/stm32cubeide_1.4.0/stm32cubeide/plugins/com.st.stm32cube.ide.mcu.externaltools.gnu-tools-for-stm32.7-2018-q2-update.win32_1.5.0.202011040924/tools/bin/../lib/gcc/arm-none-eabi/7.3.1/../../../../arm-none-eabi/lib/thumb/v7e-m/fpv5/hard\libc_nano.a(lib_a-strcmp.o)
                0x0000000008000240                strcmp
 .text          0x0000000008000254       0x10 c:/st/stm32cubeide_1.4.0/stm32cubeide/plugins/com.st.stm32cube.ide.mcu.externaltools.gnu-tools-for-stm32.7-2018-q2-update.win32_1.5.0.202011040924/tools/bin/../lib/gcc/arm-none-eabi/7.3.1/../../../../arm-none-eabi/lib/thumb/v7e-m/fpv5/hard\libc_nano.a(lib_a-strlen.o)
                0x0000000008000254                strlen
 *fill*         0x0000000008000264        0xc 
 .text          0x0000000008000270       0xa0 c:/st/stm32cubeide_1.4.0/stm32cubeide/plugins/com.st.stm32cube.ide.mcu.externaltools.gnu-tools-for-stm32.7-2018-q2-update.win32_1.5.0.202011040924/tools/bin/../lib/gcc/arm-none-eabi/7.3.1/../../../../arm-none-eabi/lib/thumb/v7e-m/fpv5/hard\libc_nano.a(lib_a-memchr.o)
                0x0000000008000270                memchr
 .text          0x0000000008000310       0x30 c:/st/stm32cubeide_1.4.0/stm32cubeide/plugins/com.st.stm32cube.ide.mcu.externaltools.gnu-tools-for-stm32.7-2018-q2-update.win32_1.5.0.202011040924/tools/bin/../lib/gcc/arm-none-eabi/7.3.1/thumb/v7e-m/fpv5/hard\libgcc.a(_aeabi_uldivmod.o)
                0x0000000008000310                __aeabi_uldivmod
 .text          0x0000000008000340      0x2cc c:/st/stm32cubeide_1.4.0/stm32cubeide/plugins/com.st.stm32cube.ide.mcu.externaltools.gnu-tools-for-stm32.7-2018-q2-update.win32_1.5.0.202011040924/tools/bin/../lib/gcc/arm-none-eabi/7.3.1/thumb/v7e-m/fpv5/hard\libgcc.a(_udivmoddi4.o)
                0x0000000008000340                __udivmoddi4
 .text          0x000000000800060c        0x4 c:/st/stm32cubeide_1.4.0/stm32cubeide/plugins/com.st.stm32cube.ide.mcu.externaltools.gnu-tools-for-stm32.7-2018-q2-update.win32_1.5.0.202011040924/tools/bin/../lib/gcc/arm-none-eabi/7.3.1/thumb/v7e-m/fpv5/hard\libgcc.a(_dvmd_tls.o)
                0x000000000800060c                __aeabi_idiv0
                0x000000000800060c                __aeabi_ldiv0
 *(.text*)
 .text.HAL_ETH_MspInit
                0x0000000008000610      0x180 Core/Src/eth.o
                0x0000000008000610                HAL_ETH_MspInit
 .text.MX_GPIO_Init
                0x0000000008000790      0x110 Core/Src/gpio.o
                0x0000000008000790                MX_GPIO_Init
 .text.pcApplicationHostnameHook
                0x00000000080008a0       0x14 Core/Src/main.o
                0x00000000080008a0                pcApplicationHostnameHook
 .text.prvSRand
                0x00000000080008b4       0x20 Core/Src/main.o
 .text.uxRand   0x00000000080008d4       0x78 Core/Src/main.o
                0x00000000080008d4                uxRand
 .text.vLoggingPrintf
                0x000000000800094c       0x12 Core/Src/main.o
                0x000000000800094c                vLoggingPrintf
 *fill*         0x000000000800095e        0x2 
 .text.xApplicationDNSQueryHook
                0x0000000008000960       0x48 Core/Src/main.o
                0x0000000008000960                xApplicationDNSQueryHook
 .text.xApplicationGetRandomNumber
                0x00000000080009a8       0x1c Core/Src/main.o
                0x00000000080009a8                xApplicationGetRandomNumber
 .text.ulApplicationGetNextSequenceNumber
                0x00000000080009c4       0x24 Core/Src/main.o
                0x00000000080009c4                ulApplicationGetNextSequenceNumber
 .text.vUDPSendUsingStandardInterface
                0x00000000080009e8       0xb4 Core/Src/main.o
 .text.vUDPReceivingUsingStandardInterface
                0x0000000008000a9c       0x88 Core/Src/main.o
 .text.vApplicationIPNetworkEventHook
                0x0000000008000b24       0x84 Core/Src/main.o
                0x0000000008000b24                vApplicationIPNetworkEventHook
 .text.vAssertCalled
                0x0000000008000ba8       0x28 Core/Src/main.o
                0x0000000008000ba8                vAssertCalled
 .text.main     0x0000000008000bd0       0x44 Core/Src/main.o
                0x0000000008000bd0                main
 .text.SystemClock_Config
                0x0000000008000c14      0x128 Core/Src/main.o
                0x0000000008000c14                SystemClock_Config
 .text.HAL_TIM_PeriodElapsedCallback
                0x0000000008000d3c       0x24 Core/Src/main.o
                0x0000000008000d3c                HAL_TIM_PeriodElapsedCallback
 .text.Error_Handler
                0x0000000008000d60        0x8 Core/Src/main.o
                0x0000000008000d60                Error_Handler
 .text.MX_RNG_Init
                0x0000000008000d68       0x28 Core/Src/rng.o
                0x0000000008000d68                MX_RNG_Init
 .text.HAL_RNG_MspInit
                0x0000000008000d90       0x4c Core/Src/rng.o
                0x0000000008000d90                HAL_RNG_MspInit
 .text.HAL_MspInit
                0x0000000008000ddc       0x48 Core/Src/stm32f7xx_hal_msp.o
                0x0000000008000ddc                HAL_MspInit
 .text.HAL_InitTick
                0x0000000008000e24       0xb0 Core/Src/stm32f7xx_hal_timebase_tim.o
                0x0000000008000e24                HAL_InitTick
 .text.NMI_Handler
                0x0000000008000ed4        0x6 Core/Src/stm32f7xx_it.o
                0x0000000008000ed4                NMI_Handler
 .text.HardFault_Handler
                0x0000000008000eda        0x6 Core/Src/stm32f7xx_it.o
                0x0000000008000eda                HardFault_Handler
 .text.MemManage_Handler
                0x0000000008000ee0        0x6 Core/Src/stm32f7xx_it.o
                0x0000000008000ee0                MemManage_Handler
 .text.BusFault_Handler
                0x0000000008000ee6        0x6 Core/Src/stm32f7xx_it.o
                0x0000000008000ee6                BusFault_Handler
 .text.UsageFault_Handler
                0x0000000008000eec        0x6 Core/Src/stm32f7xx_it.o
                0x0000000008000eec                UsageFault_Handler
 .text.DebugMon_Handler
                0x0000000008000ef2        0xe Core/Src/stm32f7xx_it.o
                0x0000000008000ef2                DebugMon_Handler
 .text.TIM6_DAC_IRQHandler
                0x0000000008000f00       0x14 Core/Src/stm32f7xx_it.o
                0x0000000008000f00                TIM6_DAC_IRQHandler
 .text.RNG_IRQHandler
                0x0000000008000f14       0x14 Core/Src/stm32f7xx_it.o
                0x0000000008000f14                RNG_IRQHandler
 .text._sbrk    0x0000000008000f28       0x6c Core/Src/sysmem.o
                0x0000000008000f28                _sbrk
 .text.SystemInit
                0x0000000008000f94       0x2c Core/Src/system_stm32f7xx.o
                0x0000000008000f94                SystemInit
 .text.MX_USART1_UART_Init
                0x0000000008000fc0       0x60 Core/Src/usart.o
                0x0000000008000fc0                MX_USART1_UART_Init
 .text.HAL_UART_MspInit
                0x0000000008001020       0xc4 Core/Src/usart.o
                0x0000000008001020                HAL_UART_MspInit
 .text.Reset_Handler
                0x00000000080010e4       0x50 Core/Startup/startup_stm32f769nihx.o
                0x00000000080010e4                Reset_Handler
 .text.Default_Handler
                0x0000000008001134        0x2 Core/Startup/startup_stm32f769nihx.o
                0x0000000008001134                RTC_Alarm_IRQHandler
                0x0000000008001134                EXTI2_IRQHandler
                0x0000000008001134                TIM8_CC_IRQHandler
                0x0000000008001134                UART8_IRQHandler
                0x0000000008001134                SPI4_IRQHandler
                0x0000000008001134                TIM1_CC_IRQHandler
                0x0000000008001134                DMA2_Stream5_IRQHandler
                0x0000000008001134                JPEG_IRQHandler
                0x0000000008001134                DMA1_Stream5_IRQHandler
                0x0000000008001134                CAN3_RX1_IRQHandler
                0x0000000008001134                PVD_IRQHandler
                0x0000000008001134                TAMP_STAMP_IRQHandler
                0x0000000008001134                CAN2_RX1_IRQHandler
                0x0000000008001134                EXTI3_IRQHandler
                0x0000000008001134                TIM8_TRG_COM_TIM14_IRQHandler
                0x0000000008001134                DFSDM1_FLT1_IRQHandler
                0x0000000008001134                TIM1_UP_TIM10_IRQHandler
                0x0000000008001134                TIM8_UP_TIM13_IRQHandler
                0x0000000008001134                I2C3_ER_IRQHandler
                0x0000000008001134                DFSDM1_FLT2_IRQHandler
                0x0000000008001134                EXTI0_IRQHandler
                0x0000000008001134                I2C2_EV_IRQHandler
                0x0000000008001134                DMA1_Stream2_IRQHandler
                0x0000000008001134                CAN1_RX0_IRQHandler
                0x0000000008001134                FPU_IRQHandler
                0x0000000008001134                OTG_HS_WKUP_IRQHandler
                0x0000000008001134                CAN3_SCE_IRQHandler
                0x0000000008001134                LTDC_ER_IRQHandler
                0x0000000008001134                CAN2_SCE_IRQHandler
                0x0000000008001134                DMA2_Stream2_IRQHandler
                0x0000000008001134                SPI1_IRQHandler
                0x0000000008001134                TIM1_BRK_TIM9_IRQHandler
                0x0000000008001134                DCMI_IRQHandler
                0x0000000008001134                CAN2_RX0_IRQHandler
                0x0000000008001134                DMA2_Stream3_IRQHandler
                0x0000000008001134                SAI2_IRQHandler
                0x0000000008001134                DFSDM1_FLT3_IRQHandler
                0x0000000008001134                USART6_IRQHandler
                0x0000000008001134                CAN3_RX0_IRQHandler
                0x0000000008001134                USART3_IRQHandler
                0x0000000008001134                CAN1_RX1_IRQHandler
                0x0000000008001134                UART5_IRQHandler
                0x0000000008001134                DMA2_Stream0_IRQHandler
                0x0000000008001134                TIM4_IRQHandler
                0x0000000008001134                QUADSPI_IRQHandler
                0x0000000008001134                I2C1_EV_IRQHandler
                0x0000000008001134                DMA1_Stream6_IRQHandler
                0x0000000008001134                DMA1_Stream1_IRQHandler
                0x0000000008001134                UART4_IRQHandler
                0x0000000008001134                TIM3_IRQHandler
                0x0000000008001134                RCC_IRQHandler
                0x0000000008001134                TIM8_BRK_TIM12_IRQHandler
                0x0000000008001134                Default_Handler
                0x0000000008001134                CEC_IRQHandler
                0x0000000008001134                EXTI15_10_IRQHandler
                0x0000000008001134                ADC_IRQHandler
                0x0000000008001134                DMA1_Stream7_IRQHandler
                0x0000000008001134                SPI5_IRQHandler
                0x0000000008001134                TIM7_IRQHandler
                0x0000000008001134                SDMMC1_IRQHandler
                0x0000000008001134                CAN2_TX_IRQHandler
                0x0000000008001134                TIM5_IRQHandler
                0x0000000008001134                DMA2_Stream7_IRQHandler
                0x0000000008001134                I2C3_EV_IRQHandler
                0x0000000008001134                EXTI9_5_IRQHandler
                0x0000000008001134                RTC_WKUP_IRQHandler
                0x0000000008001134                LTDC_IRQHandler
                0x0000000008001134                ETH_WKUP_IRQHandler
                0x0000000008001134                SPDIF_RX_IRQHandler
                0x0000000008001134                SPI2_IRQHandler
                0x0000000008001134                OTG_HS_EP1_IN_IRQHandler
                0x0000000008001134                DMA1_Stream0_IRQHandler
                0x0000000008001134                CAN1_TX_IRQHandler
                0x0000000008001134                EXTI4_IRQHandler
                0x0000000008001134                DSI_IRQHandler
                0x0000000008001134                OTG_HS_EP1_OUT_IRQHandler
                0x0000000008001134                WWDG_IRQHandler
                0x0000000008001134                SPI6_IRQHandler
                0x0000000008001134                MDIOS_IRQHandler
                0x0000000008001134                I2C4_EV_IRQHandler
                0x0000000008001134                CAN3_TX_IRQHandler
                0x0000000008001134                TIM2_IRQHandler
                0x0000000008001134                OTG_FS_WKUP_IRQHandler
                0x0000000008001134                TIM1_TRG_COM_TIM11_IRQHandler
                0x0000000008001134                OTG_HS_IRQHandler
                0x0000000008001134                DMA2D_IRQHandler
                0x0000000008001134                EXTI1_IRQHandler
                0x0000000008001134                SDMMC2_IRQHandler
                0x0000000008001134                UART7_IRQHandler
                0x0000000008001134                USART2_IRQHandler
                0x0000000008001134                DFSDM1_FLT0_IRQHandler
                0x0000000008001134                I2C2_ER_IRQHandler
                0x0000000008001134                DMA2_Stream1_IRQHandler
                0x0000000008001134                CAN1_SCE_IRQHandler
                0x0000000008001134                FLASH_IRQHandler
                0x0000000008001134                DMA2_Stream4_IRQHandler
                0x0000000008001134                USART1_IRQHandler
                0x0000000008001134                OTG_FS_IRQHandler
                0x0000000008001134                SPI3_IRQHandler
                0x0000000008001134                DMA1_Stream4_IRQHandler
                0x0000000008001134                I2C1_ER_IRQHandler
                0x0000000008001134                FMC_IRQHandler
                0x0000000008001134                LPTIM1_IRQHandler
                0x0000000008001134                I2C4_ER_IRQHandler
                0x0000000008001134                DMA2_Stream6_IRQHandler
                0x0000000008001134                SAI1_IRQHandler
                0x0000000008001134                DMA1_Stream3_IRQHandler
 .text.HAL_Init
                0x0000000008001136       0x1a Drivers/STM32F7xx_HAL_Driver/Src/stm32f7xx_hal.o
                0x0000000008001136                HAL_Init
 .text.HAL_IncTick
                0x0000000008001150       0x28 Drivers/STM32F7xx_HAL_Driver/Src/stm32f7xx_hal.o
                0x0000000008001150                HAL_IncTick
 .text.HAL_GetTick
                0x0000000008001178       0x18 Drivers/STM32F7xx_HAL_Driver/Src/stm32f7xx_hal.o
                0x0000000008001178                HAL_GetTick
 .text.__NVIC_SetPriorityGrouping
                0x0000000008001190       0x48 Drivers/STM32F7xx_HAL_Driver/Src/stm32f7xx_hal_cortex.o
 .text.__NVIC_GetPriorityGrouping
                0x00000000080011d8       0x1c Drivers/STM32F7xx_HAL_Driver/Src/stm32f7xx_hal_cortex.o
 .text.__NVIC_EnableIRQ
                0x00000000080011f4       0x3c Drivers/STM32F7xx_HAL_Driver/Src/stm32f7xx_hal_cortex.o
 .text.__NVIC_SetPriority
                0x0000000008001230       0x54 Drivers/STM32F7xx_HAL_Driver/Src/stm32f7xx_hal_cortex.o
 .text.NVIC_EncodePriority
                0x0000000008001284       0x66 Drivers/STM32F7xx_HAL_Driver/Src/stm32f7xx_hal_cortex.o
 .text.HAL_NVIC_SetPriorityGrouping
                0x00000000080012ea       0x16 Drivers/STM32F7xx_HAL_Driver/Src/stm32f7xx_hal_cortex.o
                0x00000000080012ea                HAL_NVIC_SetPriorityGrouping
 .text.HAL_NVIC_SetPriority
                0x0000000008001300       0x38 Drivers/STM32F7xx_HAL_Driver/Src/stm32f7xx_hal_cortex.o
                0x0000000008001300                HAL_NVIC_SetPriority
 .text.HAL_NVIC_EnableIRQ
                0x0000000008001338       0x1c Drivers/STM32F7xx_HAL_Driver/Src/stm32f7xx_hal_cortex.o
                0x0000000008001338                HAL_NVIC_EnableIRQ
 .text.HAL_GPIO_Init
                0x0000000008001354      0x354 Drivers/STM32F7xx_HAL_Driver/Src/stm32f7xx_hal_gpio.o
                0x0000000008001354                HAL_GPIO_Init
 .text.HAL_GPIO_ReadPin
                0x00000000080016a8       0x30 Drivers/STM32F7xx_HAL_Driver/Src/stm32f7xx_hal_gpio.o
                0x00000000080016a8                HAL_GPIO_ReadPin
 .text.HAL_GPIO_WritePin
                0x00000000080016d8       0x32 Drivers/STM32F7xx_HAL_Driver/Src/stm32f7xx_hal_gpio.o
                0x00000000080016d8                HAL_GPIO_WritePin
 .text.HAL_GPIO_TogglePin
                0x000000000800170a       0x34 Drivers/STM32F7xx_HAL_Driver/Src/stm32f7xx_hal_gpio.o
                0x000000000800170a                HAL_GPIO_TogglePin
 *fill*         0x000000000800173e        0x2 
 .text.HAL_PWREx_EnableOverDrive
                0x0000000008001740       0xa0 Drivers/STM32F7xx_HAL_Driver/Src/stm32f7xx_hal_pwr_ex.o
                0x0000000008001740                HAL_PWREx_EnableOverDrive
 .text.HAL_RCC_OscConfig
                0x00000000080017e0      0x55c Drivers/STM32F7xx_HAL_Driver/Src/stm32f7xx_hal_rcc.o
                0x00000000080017e0                HAL_RCC_OscConfig
 .text.HAL_RCC_ClockConfig
                0x0000000008001d3c      0x1d8 Drivers/STM32F7xx_HAL_Driver/Src/stm32f7xx_hal_rcc.o
                0x0000000008001d3c                HAL_RCC_ClockConfig
 .text.HAL_RCC_GetSysClockFreq
                0x0000000008001f14      0x164 Drivers/STM32F7xx_HAL_Driver/Src/stm32f7xx_hal_rcc.o
                0x0000000008001f14                HAL_RCC_GetSysClockFreq
 .text.HAL_RCC_GetHCLKFreq
                0x0000000008002078       0x18 Drivers/STM32F7xx_HAL_Driver/Src/stm32f7xx_hal_rcc.o
                0x0000000008002078                HAL_RCC_GetHCLKFreq
 .text.HAL_RCC_GetPCLK1Freq
                0x0000000008002090       0x28 Drivers/STM32F7xx_HAL_Driver/Src/stm32f7xx_hal_rcc.o
                0x0000000008002090                HAL_RCC_GetPCLK1Freq
 .text.HAL_RCC_GetPCLK2Freq
                0x00000000080020b8       0x28 Drivers/STM32F7xx_HAL_Driver/Src/stm32f7xx_hal_rcc.o
                0x00000000080020b8                HAL_RCC_GetPCLK2Freq
 .text.HAL_RCC_GetClockConfig
                0x00000000080020e0       0x64 Drivers/STM32F7xx_HAL_Driver/Src/stm32f7xx_hal_rcc.o
                0x00000000080020e0                HAL_RCC_GetClockConfig
 .text.HAL_RCCEx_PeriphCLKConfig
                0x0000000008002144      0x84c Drivers/STM32F7xx_HAL_Driver/Src/stm32f7xx_hal_rcc_ex.o
                0x0000000008002144                HAL_RCCEx_PeriphCLKConfig
 .text.HAL_RNG_Init
                0x0000000008002990       0x54 Drivers/STM32F7xx_HAL_Driver/Src/stm32f7xx_hal_rng.o
                0x0000000008002990                HAL_RNG_Init
 .text.HAL_RNG_GenerateRandomNumber
                0x00000000080029e4       0x9e Drivers/STM32F7xx_HAL_Driver/Src/stm32f7xx_hal_rng.o
                0x00000000080029e4                HAL_RNG_GenerateRandomNumber
 .text.HAL_RNG_IRQHandler
                0x0000000008002a82       0xac Drivers/STM32F7xx_HAL_Driver/Src/stm32f7xx_hal_rng.o
                0x0000000008002a82                HAL_RNG_IRQHandler
 .text.HAL_RNG_ReadyDataCallback
                0x0000000008002b2e       0x16 Drivers/STM32F7xx_HAL_Driver/Src/stm32f7xx_hal_rng.o
                0x0000000008002b2e                HAL_RNG_ReadyDataCallback
 .text.HAL_RNG_ErrorCallback
                0x0000000008002b44       0x14 Drivers/STM32F7xx_HAL_Driver/Src/stm32f7xx_hal_rng.o
                0x0000000008002b44                HAL_RNG_ErrorCallback
 .text.HAL_TIM_Base_Init
                0x0000000008002b58       0x56 Drivers/STM32F7xx_HAL_Driver/Src/stm32f7xx_hal_tim.o
                0x0000000008002b58                HAL_TIM_Base_Init
 .text.HAL_TIM_Base_MspInit
                0x0000000008002bae       0x14 Drivers/STM32F7xx_HAL_Driver/Src/stm32f7xx_hal_tim.o
                0x0000000008002bae                HAL_TIM_Base_MspInit
 *fill*         0x0000000008002bc2        0x2 
 .text.HAL_TIM_Base_Start_IT
                0x0000000008002bc4       0x54 Drivers/STM32F7xx_HAL_Driver/Src/stm32f7xx_hal_tim.o
                0x0000000008002bc4                HAL_TIM_Base_Start_IT
 .text.HAL_TIM_IRQHandler
                0x0000000008002c18      0x23e Drivers/STM32F7xx_HAL_Driver/Src/stm32f7xx_hal_tim.o
                0x0000000008002c18                HAL_TIM_IRQHandler
 .text.HAL_TIM_OC_DelayElapsedCallback
                0x0000000008002e56       0x14 Drivers/STM32F7xx_HAL_Driver/Src/stm32f7xx_hal_tim.o
                0x0000000008002e56                HAL_TIM_OC_DelayElapsedCallback
 .text.HAL_TIM_IC_CaptureCallback
                0x0000000008002e6a       0x14 Drivers/STM32F7xx_HAL_Driver/Src/stm32f7xx_hal_tim.o
                0x0000000008002e6a                HAL_TIM_IC_CaptureCallback
 .text.HAL_TIM_PWM_PulseFinishedCallback
                0x0000000008002e7e       0x14 Drivers/STM32F7xx_HAL_Driver/Src/stm32f7xx_hal_tim.o
                0x0000000008002e7e                HAL_TIM_PWM_PulseFinishedCallback
 .text.HAL_TIM_TriggerCallback
                0x0000000008002e92       0x14 Drivers/STM32F7xx_HAL_Driver/Src/stm32f7xx_hal_tim.o
                0x0000000008002e92                HAL_TIM_TriggerCallback
 *fill*         0x0000000008002ea6        0x2 
 .text.TIM_Base_SetConfig
                0x0000000008002ea8      0x140 Drivers/STM32F7xx_HAL_Driver/Src/stm32f7xx_hal_tim.o
                0x0000000008002ea8                TIM_Base_SetConfig
 .text.HAL_TIMEx_CommutCallback
                0x0000000008002fe8       0x14 Drivers/STM32F7xx_HAL_Driver/Src/stm32f7xx_hal_tim_ex.o
                0x0000000008002fe8                HAL_TIMEx_CommutCallback
 .text.HAL_TIMEx_BreakCallback
                0x0000000008002ffc       0x14 Drivers/STM32F7xx_HAL_Driver/Src/stm32f7xx_hal_tim_ex.o
                0x0000000008002ffc                HAL_TIMEx_BreakCallback
 .text.HAL_TIMEx_Break2Callback
                0x0000000008003010       0x14 Drivers/STM32F7xx_HAL_Driver/Src/stm32f7xx_hal_tim_ex.o
                0x0000000008003010                HAL_TIMEx_Break2Callback
 .text.HAL_UART_Init
                0x0000000008003024       0x9c Drivers/STM32F7xx_HAL_Driver/Src/stm32f7xx_hal_uart.o
                0x0000000008003024                HAL_UART_Init
 .text.UART_SetConfig
                0x00000000080030c0      0x554 Drivers/STM32F7xx_HAL_Driver/Src/stm32f7xx_hal_uart.o
                0x00000000080030c0                UART_SetConfig
 .text.UART_AdvFeatureConfig
                0x0000000008003614      0x144 Drivers/STM32F7xx_HAL_Driver/Src/stm32f7xx_hal_uart.o
                0x0000000008003614                UART_AdvFeatureConfig
 .text.UART_CheckIdleState
                0x0000000008003758       0x8a Drivers/STM32F7xx_HAL_Driver/Src/stm32f7xx_hal_uart.o
                0x0000000008003758                UART_CheckIdleState
 .text.UART_WaitOnFlagUntilTimeout
                0x00000000080037e2       0xf6 Drivers/STM32F7xx_HAL_Driver/Src/stm32f7xx_hal_uart.o
                0x00000000080037e2                UART_WaitOnFlagUntilTimeout
 .text.HAL_ETH_Init
                0x00000000080038d8      0x154 Drivers/STM32F7xx_HAL_Driver/Src/stm32fxx_hal_eth.o
                0x00000000080038d8                HAL_ETH_Init
 .text.HAL_ETH_IRQHandler
                0x0000000008003a2c       0x64 Drivers/STM32F7xx_HAL_Driver/Src/stm32fxx_hal_eth.o
                0x0000000008003a2c                HAL_ETH_IRQHandler
 .text.HAL_ETH_ErrorCallback
                0x0000000008003a90       0x14 Drivers/STM32F7xx_HAL_Driver/Src/stm32fxx_hal_eth.o
                0x0000000008003a90                HAL_ETH_ErrorCallback
 .text.HAL_ETH_ReadPHYRegister
                0x0000000008003aa4       0xe0 Drivers/STM32F7xx_HAL_Driver/Src/stm32fxx_hal_eth.o
                0x0000000008003aa4                HAL_ETH_ReadPHYRegister
 .text.HAL_ETH_WritePHYRegister
                0x0000000008003b84       0xe0 Drivers/STM32F7xx_HAL_Driver/Src/stm32fxx_hal_eth.o
                0x0000000008003b84                HAL_ETH_WritePHYRegister
 .text.HAL_ETH_Start
                0x0000000008003c64       0x5e Drivers/STM32F7xx_HAL_Driver/Src/stm32fxx_hal_eth.o
                0x0000000008003c64                HAL_ETH_Start
 .text.HAL_ETH_Stop
                0x0000000008003cc2       0x5e Drivers/STM32F7xx_HAL_Driver/Src/stm32fxx_hal_eth.o
                0x0000000008003cc2                HAL_ETH_Stop
 .text.vRegisterDelay
                0x0000000008003d20       0x50 Drivers/STM32F7xx_HAL_Driver/Src/stm32fxx_hal_eth.o
 .text.prvWriteMACFCR
                0x0000000008003d70       0x2c Drivers/STM32F7xx_HAL_Driver/Src/stm32fxx_hal_eth.o
 .text.prvWriteDMAOMR
                0x0000000008003d9c       0x3e Drivers/STM32F7xx_HAL_Driver/Src/stm32fxx_hal_eth.o
 .text.prvWriteMACCR
                0x0000000008003dda       0x2c Drivers/STM32F7xx_HAL_Driver/Src/stm32fxx_hal_eth.o
 *fill*         0x0000000008003e06        0x2 
 .text.HAL_ETH_ConfigMAC
                0x0000000008003e08      0x1ac Drivers/STM32F7xx_HAL_Driver/Src/stm32fxx_hal_eth.o
                0x0000000008003e08                HAL_ETH_ConfigMAC
 .text.ETH_MACDMAConfig
                0x0000000008003fb4      0x32c Drivers/STM32F7xx_HAL_Driver/Src/stm32fxx_hal_eth.o
 .text.ETH_MACAddressConfig
                0x00000000080042e0       0x74 Drivers/STM32F7xx_HAL_Driver/Src/stm32fxx_hal_eth.o
 .text.ETH_MACTransmissionEnable
                0x0000000008004354       0x24 Drivers/STM32F7xx_HAL_Driver/Src/stm32fxx_hal_eth.o
 .text.ETH_MACTransmissionDisable
                0x0000000008004378       0x24 Drivers/STM32F7xx_HAL_Driver/Src/stm32fxx_hal_eth.o
 .text.ETH_MACReceptionEnable
                0x000000000800439c       0x26 Drivers/STM32F7xx_HAL_Driver/Src/stm32fxx_hal_eth.o
 .text.ETH_MACReceptionDisable
                0x00000000080043c2       0x26 Drivers/STM32F7xx_HAL_Driver/Src/stm32fxx_hal_eth.o
 .text.ETH_DMATransmissionEnable
                0x00000000080043e8       0x2c Drivers/STM32F7xx_HAL_Driver/Src/stm32fxx_hal_eth.o
 .text.ETH_DMATransmissionDisable
                0x0000000008004414       0x2c Drivers/STM32F7xx_HAL_Driver/Src/stm32fxx_hal_eth.o
 .text.ETH_DMAReceptionEnable
                0x0000000008004440       0x2c Drivers/STM32F7xx_HAL_Driver/Src/stm32fxx_hal_eth.o
 .text.ETH_DMAReceptionDisable
                0x000000000800446c       0x2c Drivers/STM32F7xx_HAL_Driver/Src/stm32fxx_hal_eth.o
 .text.ETH_FlushTransmitFIFO
                0x0000000008004498       0x2c Drivers/STM32F7xx_HAL_Driver/Src/stm32fxx_hal_eth.o
 .text.xEventGroupCreate
                0x00000000080044c4       0x2e Middlewares/FreeRTOS/Src/event_groups.o
                0x00000000080044c4                xEventGroupCreate
 *fill*         0x00000000080044f2        0x2 
 .text.xEventGroupWaitBits
                0x00000000080044f4      0x170 Middlewares/FreeRTOS/Src/event_groups.o
                0x00000000080044f4                xEventGroupWaitBits
 .text.xEventGroupClearBits
                0x0000000008004664       0x5c Middlewares/FreeRTOS/Src/event_groups.o
                0x0000000008004664                xEventGroupClearBits
 .text.xEventGroupSetBits
                0x00000000080046c0      0x104 Middlewares/FreeRTOS/Src/event_groups.o
                0x00000000080046c0                xEventGroupSetBits
 .text.vEventGroupDelete
                0x00000000080047c4       0x5c Middlewares/FreeRTOS/Src/event_groups.o
                0x00000000080047c4                vEventGroupDelete
 .text.prvTestWaitCondition
                0x0000000008004820       0x44 Middlewares/FreeRTOS/Src/event_groups.o
 .text.vListInitialise
                0x0000000008004864       0x40 Middlewares/FreeRTOS/Src/list.o
                0x0000000008004864                vListInitialise
 .text.vListInitialiseItem
                0x00000000080048a4       0x1a Middlewares/FreeRTOS/Src/list.o
                0x00000000080048a4                vListInitialiseItem
 .text.vListInsertEnd
                0x00000000080048be       0x48 Middlewares/FreeRTOS/Src/list.o
                0x00000000080048be                vListInsertEnd
 .text.vListInsert
                0x0000000008004906       0x72 Middlewares/FreeRTOS/Src/list.o
                0x0000000008004906                vListInsert
 .text.uxListRemove
                0x0000000008004978       0x54 Middlewares/FreeRTOS/Src/list.o
                0x0000000008004978                uxListRemove
 .text.xQueueGenericReset
                0x00000000080049cc       0xc8 Middlewares/FreeRTOS/Src/queue.o
                0x00000000080049cc                xQueueGenericReset
 .text.xQueueGenericCreate
                0x0000000008004a94       0x8c Middlewares/FreeRTOS/Src/queue.o
                0x0000000008004a94                xQueueGenericCreate
 .text.prvInitialiseNewQueue
                0x0000000008004b20       0x4c Middlewares/FreeRTOS/Src/queue.o
 .text.xQueueCreateCountingSemaphore
                0x0000000008004b6c       0x54 Middlewares/FreeRTOS/Src/queue.o
                0x0000000008004b6c                xQueueCreateCountingSemaphore
 .text.xQueueGenericSend
                0x0000000008004bc0      0x208 Middlewares/FreeRTOS/Src/queue.o
                0x0000000008004bc0                xQueueGenericSend
 .text.xQueueGenericSendFromISR
                0x0000000008004dc8      0x158 Middlewares/FreeRTOS/Src/queue.o
                0x0000000008004dc8                xQueueGenericSendFromISR
 .text.xQueueReceive
                0x0000000008004f20      0x1a0 Middlewares/FreeRTOS/Src/queue.o
                0x0000000008004f20                xQueueReceive
 .text.xQueueSemaphoreTake
                0x00000000080050c0      0x1ec Middlewares/FreeRTOS/Src/queue.o
                0x00000000080050c0                xQueueSemaphoreTake
 .text.uxQueueMessagesWaiting
                0x00000000080052ac       0x34 Middlewares/FreeRTOS/Src/queue.o
                0x00000000080052ac                uxQueueMessagesWaiting
 .text.vQueueDelete
                0x00000000080052e0       0x34 Middlewares/FreeRTOS/Src/queue.o
                0x00000000080052e0                vQueueDelete
 .text.prvGetDisinheritPriorityAfterTimeout
                0x0000000008005314       0x30 Middlewares/FreeRTOS/Src/queue.o
 .text.prvCopyDataToQueue
                0x0000000008005344       0xd4 Middlewares/FreeRTOS/Src/queue.o
 .text.prvCopyDataFromQueue
                0x0000000008005418       0x4c Middlewares/FreeRTOS/Src/queue.o
 .text.prvUnlockQueue
                0x0000000008005464       0xbe Middlewares/FreeRTOS/Src/queue.o
 .text.prvIsQueueEmpty
                0x0000000008005522       0x2c Middlewares/FreeRTOS/Src/queue.o
 .text.prvIsQueueFull
                0x000000000800554e       0x30 Middlewares/FreeRTOS/Src/queue.o
 *fill*         0x000000000800557e        0x2 
 .text.vQueueAddToRegistry
                0x0000000008005580       0x50 Middlewares/FreeRTOS/Src/queue.o
                0x0000000008005580                vQueueAddToRegistry
 .text.vQueueUnregisterQueue
                0x00000000080055d0       0x54 Middlewares/FreeRTOS/Src/queue.o
                0x00000000080055d0                vQueueUnregisterQueue
 .text.vQueueWaitForMessageRestricted
                0x0000000008005624       0x68 Middlewares/FreeRTOS/Src/queue.o
                0x0000000008005624                vQueueWaitForMessageRestricted
 .text.prvNotifyQueueSetContainer
                0x000000000800568c       0xb0 Middlewares/FreeRTOS/Src/queue.o
 .text.xTaskCreate
                0x000000000800573c       0x82 Middlewares/FreeRTOS/Src/tasks.o
                0x000000000800573c                xTaskCreate
 *fill*         0x00000000080057be        0x2 
 .text.prvInitialiseNewTask
                0x00000000080057c0      0x150 Middlewares/FreeRTOS/Src/tasks.o
 .text.prvAddNewTaskToReadyList
                0x0000000008005910       0xdc Middlewares/FreeRTOS/Src/tasks.o
 .text.vTaskDelay
                0x00000000080059ec       0x60 Middlewares/FreeRTOS/Src/tasks.o
                0x00000000080059ec                vTaskDelay
 .text.vTaskStartScheduler
                0x0000000008005a4c       0xb0 Middlewares/FreeRTOS/Src/tasks.o
                0x0000000008005a4c                vTaskStartScheduler
 .text.vTaskSuspendAll
                0x0000000008005afc       0x1c Middlewares/FreeRTOS/Src/tasks.o
                0x0000000008005afc                vTaskSuspendAll
 .text.xTaskResumeAll
                0x0000000008005b18      0x130 Middlewares/FreeRTOS/Src/tasks.o
                0x0000000008005b18                xTaskResumeAll
 .text.xTaskGetTickCount
                0x0000000008005c48       0x20 Middlewares/FreeRTOS/Src/tasks.o
                0x0000000008005c48                xTaskGetTickCount
 .text.xTaskIncrementTick
                0x0000000008005c68      0x168 Middlewares/FreeRTOS/Src/tasks.o
                0x0000000008005c68                xTaskIncrementTick
 .text.vTaskSwitchContext
                0x0000000008005dd0       0xb8 Middlewares/FreeRTOS/Src/tasks.o
                0x0000000008005dd0                vTaskSwitchContext
 .text.vTaskPlaceOnEventList
                0x0000000008005e88       0x40 Middlewares/FreeRTOS/Src/tasks.o
                0x0000000008005e88                vTaskPlaceOnEventList
 .text.vTaskPlaceOnUnorderedEventList
                0x0000000008005ec8       0x64 Middlewares/FreeRTOS/Src/tasks.o
                0x0000000008005ec8                vTaskPlaceOnUnorderedEventList
 .text.vTaskPlaceOnEventListRestricted
                0x0000000008005f2c       0x50 Middlewares/FreeRTOS/Src/tasks.o
                0x0000000008005f2c                vTaskPlaceOnEventListRestricted
 .text.xTaskRemoveFromEventList
                0x0000000008005f7c       0xbc Middlewares/FreeRTOS/Src/tasks.o
                0x0000000008005f7c                xTaskRemoveFromEventList
 .text.vTaskRemoveFromUnorderedEventList
                0x0000000008006038       0xb0 Middlewares/FreeRTOS/Src/tasks.o
                0x0000000008006038                vTaskRemoveFromUnorderedEventList
 .text.vTaskSetTimeOutState
                0x00000000080060e8       0x44 Middlewares/FreeRTOS/Src/tasks.o
                0x00000000080060e8                vTaskSetTimeOutState
 .text.vTaskInternalSetTimeOutState
                0x000000000800612c       0x2c Middlewares/FreeRTOS/Src/tasks.o
                0x000000000800612c                vTaskInternalSetTimeOutState
 .text.xTaskCheckForTimeOut
                0x0000000008006158       0xb8 Middlewares/FreeRTOS/Src/tasks.o
                0x0000000008006158                xTaskCheckForTimeOut
 .text.vTaskMissedYield
                0x0000000008006210       0x18 Middlewares/FreeRTOS/Src/tasks.o
                0x0000000008006210                vTaskMissedYield
 .text.prvIdleTask
                0x0000000008006228       0x30 Middlewares/FreeRTOS/Src/tasks.o
 .text.prvInitialiseTaskLists
                0x0000000008006258       0x80 Middlewares/FreeRTOS/Src/tasks.o
 .text.prvCheckTasksWaitingTermination
                0x00000000080062d8       0x58 Middlewares/FreeRTOS/Src/tasks.o
 .text.prvDeleteTCB
                0x0000000008006330       0x2a Middlewares/FreeRTOS/Src/tasks.o
 *fill*         0x000000000800635a        0x2 
 .text.prvResetNextTaskUnblockTime
                0x000000000800635c       0x38 Middlewares/FreeRTOS/Src/tasks.o
 .text.xTaskGetCurrentTaskHandle
                0x0000000008006394       0x20 Middlewares/FreeRTOS/Src/tasks.o
                0x0000000008006394                xTaskGetCurrentTaskHandle
 .text.xTaskGetSchedulerState
                0x00000000080063b4       0x3c Middlewares/FreeRTOS/Src/tasks.o
                0x00000000080063b4                xTaskGetSchedulerState
 .text.xTaskPriorityInherit
                0x00000000080063f0       0xec Middlewares/FreeRTOS/Src/tasks.o
                0x00000000080063f0                xTaskPriorityInherit
 .text.xTaskPriorityDisinherit
                0x00000000080064dc       0xe0 Middlewares/FreeRTOS/Src/tasks.o
                0x00000000080064dc                xTaskPriorityDisinherit
 .text.vTaskPriorityDisinheritAfterTimeout
                0x00000000080065bc      0x108 Middlewares/FreeRTOS/Src/tasks.o
                0x00000000080065bc                vTaskPriorityDisinheritAfterTimeout
 .text.uxTaskResetEventItemValue
                0x00000000080066c4       0x30 Middlewares/FreeRTOS/Src/tasks.o
                0x00000000080066c4                uxTaskResetEventItemValue
 .text.pvTaskIncrementMutexHeldCount
                0x00000000080066f4       0x28 Middlewares/FreeRTOS/Src/tasks.o
                0x00000000080066f4                pvTaskIncrementMutexHeldCount
 .text.ulTaskGenericNotifyTake
                0x000000000800671c       0xc8 Middlewares/FreeRTOS/Src/tasks.o
                0x000000000800671c                ulTaskGenericNotifyTake
 .text.vTaskGenericNotifyGiveFromISR
                0x00000000080067e4      0x138 Middlewares/FreeRTOS/Src/tasks.o
                0x00000000080067e4                vTaskGenericNotifyGiveFromISR
 .text.prvAddCurrentTaskToDelayedList
                0x000000000800691c       0xcc Middlewares/FreeRTOS/Src/tasks.o
 .text.xTimerCreateTimerTask
                0x00000000080069e8       0x5c Middlewares/FreeRTOS/Src/timers.o
                0x00000000080069e8                xTimerCreateTimerTask
 .text.xTimerGenericCommand
                0x0000000008006a44       0x94 Middlewares/FreeRTOS/Src/timers.o
                0x0000000008006a44                xTimerGenericCommand
 .text.prvProcessExpiredTimer
                0x0000000008006ad8       0x94 Middlewares/FreeRTOS/Src/timers.o
 .text.prvTimerTask
                0x0000000008006b6c       0x24 Middlewares/FreeRTOS/Src/timers.o
 .text.prvProcessTimerOrBlockTask
                0x0000000008006b90       0x9c Middlewares/FreeRTOS/Src/timers.o
 .text.prvGetNextExpireTime
                0x0000000008006c2c       0x48 Middlewares/FreeRTOS/Src/timers.o
 .text.prvSampleTimeNow
                0x0000000008006c74       0x40 Middlewares/FreeRTOS/Src/timers.o
 .text.prvInsertTimerInActiveList
                0x0000000008006cb4       0x84 Middlewares/FreeRTOS/Src/timers.o
 .text.prvProcessReceivedCommands
                0x0000000008006d38      0x1a4 Middlewares/FreeRTOS/Src/timers.o
 .text.prvSwitchTimerLists
                0x0000000008006edc       0xc0 Middlewares/FreeRTOS/Src/timers.o
 .text.prvCheckForValidListAndQueue
                0x0000000008006f9c       0x6c Middlewares/FreeRTOS/Src/timers.o
 .text.pvPortMalloc
                0x0000000008007008      0x174 Middlewares/FreeRTOS/Src/portable/MemMang/heap_4.o
                0x0000000008007008                pvPortMalloc
 .text.vPortFree
                0x000000000800717c       0xb0 Middlewares/FreeRTOS/Src/portable/MemMang/heap_4.o
                0x000000000800717c                vPortFree
 .text.prvHeapInit
                0x000000000800722c       0xc4 Middlewares/FreeRTOS/Src/portable/MemMang/heap_4.o
 .text.prvInsertBlockIntoFreeList
                0x00000000080072f0       0xb4 Middlewares/FreeRTOS/Src/portable/MemMang/heap_4.o
 .text.pxPortInitialiseStack
                0x00000000080073a4       0x68 Middlewares/FreeRTOS/Src/portable/port/port.o
                0x00000000080073a4                pxPortInitialiseStack
 .text.prvTaskExitError
                0x000000000800740c       0x4c Middlewares/FreeRTOS/Src/portable/port/port.o
 *fill*         0x0000000008007458        0x8 
 .text.SVC_Handler
                0x0000000008007460       0x28 Middlewares/FreeRTOS/Src/portable/port/port.o
                0x0000000008007460                SVC_Handler
 .text.prvPortStartFirstTask
                0x0000000008007488       0x2c Middlewares/FreeRTOS/Src/portable/port/port.o
 .text.xPortStartScheduler
                0x00000000080074b4      0x104 Middlewares/FreeRTOS/Src/portable/port/port.o
                0x00000000080074b4                xPortStartScheduler
 .text.vPortEnterCritical
                0x00000000080075b8       0x58 Middlewares/FreeRTOS/Src/portable/port/port.o
                0x00000000080075b8                vPortEnterCritical
 .text.vPortExitCritical
                0x0000000008007610       0x44 Middlewares/FreeRTOS/Src/portable/port/port.o
                0x0000000008007610                vPortExitCritical
 *fill*         0x0000000008007654        0xc 
 .text.PendSV_Handler
                0x0000000008007660       0x68 Middlewares/FreeRTOS/Src/portable/port/port.o
                0x0000000008007660                PendSV_Handler
 .text.SysTick_Handler
                0x00000000080076c8       0x44 Middlewares/FreeRTOS/Src/portable/port/port.o
                0x00000000080076c8                SysTick_Handler
 .text.vPortSetupTimerInterrupt
                0x000000000800770c       0x48 Middlewares/FreeRTOS/Src/portable/port/port.o
                0x000000000800770c                vPortSetupTimerInterrupt
 .text.vPortEnableVFP
                0x0000000008007754       0x18 Middlewares/FreeRTOS/Src/portable/port/port.o
 .text.vPortValidateInterruptPriority
                0x000000000800776c       0x68 Middlewares/FreeRTOS/Src/portable/port/port.o
                0x000000000800776c                vPortValidateInterruptPriority
 .text.vCastPointerTo_ARPPacket_t
                0x00000000080077d4       0x16 Middlewares/FreeRTOS-TCP/Src/FreeRTOS_ARP.o
 *fill*         0x00000000080077ea        0x2 
 .text.eARPProcessPacket
                0x00000000080077ec      0x124 Middlewares/FreeRTOS-TCP/Src/FreeRTOS_ARP.o
                0x00000000080077ec                eARPProcessPacket
 .text.vARPRefreshCacheEntry
                0x0000000008007910      0x1f0 Middlewares/FreeRTOS-TCP/Src/FreeRTOS_ARP.o
                0x0000000008007910                vARPRefreshCacheEntry
 .text.eARPGetCacheEntry
                0x0000000008007b00       0xf4 Middlewares/FreeRTOS-TCP/Src/FreeRTOS_ARP.o
                0x0000000008007b00                eARPGetCacheEntry
 .text.prvCacheLookup
                0x0000000008007bf4       0x80 Middlewares/FreeRTOS-TCP/Src/FreeRTOS_ARP.o
 .text.vARPAgeCache
                0x0000000008007c74      0x11c Middlewares/FreeRTOS-TCP/Src/FreeRTOS_ARP.o
                0x0000000008007c74                vARPAgeCache
 .text.FreeRTOS_OutputARPRequest
                0x0000000008007d90       0x90 Middlewares/FreeRTOS-TCP/Src/FreeRTOS_ARP.o
                0x0000000008007d90                FreeRTOS_OutputARPRequest
 .text.vARPGenerateRequestPacket
                0x0000000008007e20       0xac Middlewares/FreeRTOS-TCP/Src/FreeRTOS_ARP.o
                0x0000000008007e20                vARPGenerateRequestPacket
 .text.FreeRTOS_ClearARP
                0x0000000008007ecc       0x18 Middlewares/FreeRTOS-TCP/Src/FreeRTOS_ARP.o
                0x0000000008007ecc                FreeRTOS_ClearARP
 .text.vCastPointerTo_UDPPacket_t
                0x0000000008007ee4       0x16 Middlewares/FreeRTOS-TCP/Src/FreeRTOS_DNS.o
 .text.usChar2u16
                0x0000000008007efa       0x2a Middlewares/FreeRTOS-TCP/Src/FreeRTOS_DNS.o
 .text.vCastPointerTo_DNSMessage_t
                0x0000000008007f24       0x16 Middlewares/FreeRTOS-TCP/Src/FreeRTOS_DNS.o
 .text.vCastPointerTo_DNSAnswerRecord_t
                0x0000000008007f3a       0x16 Middlewares/FreeRTOS-TCP/Src/FreeRTOS_DNS.o
 .text.vCastPointerTo_LLMNRAnswer_t
                0x0000000008007f50       0x16 Middlewares/FreeRTOS-TCP/Src/FreeRTOS_DNS.o
 .text.vCastPointerTo_NBNSAnswer_t
                0x0000000008007f66       0x16 Middlewares/FreeRTOS-TCP/Src/FreeRTOS_DNS.o
 .text.prvReadNameField
                0x0000000008007f7c      0x126 Middlewares/FreeRTOS-TCP/Src/FreeRTOS_DNS.o
 .text.prvSkipNameField
                0x00000000080080a2       0xac Middlewares/FreeRTOS-TCP/Src/FreeRTOS_DNS.o
 .text.ulDNSHandlePacket
                0x000000000800814e       0x3a Middlewares/FreeRTOS-TCP/Src/FreeRTOS_DNS.o
                0x000000000800814e                ulDNSHandlePacket
 .text.ulNBNSHandlePacket
                0x0000000008008188       0x38 Middlewares/FreeRTOS-TCP/Src/FreeRTOS_DNS.o
                0x0000000008008188                ulNBNSHandlePacket
 .text.prvParseDNSReply
                0x00000000080081c0      0x670 Middlewares/FreeRTOS-TCP/Src/FreeRTOS_DNS.o
 .text.prvTreatNBNS
                0x0000000008008830      0x2dc Middlewares/FreeRTOS-TCP/Src/FreeRTOS_DNS.o
 .text.prvReplyDNSMessage
                0x0000000008008b0c       0xdc Middlewares/FreeRTOS-TCP/Src/FreeRTOS_DNS.o
 .text.prvProcessDNSCache
                0x0000000008008be8      0x274 Middlewares/FreeRTOS-TCP/Src/FreeRTOS_DNS.o
 .text.vCastPointerTo_EthernetHeader_t
                0x0000000008008e5c       0x16 Middlewares/FreeRTOS-TCP/Src/FreeRTOS_IP.o
 .text.vCastConstPointerTo_EthernetHeader_t
                0x0000000008008e72       0x16 Middlewares/FreeRTOS-TCP/Src/FreeRTOS_IP.o
 .text.vCastPointerTo_ARPPacket_t
                0x0000000008008e88       0x16 Middlewares/FreeRTOS-TCP/Src/FreeRTOS_IP.o
 .text.vCastPointerTo_IPPacket_t
                0x0000000008008e9e       0x16 Middlewares/FreeRTOS-TCP/Src/FreeRTOS_IP.o
 .text.vCastConstPointerTo_IPPacket_t
                0x0000000008008eb4       0x16 Middlewares/FreeRTOS-TCP/Src/FreeRTOS_IP.o
 .text.vCastPointerTo_ICMPPacket_t
                0x0000000008008eca       0x16 Middlewares/FreeRTOS-TCP/Src/FreeRTOS_IP.o
 .text.vCastConstPointerTo_UDPPacket_t
                0x0000000008008ee0       0x16 Middlewares/FreeRTOS-TCP/Src/FreeRTOS_IP.o
 .text.vCastPointerTo_ProtocolPacket_t
                0x0000000008008ef6       0x16 Middlewares/FreeRTOS-TCP/Src/FreeRTOS_IP.o
 .text.vCastConstPointerTo_ProtocolPacket_t
                0x0000000008008f0c       0x16 Middlewares/FreeRTOS-TCP/Src/FreeRTOS_IP.o
 .text.vCastPointerTo_FreeRTOS_Socket_t
                0x0000000008008f22       0x16 Middlewares/FreeRTOS-TCP/Src/FreeRTOS_IP.o
 .text.vCastPointerTo_SocketSelect_t
                0x0000000008008f38       0x16 Middlewares/FreeRTOS-TCP/Src/FreeRTOS_IP.o
 .text.vCastPointerTo_NetworkBufferDescriptor_t
                0x0000000008008f4e       0x16 Middlewares/FreeRTOS-TCP/Src/FreeRTOS_IP.o
 .text.prvIPTask
                0x0000000008008f64      0x1b8 Middlewares/FreeRTOS-TCP/Src/FreeRTOS_IP.o
 .text.xIsCallingFromIPTask
                0x000000000800911c       0x2c Middlewares/FreeRTOS-TCP/Src/FreeRTOS_IP.o
                0x000000000800911c                xIsCallingFromIPTask
 .text.prvHandleEthernetPacket
                0x0000000008009148       0x2c Middlewares/FreeRTOS-TCP/Src/FreeRTOS_IP.o
 .text.prvCalculateSleepTime
                0x0000000008009174       0x50 Middlewares/FreeRTOS-TCP/Src/FreeRTOS_IP.o
 .text.prvCheckNetworkTimers
                0x00000000080091c4       0x80 Middlewares/FreeRTOS-TCP/Src/FreeRTOS_IP.o
 .text.prvIPTimerStart
                0x0000000008009244       0x48 Middlewares/FreeRTOS-TCP/Src/FreeRTOS_IP.o
 .text.prvIPTimerReload
                0x000000000800928c       0x20 Middlewares/FreeRTOS-TCP/Src/FreeRTOS_IP.o
 .text.prvIPTimerCheck
                0x00000000080092ac       0x78 Middlewares/FreeRTOS-TCP/Src/FreeRTOS_IP.o
 .text.FreeRTOS_NetworkDown
                0x0000000008009324       0x38 Middlewares/FreeRTOS-TCP/Src/FreeRTOS_IP.o
                0x0000000008009324                FreeRTOS_NetworkDown
 .text.pxDuplicateNetworkBufferWithDescriptor
                0x000000000800935c       0x54 Middlewares/FreeRTOS-TCP/Src/FreeRTOS_IP.o
                0x000000000800935c                pxDuplicateNetworkBufferWithDescriptor
 .text.prvPacketBuffer_to_NetworkBuffer
                0x00000000080093b0       0x48 Middlewares/FreeRTOS-TCP/Src/FreeRTOS_IP.o
 .text.pxPacketBuffer_to_NetworkBuffer
                0x00000000080093f8       0x1a Middlewares/FreeRTOS-TCP/Src/FreeRTOS_IP.o
                0x00000000080093f8                pxPacketBuffer_to_NetworkBuffer
 .text.pxUDPPayloadBuffer_to_NetworkBuffer
                0x0000000008009412       0x1a Middlewares/FreeRTOS-TCP/Src/FreeRTOS_IP.o
                0x0000000008009412                pxUDPPayloadBuffer_to_NetworkBuffer
 .text.FreeRTOS_IPInit
                0x000000000800942c      0x1f0 Middlewares/FreeRTOS-TCP/Src/FreeRTOS_IP.o
                0x000000000800942c                FreeRTOS_IPInit
 .text.xSendEventToIPTask
                0x000000000800961c       0x2c Middlewares/FreeRTOS-TCP/Src/FreeRTOS_IP.o
                0x000000000800961c                xSendEventToIPTask
 .text.xSendEventStructToIPTask
                0x0000000008009648       0xb0 Middlewares/FreeRTOS-TCP/Src/FreeRTOS_IP.o
                0x0000000008009648                xSendEventStructToIPTask
 .text.prvProcessNetworkDownEvent
                0x00000000080096f8       0x50 Middlewares/FreeRTOS-TCP/Src/FreeRTOS_IP.o
 .text.vIPNetworkUpCalls
                0x0000000008009748       0x28 Middlewares/FreeRTOS-TCP/Src/FreeRTOS_IP.o
                0x0000000008009748                vIPNetworkUpCalls
 .text.prvProcessEthernetPacket
                0x0000000008009770       0xc8 Middlewares/FreeRTOS-TCP/Src/FreeRTOS_IP.o
 .text.xIsIPv4Multicast
                0x0000000008009838       0x50 Middlewares/FreeRTOS-TCP/Src/FreeRTOS_IP.o
                0x0000000008009838                xIsIPv4Multicast
 .text.vSetMultiCastIPv4MacAddress
                0x0000000008009888       0x6a Middlewares/FreeRTOS-TCP/Src/FreeRTOS_IP.o
                0x0000000008009888                vSetMultiCastIPv4MacAddress
 *fill*         0x00000000080098f2        0x2 
 .text.prvAllowIPPacket
                0x00000000080098f4      0x144 Middlewares/FreeRTOS-TCP/Src/FreeRTOS_IP.o
 .text.prvProcessIPPacket
                0x0000000008009a38      0x1e8 Middlewares/FreeRTOS-TCP/Src/FreeRTOS_IP.o
 .text.prvProcessICMPEchoRequest
                0x0000000008009c20       0xb0 Middlewares/FreeRTOS-TCP/Src/FreeRTOS_IP.o
 .text.prvProcessICMPPacket
                0x0000000008009cd0       0x34 Middlewares/FreeRTOS-TCP/Src/FreeRTOS_IP.o
 .text.xCheckSizeFields
                0x0000000008009d04      0x134 Middlewares/FreeRTOS-TCP/Src/FreeRTOS_IP.o
 .text.vReturnEthernetFrame
                0x0000000008009e38       0xc0 Middlewares/FreeRTOS-TCP/Src/FreeRTOS_IP.o
                0x0000000008009e38                vReturnEthernetFrame
 .text.FreeRTOS_GetMACAddress
                0x0000000008009ef8       0x14 Middlewares/FreeRTOS-TCP/Src/FreeRTOS_IP.o
                0x0000000008009ef8                FreeRTOS_GetMACAddress
 .text.xIPIsNetworkTaskReady
                0x0000000008009f0c       0x18 Middlewares/FreeRTOS-TCP/Src/FreeRTOS_IP.o
                0x0000000008009f0c                xIPIsNetworkTaskReady
 .text.FreeRTOS_max_uint32
                0x0000000008009f24       0x20 Middlewares/FreeRTOS-TCP/Src/FreeRTOS_Sockets.o
 .text.FreeRTOS_round_up
                0x0000000008009f44       0x2a Middlewares/FreeRTOS-TCP/Src/FreeRTOS_Sockets.o
 .text.uxStreamBufferSpace
                0x0000000008009f6e       0x3e Middlewares/FreeRTOS-TCP/Src/FreeRTOS_Sockets.o
 .text.uxStreamBufferDistance
                0x0000000008009fac       0x3c Middlewares/FreeRTOS-TCP/Src/FreeRTOS_Sockets.o
 .text.uxStreamBufferGetSpace
                0x0000000008009fe8       0x28 Middlewares/FreeRTOS-TCP/Src/FreeRTOS_Sockets.o
 .text.uxStreamBufferFrontSpace
                0x000000000800a010       0x28 Middlewares/FreeRTOS-TCP/Src/FreeRTOS_Sockets.o
 .text.uxStreamBufferGetSize
                0x000000000800a038       0x28 Middlewares/FreeRTOS-TCP/Src/FreeRTOS_Sockets.o
 .text.vCastPointerTo_FreeRTOS_Socket_t
                0x000000000800a060       0x16 Middlewares/FreeRTOS-TCP/Src/FreeRTOS_Sockets.o
 .text.vCastConstPointerTo_FreeRTOS_Socket_t
                0x000000000800a076       0x16 Middlewares/FreeRTOS-TCP/Src/FreeRTOS_Sockets.o
 .text.vCastPointerTo_NetworkBufferDescriptor_t
                0x000000000800a08c       0x16 Middlewares/FreeRTOS-TCP/Src/FreeRTOS_Sockets.o
 .text.vCastPointerTo_StreamBuffer_t
                0x000000000800a0a2       0x16 Middlewares/FreeRTOS-TCP/Src/FreeRTOS_Sockets.o
 .text.prvValidSocket
                0x000000000800a0b8       0x5a Middlewares/FreeRTOS-TCP/Src/FreeRTOS_Sockets.o
 *fill*         0x000000000800a112        0x2 
 .text.vNetworkSocketsInit
                0x000000000800a114       0x1c Middlewares/FreeRTOS-TCP/Src/FreeRTOS_Sockets.o
                0x000000000800a114                vNetworkSocketsInit
 .text.prvDetermineSocketSize
                0x000000000800a130       0xdc Middlewares/FreeRTOS-TCP/Src/FreeRTOS_Sockets.o
 .text.FreeRTOS_socket
                0x000000000800a20c      0x13c Middlewares/FreeRTOS-TCP/Src/FreeRTOS_Sockets.o
                0x000000000800a20c                FreeRTOS_socket
 .text.FreeRTOS_recvfrom
                0x000000000800a348      0x15e Middlewares/FreeRTOS-TCP/Src/FreeRTOS_Sockets.o
                0x000000000800a348                FreeRTOS_recvfrom
 *fill*         0x000000000800a4a6        0x2 
 .text.FreeRTOS_sendto
                0x000000000800a4a8      0x148 Middlewares/FreeRTOS-TCP/Src/FreeRTOS_Sockets.o
                0x000000000800a4a8                FreeRTOS_sendto
 .text.FreeRTOS_bind
                0x000000000800a5f0       0xe8 Middlewares/FreeRTOS-TCP/Src/FreeRTOS_Sockets.o
                0x000000000800a5f0                FreeRTOS_bind
 .text.vSocketBind
                0x000000000800a6d8      0x148 Middlewares/FreeRTOS-TCP/Src/FreeRTOS_Sockets.o
                0x000000000800a6d8                vSocketBind
 .text.FreeRTOS_closesocket
                0x000000000800a820       0x58 Middlewares/FreeRTOS-TCP/Src/FreeRTOS_Sockets.o
                0x000000000800a820                FreeRTOS_closesocket
 .text.vSocketClose
                0x000000000800a878       0xf8 Middlewares/FreeRTOS-TCP/Src/FreeRTOS_Sockets.o
                0x000000000800a878                vSocketClose
 .text.prvTCPSetSocketCount
                0x000000000800a970       0xac Middlewares/FreeRTOS-TCP/Src/FreeRTOS_Sockets.o
 .text.prvGetPrivatePortNumber
                0x000000000800aa1c       0xb0 Middlewares/FreeRTOS-TCP/Src/FreeRTOS_Sockets.o
 .text.pxListFindListItemWithValue
                0x000000000800aacc       0x54 Middlewares/FreeRTOS-TCP/Src/FreeRTOS_Sockets.o
 .text.pxUDPSocketLookup
                0x000000000800ab20       0x4c Middlewares/FreeRTOS-TCP/Src/FreeRTOS_Sockets.o
                0x000000000800ab20                pxUDPSocketLookup
 .text.FreeRTOS_inet_ntoa
                0x000000000800ab6c      0x120 Middlewares/FreeRTOS-TCP/Src/FreeRTOS_Sockets.o
                0x000000000800ab6c                FreeRTOS_inet_ntoa
 .text.FreeRTOS_inet_ntop
                0x000000000800ac8c       0x32 Middlewares/FreeRTOS-TCP/Src/FreeRTOS_Sockets.o
                0x000000000800ac8c                FreeRTOS_inet_ntop
 .text.FreeRTOS_inet_ntop4
                0x000000000800acbe       0x40 Middlewares/FreeRTOS-TCP/Src/FreeRTOS_Sockets.o
                0x000000000800acbe                FreeRTOS_inet_ntop4
 .text.FreeRTOS_inet_pton4
                0x000000000800acfe      0x108 Middlewares/FreeRTOS-TCP/Src/FreeRTOS_Sockets.o
                0x000000000800acfe                FreeRTOS_inet_pton4
 .text.FreeRTOS_inet_addr
                0x000000000800ae06       0x22 Middlewares/FreeRTOS-TCP/Src/FreeRTOS_Sockets.o
                0x000000000800ae06                FreeRTOS_inet_addr
 .text.vSocketWakeUpUser
                0x000000000800ae28       0x76 Middlewares/FreeRTOS-TCP/Src/FreeRTOS_Sockets.o
                0x000000000800ae28                vSocketWakeUpUser
 *fill*         0x000000000800ae9e        0x2 
 .text.xTCPTimerCheck
                0x000000000800aea0       0xec Middlewares/FreeRTOS-TCP/Src/FreeRTOS_Sockets.o
                0x000000000800aea0                xTCPTimerCheck
 .text.pxTCPSocketLookup
                0x000000000800af8c       0x8c Middlewares/FreeRTOS-TCP/Src/FreeRTOS_Sockets.o
                0x000000000800af8c                pxTCPSocketLookup
 .text.prvTCPCreateStream
                0x000000000800b018      0x108 Middlewares/FreeRTOS-TCP/Src/FreeRTOS_Sockets.o
 .text.lTCPAddRxdata
                0x000000000800b120      0x104 Middlewares/FreeRTOS-TCP/Src/FreeRTOS_Sockets.o
                0x000000000800b120                lTCPAddRxdata
 .text.FreeRTOS_tx_space
                0x000000000800b224       0x46 Middlewares/FreeRTOS-TCP/Src/FreeRTOS_Sockets.o
                0x000000000800b224                FreeRTOS_tx_space
 .text.FreeRTOS_rx_size
                0x000000000800b26a       0x44 Middlewares/FreeRTOS-TCP/Src/FreeRTOS_Sockets.o
                0x000000000800b26a                FreeRTOS_rx_size
 *fill*         0x000000000800b2ae        0x2 
 .text.vTCPNetStat
                0x000000000800b2b0      0x1b4 Middlewares/FreeRTOS-TCP/Src/FreeRTOS_Sockets.o
                0x000000000800b2b0                vTCPNetStat
 .text.vSocketSelect
                0x000000000800b464      0x23c Middlewares/FreeRTOS-TCP/Src/FreeRTOS_Sockets.o
                0x000000000800b464                vSocketSelect
 .text.FreeRTOS_min_uint32
                0x000000000800b6a0       0x20 Middlewares/FreeRTOS-TCP/Src/FreeRTOS_Stream_Buffer.o
 .text.uxStreamBufferSpace
                0x000000000800b6c0       0x3e Middlewares/FreeRTOS-TCP/Src/FreeRTOS_Stream_Buffer.o
 .text.uxStreamBufferDistance
                0x000000000800b6fe       0x3c Middlewares/FreeRTOS-TCP/Src/FreeRTOS_Stream_Buffer.o
 .text.uxStreamBufferGetSpace
                0x000000000800b73a       0x28 Middlewares/FreeRTOS-TCP/Src/FreeRTOS_Stream_Buffer.o
 .text.uxStreamBufferGetSize
                0x000000000800b762       0x28 Middlewares/FreeRTOS-TCP/Src/FreeRTOS_Stream_Buffer.o
 .text.xStreamBufferLessThenEqual
                0x000000000800b78a       0x66 Middlewares/FreeRTOS-TCP/Src/FreeRTOS_Stream_Buffer.o
 .text.uxStreamBufferAdd
                0x000000000800b7f0      0x100 Middlewares/FreeRTOS-TCP/Src/FreeRTOS_Stream_Buffer.o
                0x000000000800b7f0                uxStreamBufferAdd
 .text.uxStreamBufferGet
                0x000000000800b8f0       0xe8 Middlewares/FreeRTOS-TCP/Src/FreeRTOS_Stream_Buffer.o
                0x000000000800b8f0                uxStreamBufferGet
 .text.FreeRTOS_min_int32
                0x000000000800b9d8       0x20 Middlewares/FreeRTOS-TCP/Src/FreeRTOS_TCP_IP.o
 .text.FreeRTOS_min_uint32
                0x000000000800b9f8       0x20 Middlewares/FreeRTOS-TCP/Src/FreeRTOS_TCP_IP.o
 .text.uxStreamBufferSpace
                0x000000000800ba18       0x3e Middlewares/FreeRTOS-TCP/Src/FreeRTOS_TCP_IP.o
 .text.uxStreamBufferDistance
                0x000000000800ba56       0x3c Middlewares/FreeRTOS-TCP/Src/FreeRTOS_TCP_IP.o
 .text.uxStreamBufferGetSpace
                0x000000000800ba92       0x28 Middlewares/FreeRTOS-TCP/Src/FreeRTOS_TCP_IP.o
 .text.uxStreamBufferFrontSpace
                0x000000000800baba       0x28 Middlewares/FreeRTOS-TCP/Src/FreeRTOS_TCP_IP.o
 .text.uxStreamBufferMidSpace
                0x000000000800bae2       0x28 Middlewares/FreeRTOS-TCP/Src/FreeRTOS_TCP_IP.o
 .text.vStreamBufferMoveMid
                0x000000000800bb0a       0x50 Middlewares/FreeRTOS-TCP/Src/FreeRTOS_TCP_IP.o
 .text.vCastConstPointerTo_IPHeader_t
                0x000000000800bb5a       0x16 Middlewares/FreeRTOS-TCP/Src/FreeRTOS_TCP_IP.o
 .text.vCastPointerTo_TCPPacket_t
                0x000000000800bb70       0x16 Middlewares/FreeRTOS-TCP/Src/FreeRTOS_TCP_IP.o
 .text.vCastConstPointerTo_TCPPacket_t
                0x000000000800bb86       0x16 Middlewares/FreeRTOS-TCP/Src/FreeRTOS_TCP_IP.o
 .text.vCastPointerTo_ProtocolHeaders_t
                0x000000000800bb9c       0x16 Middlewares/FreeRTOS-TCP/Src/FreeRTOS_TCP_IP.o
 .text.vCastConstPointerTo_ProtocolHeaders_t
                0x000000000800bbb2       0x16 Middlewares/FreeRTOS-TCP/Src/FreeRTOS_TCP_IP.o
 .text.vCastPointerTo_FreeRTOS_Socket_t
                0x000000000800bbc8       0x16 Middlewares/FreeRTOS-TCP/Src/FreeRTOS_TCP_IP.o
 .text.ulChar2u32
                0x000000000800bbde       0x36 Middlewares/FreeRTOS-TCP/Src/FreeRTOS_TCP_IP.o
 .text.usChar2u16
                0x000000000800bc14       0x2a Middlewares/FreeRTOS-TCP/Src/FreeRTOS_TCP_IP.o
 *fill*         0x000000000800bc3e        0x2 
 .text.prvTCPSocketIsActive
                0x000000000800bc40       0x64 Middlewares/FreeRTOS-TCP/Src/FreeRTOS_TCP_IP.o
 .text.prvTCPStatusAgeCheck
                0x000000000800bca4       0xe0 Middlewares/FreeRTOS-TCP/Src/FreeRTOS_TCP_IP.o
 .text.xTCPSocketCheck
                0x000000000800bd84      0x110 Middlewares/FreeRTOS-TCP/Src/FreeRTOS_TCP_IP.o
                0x000000000800bd84                xTCPSocketCheck
 .text.prvTCPSendPacket
                0x000000000800be94       0xe4 Middlewares/FreeRTOS-TCP/Src/FreeRTOS_TCP_IP.o
 .text.prvTCPSendRepeated
                0x000000000800bf78       0x60 Middlewares/FreeRTOS-TCP/Src/FreeRTOS_TCP_IP.o
 .text.prvTCPReturnPacket
                0x000000000800bfd8      0x3f4 Middlewares/FreeRTOS-TCP/Src/FreeRTOS_TCP_IP.o
 .text.prvTCPCreateWindow
                0x000000000800c3cc       0x84 Middlewares/FreeRTOS-TCP/Src/FreeRTOS_TCP_IP.o
 .text.prvTCPPrepareConnect
                0x000000000800c450      0x230 Middlewares/FreeRTOS-TCP/Src/FreeRTOS_TCP_IP.o
 .text.prvTCPFlagMeaning
                0x000000000800c680       0xbc Middlewares/FreeRTOS-TCP/Src/FreeRTOS_TCP_IP.o
 .text.prvCheckOptions
                0x000000000800c73c       0xbc Middlewares/FreeRTOS-TCP/Src/FreeRTOS_TCP_IP.o
 .text.prvSingleStepTCPHeaderOptions
                0x000000000800c7f8      0x1e4 Middlewares/FreeRTOS-TCP/Src/FreeRTOS_TCP_IP.o
 .text.prvReadSackOption
                0x000000000800c9dc       0x86 Middlewares/FreeRTOS-TCP/Src/FreeRTOS_TCP_IP.o
 *fill*         0x000000000800ca62        0x2 
 .text.prvWinScaleFactor
                0x000000000800ca64       0x58 Middlewares/FreeRTOS-TCP/Src/FreeRTOS_TCP_IP.o
 .text.prvSetSynAckOptions
                0x000000000800cabc       0xa2 Middlewares/FreeRTOS-TCP/Src/FreeRTOS_TCP_IP.o
 .text.prvTCPTouchSocket
                0x000000000800cb5e       0x48 Middlewares/FreeRTOS-TCP/Src/FreeRTOS_TCP_IP.o
 *fill*         0x000000000800cba6        0x2 
 .text.vTCPStateChange
                0x000000000800cba8      0x214 Middlewares/FreeRTOS-TCP/Src/FreeRTOS_TCP_IP.o
                0x000000000800cba8                vTCPStateChange
 .text.prvTCPBufferResize
                0x000000000800cdbc       0xe0 Middlewares/FreeRTOS-TCP/Src/FreeRTOS_TCP_IP.o
 .text.prvTCPPrepareSend
                0x000000000800ce9c      0x35c Middlewares/FreeRTOS-TCP/Src/FreeRTOS_TCP_IP.o
 .text.prvTCPNextTimeout
                0x000000000800d1f8      0x120 Middlewares/FreeRTOS-TCP/Src/FreeRTOS_TCP_IP.o
 .text.prvTCPAddTxData
                0x000000000800d318       0x54 Middlewares/FreeRTOS-TCP/Src/FreeRTOS_TCP_IP.o
 .text.prvTCPHandleFin
                0x000000000800d36c      0x1a8 Middlewares/FreeRTOS-TCP/Src/FreeRTOS_TCP_IP.o
 .text.prvCheckRxData
                0x000000000800d514       0xf8 Middlewares/FreeRTOS-TCP/Src/FreeRTOS_TCP_IP.o
 .text.prvStoreRxData
                0x000000000800d60c       0xfc Middlewares/FreeRTOS-TCP/Src/FreeRTOS_TCP_IP.o
 .text.prvSetOptions
                0x000000000800d708      0x178 Middlewares/FreeRTOS-TCP/Src/FreeRTOS_TCP_IP.o
 .text.prvHandleSynReceived
                0x000000000800d880      0x250 Middlewares/FreeRTOS-TCP/Src/FreeRTOS_TCP_IP.o
 .text.prvHandleEstablished
                0x000000000800dad0      0x2ac Middlewares/FreeRTOS-TCP/Src/FreeRTOS_TCP_IP.o
 .text.prvSendData
                0x000000000800dd7c      0x1c8 Middlewares/FreeRTOS-TCP/Src/FreeRTOS_TCP_IP.o
 .text.prvTCPHandleState
                0x000000000800df44      0x23c Middlewares/FreeRTOS-TCP/Src/FreeRTOS_TCP_IP.o
 .text.prvTCPSendSpecialPacketHelper
                0x000000000800e180       0x42 Middlewares/FreeRTOS-TCP/Src/FreeRTOS_TCP_IP.o
 .text.prvTCPSendChallengeAck
                0x000000000800e1c2       0x1a Middlewares/FreeRTOS-TCP/Src/FreeRTOS_TCP_IP.o
 .text.prvTCPSendReset
                0x000000000800e1dc       0x1a Middlewares/FreeRTOS-TCP/Src/FreeRTOS_TCP_IP.o
 *fill*         0x000000000800e1f6        0x2 
 .text.prvSocketSetMSS
                0x000000000800e1f8       0x88 Middlewares/FreeRTOS-TCP/Src/FreeRTOS_TCP_IP.o
 .text.xProcessReceivedTCPPacket
                0x000000000800e280      0x384 Middlewares/FreeRTOS-TCP/Src/FreeRTOS_TCP_IP.o
                0x000000000800e280                xProcessReceivedTCPPacket
 .text.prvHandleListen
                0x000000000800e604      0x1d0 Middlewares/FreeRTOS-TCP/Src/FreeRTOS_TCP_IP.o
 .text.prvTCPSocketCopy
                0x000000000800e7d4      0x138 Middlewares/FreeRTOS-TCP/Src/FreeRTOS_TCP_IP.o
 .text.FreeRTOS_GetTCPStateName
                0x000000000800e90c       0x3c Middlewares/FreeRTOS-TCP/Src/FreeRTOS_TCP_IP.o
                0x000000000800e90c                FreeRTOS_GetTCPStateName
 .text.xTCPCheckNewClient
                0x000000000800e948       0xa0 Middlewares/FreeRTOS-TCP/Src/FreeRTOS_TCP_IP.o
                0x000000000800e948                xTCPCheckNewClient
 .text.FreeRTOS_min_int32
                0x000000000800e9e8       0x20 Middlewares/FreeRTOS-TCP/Src/FreeRTOS_TCP_WIN.o
 .text.FreeRTOS_min_uint32
                0x000000000800ea08       0x20 Middlewares/FreeRTOS-TCP/Src/FreeRTOS_TCP_WIN.o
 .text.vCastPointerTo_TCPSegment_t
                0x000000000800ea28       0x16 Middlewares/FreeRTOS-TCP/Src/FreeRTOS_TCP_WIN.o
 .text.xSequenceLessThanOrEqual
                0x000000000800ea3e       0x2c Middlewares/FreeRTOS-TCP/Src/FreeRTOS_TCP_WIN.o
 .text.xSequenceLessThan
                0x000000000800ea6a       0x2e Middlewares/FreeRTOS-TCP/Src/FreeRTOS_TCP_WIN.o
 .text.xSequenceGreaterThan
                0x000000000800ea98       0x2e Middlewares/FreeRTOS-TCP/Src/FreeRTOS_TCP_WIN.o
 .text.xSequenceGreaterThanOrEqual
                0x000000000800eac6       0x2c Middlewares/FreeRTOS-TCP/Src/FreeRTOS_TCP_WIN.o
 .text.vListInsertFifo
                0x000000000800eaf2       0x20 Middlewares/FreeRTOS-TCP/Src/FreeRTOS_TCP_WIN.o
 .text.vTCPTimerSet
                0x000000000800eb12       0x1a Middlewares/FreeRTOS-TCP/Src/FreeRTOS_TCP_WIN.o
 .text.ulTimerGetAge
                0x000000000800eb2c       0x1c Middlewares/FreeRTOS-TCP/Src/FreeRTOS_TCP_WIN.o
 .text.vListInsertGeneric
                0x000000000800eb48       0x44 Middlewares/FreeRTOS-TCP/Src/FreeRTOS_TCP_WIN.o
 .text.prvCreateSectors
                0x000000000800eb8c       0xb8 Middlewares/FreeRTOS-TCP/Src/FreeRTOS_TCP_WIN.o
 .text.xTCPWindowRxFind
                0x000000000800ec44       0x50 Middlewares/FreeRTOS-TCP/Src/FreeRTOS_TCP_WIN.o
 .text.xTCPWindowNew
                0x000000000800ec94       0xf0 Middlewares/FreeRTOS-TCP/Src/FreeRTOS_TCP_WIN.o
 .text.xTCPWindowRxEmpty
                0x000000000800ed84       0x64 Middlewares/FreeRTOS-TCP/Src/FreeRTOS_TCP_WIN.o
                0x000000000800ed84                xTCPWindowRxEmpty
 .text.xTCPWindowGetHead
                0x000000000800ede8       0x38 Middlewares/FreeRTOS-TCP/Src/FreeRTOS_TCP_WIN.o
 .text.xTCPWindowPeekHead
                0x000000000800ee20       0x32 Middlewares/FreeRTOS-TCP/Src/FreeRTOS_TCP_WIN.o
 *fill*         0x000000000800ee52        0x2 
 .text.vTCPWindowFree
                0x000000000800ee54       0x58 Middlewares/FreeRTOS-TCP/Src/FreeRTOS_TCP_WIN.o
 .text.vTCPWindowDestroy
                0x000000000800eeac       0x5e Middlewares/FreeRTOS-TCP/Src/FreeRTOS_TCP_WIN.o
                0x000000000800eeac                vTCPWindowDestroy
 *fill*         0x000000000800ef0a        0x2 
 .text.vTCPWindowCreate
                0x000000000800ef0c       0x8c Middlewares/FreeRTOS-TCP/Src/FreeRTOS_TCP_WIN.o
                0x000000000800ef0c                vTCPWindowCreate
 .text.vTCPWindowInit
                0x000000000800ef98       0xb6 Middlewares/FreeRTOS-TCP/Src/FreeRTOS_TCP_WIN.o
                0x000000000800ef98                vTCPWindowInit
 *fill*         0x000000000800f04e        0x2 
 .text.xTCPWindowRxConfirm
                0x000000000800f050       0xfc Middlewares/FreeRTOS-TCP/Src/FreeRTOS_TCP_WIN.o
 .text.lTCPWindowRxCheck
                0x000000000800f14c      0x2b4 Middlewares/FreeRTOS-TCP/Src/FreeRTOS_TCP_WIN.o
                0x000000000800f14c                lTCPWindowRxCheck
 .text.lTCPIncrementTxPosition
                0x000000000800f400       0x32 Middlewares/FreeRTOS-TCP/Src/FreeRTOS_TCP_WIN.o
 *fill*         0x000000000800f432        0x2 
 .text.lTCPWindowTxAdd
                0x000000000800f434      0x1f8 Middlewares/FreeRTOS-TCP/Src/FreeRTOS_TCP_WIN.o
                0x000000000800f434                lTCPWindowTxAdd
 .text.xTCPWindowTxDone
                0x000000000800f62c       0x24 Middlewares/FreeRTOS-TCP/Src/FreeRTOS_TCP_WIN.o
                0x000000000800f62c                xTCPWindowTxDone
 .text.prvTCPWindowTxHasSpace
                0x000000000800f650       0x8c Middlewares/FreeRTOS-TCP/Src/FreeRTOS_TCP_WIN.o
 .text.xTCPWindowTxHasData
                0x000000000800f6dc       0xc0 Middlewares/FreeRTOS-TCP/Src/FreeRTOS_TCP_WIN.o
                0x000000000800f6dc                xTCPWindowTxHasData
 .text.ulTCPWindowTxGet
                0x000000000800f79c      0x294 Middlewares/FreeRTOS-TCP/Src/FreeRTOS_TCP_WIN.o
                0x000000000800f79c                ulTCPWindowTxGet
 .text.prvTCPWindowTxCheckAck
                0x000000000800fa30      0x200 Middlewares/FreeRTOS-TCP/Src/FreeRTOS_TCP_WIN.o
 .text.prvTCPWindowFastRetransmit
                0x000000000800fc30       0xd0 Middlewares/FreeRTOS-TCP/Src/FreeRTOS_TCP_WIN.o
 .text.ulTCPWindowTxAck
                0x000000000800fd00       0x3a Middlewares/FreeRTOS-TCP/Src/FreeRTOS_TCP_WIN.o
                0x000000000800fd00                ulTCPWindowTxAck
 *fill*         0x000000000800fd3a        0x2 
 .text.ulTCPWindowTxSack
                0x000000000800fd3c       0x88 Middlewares/FreeRTOS-TCP/Src/FreeRTOS_TCP_WIN.o
                0x000000000800fd3c                ulTCPWindowTxSack
 .text.vCastPointerTo_UDPPacket_t
                0x000000000800fdc4       0x16 Middlewares/FreeRTOS-TCP/Src/FreeRTOS_UDP_IP.o
 .text.vCastConstPointerTo_UDPPacket_t
                0x000000000800fdda       0x16 Middlewares/FreeRTOS-TCP/Src/FreeRTOS_UDP_IP.o
 .text.vProcessGeneratedUDPPacket
                0x000000000800fdf0      0x170 Middlewares/FreeRTOS-TCP/Src/FreeRTOS_UDP_IP.o
                0x000000000800fdf0                vProcessGeneratedUDPPacket
 .text.xProcessReceivedUDPPacket
                0x000000000800ff60      0x130 Middlewares/FreeRTOS-TCP/Src/FreeRTOS_UDP_IP.o
                0x000000000800ff60                xProcessReceivedUDPPacket
 .text.HAL_ETH_RxCpltCallback
                0x0000000008010090       0x5c Middlewares/FreeRTOS-TCP/Src/NetworkInterface.o
                0x0000000008010090                HAL_ETH_RxCpltCallback
 .text.HAL_ETH_TxCpltCallback
                0x00000000080100ec       0x5c Middlewares/FreeRTOS-TCP/Src/NetworkInterface.o
                0x00000000080100ec                HAL_ETH_TxCpltCallback
 .text.vClearTXBuffers
                0x0000000008010148       0xa4 Middlewares/FreeRTOS-TCP/Src/NetworkInterface.o
 .text.xNetworkInterfaceInitialise
                0x00000000080101ec      0x164 Middlewares/FreeRTOS-TCP/Src/NetworkInterface.o
                0x00000000080101ec                xNetworkInterfaceInitialise
 .text.prvDMATxDescListInit
                0x0000000008010350       0x88 Middlewares/FreeRTOS-TCP/Src/NetworkInterface.o
 .text.prvDMARxDescListInit
                0x00000000080103d8       0x98 Middlewares/FreeRTOS-TCP/Src/NetworkInterface.o
 .text.prvMACAddressConfig
                0x0000000008010470       0x74 Middlewares/FreeRTOS-TCP/Src/NetworkInterface.o
 .text.xNetworkInterfaceOutput
                0x00000000080104e4      0x114 Middlewares/FreeRTOS-TCP/Src/NetworkInterface.o
                0x00000000080104e4                xNetworkInterfaceOutput
 .text.xMayAcceptPacket
                0x00000000080105f8       0x34 Middlewares/FreeRTOS-TCP/Src/NetworkInterface.o
 .text.prvPassEthMessages
                0x000000000801062c       0x4c Middlewares/FreeRTOS-TCP/Src/NetworkInterface.o
 .text.prvNetworkInterfaceInput
                0x0000000008010678      0x160 Middlewares/FreeRTOS-TCP/Src/NetworkInterface.o
 .text.xSTM32_PhyRead
                0x00000000080107d8       0x54 Middlewares/FreeRTOS-TCP/Src/NetworkInterface.o
                0x00000000080107d8                xSTM32_PhyRead
 .text.xSTM32_PhyWrite
                0x000000000801082c       0x54 Middlewares/FreeRTOS-TCP/Src/NetworkInterface.o
                0x000000000801082c                xSTM32_PhyWrite
 .text.vMACBProbePhy
                0x0000000008010880       0x30 Middlewares/FreeRTOS-TCP/Src/NetworkInterface.o
                0x0000000008010880                vMACBProbePhy
 .text.prvEthernetUpdateConfig
                0x00000000080108b0       0xf4 Middlewares/FreeRTOS-TCP/Src/NetworkInterface.o
 .text.prvEMACHandlerTask
                0x00000000080109a4       0xfc Middlewares/FreeRTOS-TCP/Src/NetworkInterface.o
 .text.ETH_IRQHandler
                0x0000000008010aa0       0x14 Middlewares/FreeRTOS-TCP/Src/NetworkInterface.o
                0x0000000008010aa0                ETH_IRQHandler
 .text.xHas_1F_PHYSPCS
                0x0000000008010ab4       0x30 Middlewares/FreeRTOS-TCP/Src/phyHandling.o
 .text.xHas_19_PHYCR
                0x0000000008010ae4       0x38 Middlewares/FreeRTOS-TCP/Src/phyHandling.o
 .text.vPhyInitialise
                0x0000000008010b1c       0x2a Middlewares/FreeRTOS-TCP/Src/phyHandling.o
                0x0000000008010b1c                vPhyInitialise
 *fill*         0x0000000008010b46        0x2 
 .text.xPhyDiscover
                0x0000000008010b48       0xb0 Middlewares/FreeRTOS-TCP/Src/phyHandling.o
                0x0000000008010b48                xPhyDiscover
 .text.xPhyReset
                0x0000000008010bf8      0x148 Middlewares/FreeRTOS-TCP/Src/phyHandling.o
 .text.xPhyConfigure
                0x0000000008010d40      0x20c Middlewares/FreeRTOS-TCP/Src/phyHandling.o
                0x0000000008010d40                xPhyConfigure
 .text.xPhyFixedValue
                0x0000000008010f4c       0x7e Middlewares/FreeRTOS-TCP/Src/phyHandling.o
                0x0000000008010f4c                xPhyFixedValue
 *fill*         0x0000000008010fca        0x2 
 .text.xPhyStartAutoNegotiation
                0x0000000008010fcc      0x318 Middlewares/FreeRTOS-TCP/Src/phyHandling.o
                0x0000000008010fcc                xPhyStartAutoNegotiation
 .text.xPhyCheckLinkStatus
                0x00000000080112e4      0x15c Middlewares/FreeRTOS-TCP/Src/phyHandling.o
                0x00000000080112e4                xPhyCheckLinkStatus
 .text.xNetworkBuffersInitialise
                0x0000000008011440       0xf0 Middlewares/FreeRTOS-TCP/Src/portable/BufferManagement/BufferAllocation_2.o
                0x0000000008011440                xNetworkBuffersInitialise
 .text.vReleaseNetworkBuffer
                0x0000000008011530       0x22 Middlewares/FreeRTOS-TCP/Src/portable/BufferManagement/BufferAllocation_2.o
                0x0000000008011530                vReleaseNetworkBuffer
 *fill*         0x0000000008011552        0x2 
 .text.pxGetNetworkBufferWithDescriptor
                0x0000000008011554       0xf4 Middlewares/FreeRTOS-TCP/Src/portable/BufferManagement/BufferAllocation_2.o
                0x0000000008011554                pxGetNetworkBufferWithDescriptor
 .text.vReleaseNetworkBufferAndDescriptor
                0x0000000008011648       0x68 Middlewares/FreeRTOS-TCP/Src/portable/BufferManagement/BufferAllocation_2.o
                0x0000000008011648                vReleaseNetworkBufferAndDescriptor
 .text.uxGetNumberOfFreeNetworkBuffers
                0x00000000080116b0       0x18 Middlewares/FreeRTOS-TCP/Src/portable/BufferManagement/BufferAllocation_2.o
                0x00000000080116b0                uxGetNumberOfFreeNetworkBuffers
 .text.uxGetMinimumFreeNetworkBuffers
                0x00000000080116c8       0x18 Middlewares/FreeRTOS-TCP/Src/portable/BufferManagement/BufferAllocation_2.o
                0x00000000080116c8                uxGetMinimumFreeNetworkBuffers
 .text.__errno  0x00000000080116e0        0xc c:/st/stm32cubeide_1.4.0/stm32cubeide/plugins/com.st.stm32cube.ide.mcu.externaltools.gnu-tools-for-stm32.7-2018-q2-update.win32_1.5.0.202011040924/tools/bin/../lib/gcc/arm-none-eabi/7.3.1/../../../../arm-none-eabi/lib/thumb/v7e-m/fpv5/hard\libc_nano.a(lib_a-errno.o)
                0x00000000080116e0                __errno
 .text.__libc_init_array
                0x00000000080116ec       0x48 c:/st/stm32cubeide_1.4.0/stm32cubeide/plugins/com.st.stm32cube.ide.mcu.externaltools.gnu-tools-for-stm32.7-2018-q2-update.win32_1.5.0.202011040924/tools/bin/../lib/gcc/arm-none-eabi/7.3.1/../../../../arm-none-eabi/lib/thumb/v7e-m/fpv5/hard\libc_nano.a(lib_a-init.o)
                0x00000000080116ec                __libc_init_array
 .text.memcmp   0x0000000008011734       0x1e c:/st/stm32cubeide_1.4.0/stm32cubeide/plugins/com.st.stm32cube.ide.mcu.externaltools.gnu-tools-for-stm32.7-2018-q2-update.win32_1.5.0.202011040924/tools/bin/../lib/gcc/arm-none-eabi/7.3.1/../../../../arm-none-eabi/lib/thumb/v7e-m/fpv5/hard\libc_nano.a(lib_a-memcmp.o)
                0x0000000008011734                memcmp
 .text.memcpy   0x0000000008011752       0x16 c:/st/stm32cubeide_1.4.0/stm32cubeide/plugins/com.st.stm32cube.ide.mcu.externaltools.gnu-tools-for-stm32.7-2018-q2-update.win32_1.5.0.202011040924/tools/bin/../lib/gcc/arm-none-eabi/7.3.1/../../../../arm-none-eabi/lib/thumb/v7e-m/fpv5/hard\libc_nano.a(lib_a-memcpy-stub.o)
                0x0000000008011752                memcpy
 .text.memmove  0x0000000008011768       0x32 c:/st/stm32cubeide_1.4.0/stm32cubeide/plugins/com.st.stm32cube.ide.mcu.externaltools.gnu-tools-for-stm32.7-2018-q2-update.win32_1.5.0.202011040924/tools/bin/../lib/gcc/arm-none-eabi/7.3.1/../../../../arm-none-eabi/lib/thumb/v7e-m/fpv5/hard\libc_nano.a(lib_a-memmove.o)
                0x0000000008011768                memmove
 .text.memset   0x000000000801179a       0x10 c:/st/stm32cubeide_1.4.0/stm32cubeide/plugins/com.st.stm32cube.ide.mcu.externaltools.gnu-tools-for-stm32.7-2018-q2-update.win32_1.5.0.202011040924/tools/bin/../lib/gcc/arm-none-eabi/7.3.1/../../../../arm-none-eabi/lib/thumb/v7e-m/fpv5/hard\libc_nano.a(lib_a-memset.o)
                0x000000000801179a                memset
 *fill*         0x00000000080117aa        0x2 
 .text._malloc_r
                0x00000000080117ac       0xb4 c:/st/stm32cubeide_1.4.0/stm32cubeide/plugins/com.st.stm32cube.ide.mcu.externaltools.gnu-tools-for-stm32.7-2018-q2-update.win32_1.5.0.202011040924/tools/bin/../lib/gcc/arm-none-eabi/7.3.1/../../../../arm-none-eabi/lib/thumb/v7e-m/fpv5/hard\libc_nano.a(lib_a-nano-mallocr.o)
                0x00000000080117ac                _malloc_r
 .text.__cvt    0x0000000008011860       0xa4 c:/st/stm32cubeide_1.4.0/stm32cubeide/plugins/com.st.stm32cube.ide.mcu.externaltools.gnu-tools-for-stm32.7-2018-q2-update.win32_1.5.0.202011040924/tools/bin/../lib/gcc/arm-none-eabi/7.3.1/../../../../arm-none-eabi/lib/thumb/v7e-m/fpv5/hard\libc_nano.a(lib_a-nano-vfprintf_float.o)
                0x0000000008011860                __cvt
 .text.__exponent
                0x0000000008011904       0x66 c:/st/stm32cubeide_1.4.0/stm32cubeide/plugins/com.st.stm32cube.ide.mcu.externaltools.gnu-tools-for-stm32.7-2018-q2-update.win32_1.5.0.202011040924/tools/bin/../lib/gcc/arm-none-eabi/7.3.1/../../../../arm-none-eabi/lib/thumb/v7e-m/fpv5/hard\libc_nano.a(lib_a-nano-vfprintf_float.o)
                0x0000000008011904                __exponent
 *fill*         0x000000000801196a        0x6 
 .text._printf_float
                0x0000000008011970      0x458 c:/st/stm32cubeide_1.4.0/stm32cubeide/plugins/com.st.stm32cube.ide.mcu.externaltools.gnu-tools-for-stm32.7-2018-q2-update.win32_1.5.0.202011040924/tools/bin/../lib/gcc/arm-none-eabi/7.3.1/../../../../arm-none-eabi/lib/thumb/v7e-m/fpv5/hard\libc_nano.a(lib_a-nano-vfprintf_float.o)
                0x0000000008011970                _printf_float
 .text._printf_common
                0x0000000008011dc8       0xea c:/st/stm32cubeide_1.4.0/stm32cubeide/plugins/com.st.stm32cube.ide.mcu.externaltools.gnu-tools-for-stm32.7-2018-q2-update.win32_1.5.0.202011040924/tools/bin/../lib/gcc/arm-none-eabi/7.3.1/../../../../arm-none-eabi/lib/thumb/v7e-m/fpv5/hard\libc_nano.a(lib_a-nano-vfprintf_i.o)
                0x0000000008011dc8                _printf_common
 *fill*         0x0000000008011eb2        0x2 
 .text._printf_i
                0x0000000008011eb4      0x224 c:/st/stm32cubeide_1.4.0/stm32cubeide/plugins/com.st.stm32cube.ide.mcu.externaltools.gnu-tools-for-stm32.7-2018-q2-update.win32_1.5.0.202011040924/tools/bin/../lib/gcc/arm-none-eabi/7.3.1/../../../../arm-none-eabi/lib/thumb/v7e-m/fpv5/hard\libc_nano.a(lib_a-nano-vfprintf_i.o)
                0x0000000008011eb4                _printf_i
 .text.cleanup_glue
                0x00000000080120d8       0x1a c:/st/stm32cubeide_1.4.0/stm32cubeide/plugins/com.st.stm32cube.ide.mcu.externaltools.gnu-tools-for-stm32.7-2018-q2-update.win32_1.5.0.202011040924/tools/bin/../lib/gcc/arm-none-eabi/7.3.1/../../../../arm-none-eabi/lib/thumb/v7e-m/fpv5/hard\libc_nano.a(lib_a-reent.o)
                0x00000000080120d8                cleanup_glue
 *fill*         0x00000000080120f2        0x2 
 .text._reclaim_reent
                0x00000000080120f4       0xb8 c:/st/stm32cubeide_1.4.0/stm32cubeide/plugins/com.st.stm32cube.ide.mcu.externaltools.gnu-tools-for-stm32.7-2018-q2-update.win32_1.5.0.202011040924/tools/bin/../lib/gcc/arm-none-eabi/7.3.1/../../../../arm-none-eabi/lib/thumb/v7e-m/fpv5/hard\libc_nano.a(lib_a-reent.o)
                0x00000000080120f4                _reclaim_reent
 .text._sbrk_r  0x00000000080121ac       0x20 c:/st/stm32cubeide_1.4.0/stm32cubeide/plugins/com.st.stm32cube.ide.mcu.externaltools.gnu-tools-for-stm32.7-2018-q2-update.win32_1.5.0.202011040924/tools/bin/../lib/gcc/arm-none-eabi/7.3.1/../../../../arm-none-eabi/lib/thumb/v7e-m/fpv5/hard\libc_nano.a(lib_a-sbrkr.o)
                0x00000000080121ac                _sbrk_r
 .text.snprintf
                0x00000000080121cc       0x68 c:/st/stm32cubeide_1.4.0/stm32cubeide/plugins/com.st.stm32cube.ide.mcu.externaltools.gnu-tools-for-stm32.7-2018-q2-update.win32_1.5.0.202011040924/tools/bin/../lib/gcc/arm-none-eabi/7.3.1/../../../../arm-none-eabi/lib/thumb/v7e-m/fpv5/hard\libc_nano.a(lib_a-snprintf.o)
                0x00000000080121cc                sniprintf
                0x00000000080121cc                snprintf
 .text.strcasecmp
                0x0000000008012234       0x3c c:/st/stm32cubeide_1.4.0/stm32cubeide/plugins/com.st.stm32cube.ide.mcu.externaltools.gnu-tools-for-stm32.7-2018-q2-update.win32_1.5.0.202011040924/tools/bin/../lib/gcc/arm-none-eabi/7.3.1/../../../../arm-none-eabi/lib/thumb/v7e-m/fpv5/hard\libc_nano.a(lib_a-strcasecmp.o)
                0x0000000008012234                strcasecmp
 .text.strcpy   0x0000000008012270       0x10 c:/st/stm32cubeide_1.4.0/stm32cubeide/plugins/com.st.stm32cube.ide.mcu.externaltools.gnu-tools-for-stm32.7-2018-q2-update.win32_1.5.0.202011040924/tools/bin/../lib/gcc/arm-none-eabi/7.3.1/../../../../arm-none-eabi/lib/thumb/v7e-m/fpv5/hard\libc_nano.a(lib_a-strcpy.o)
                0x0000000008012270                strcpy
 .text.quorem   0x0000000008012280      0x118 c:/st/stm32cubeide_1.4.0/stm32cubeide/plugins/com.st.stm32cube.ide.mcu.externaltools.gnu-tools-for-stm32.7-2018-q2-update.win32_1.5.0.202011040924/tools/bin/../lib/gcc/arm-none-eabi/7.3.1/../../../../arm-none-eabi/lib/thumb/v7e-m/fpv5/hard\libc_nano.a(lib_a-dtoa.o)
 .text._dtoa_r  0x0000000008012398      0xa98 c:/st/stm32cubeide_1.4.0/stm32cubeide/plugins/com.st.stm32cube.ide.mcu.externaltools.gnu-tools-for-stm32.7-2018-q2-update.win32_1.5.0.202011040924/tools/bin/../lib/gcc/arm-none-eabi/7.3.1/../../../../arm-none-eabi/lib/thumb/v7e-m/fpv5/hard\libc_nano.a(lib_a-dtoa.o)
                0x0000000008012398                _dtoa_r
 .text.__locale_ctype_ptr
                0x0000000008012e30       0x1c c:/st/stm32cubeide_1.4.0/stm32cubeide/plugins/com.st.stm32cube.ide.mcu.externaltools.gnu-tools-for-stm32.7-2018-q2-update.win32_1.5.0.202011040924/tools/bin/../lib/gcc/arm-none-eabi/7.3.1/../../../../arm-none-eabi/lib/thumb/v7e-m/fpv5/hard\libc_nano.a(lib_a-locale.o)
                0x0000000008012e30                __locale_ctype_ptr
 .text._localeconv_r
                0x0000000008012e4c       0x1c c:/st/stm32cubeide_1.4.0/stm32cubeide/plugins/com.st.stm32cube.ide.mcu.externaltools.gnu-tools-for-stm32.7-2018-q2-update.win32_1.5.0.202011040924/tools/bin/../lib/gcc/arm-none-eabi/7.3.1/../../../../arm-none-eabi/lib/thumb/v7e-m/fpv5/hard\libc_nano.a(lib_a-localeconv.o)
                0x0000000008012e4c                _localeconv_r
 .text.malloc   0x0000000008012e68       0x10 c:/st/stm32cubeide_1.4.0/stm32cubeide/plugins/com.st.stm32cube.ide.mcu.externaltools.gnu-tools-for-stm32.7-2018-q2-update.win32_1.5.0.202011040924/tools/bin/../lib/gcc/arm-none-eabi/7.3.1/../../../../arm-none-eabi/lib/thumb/v7e-m/fpv5/hard\libc_nano.a(lib_a-malloc.o)
                0x0000000008012e68                malloc
 .text.__ascii_mbtowc
                0x0000000008012e78       0x24 c:/st/stm32cubeide_1.4.0/stm32cubeide/plugins/com.st.stm32cube.ide.mcu.externaltools.gnu-tools-for-stm32.7-2018-q2-update.win32_1.5.0.202011040924/tools/bin/../lib/gcc/arm-none-eabi/7.3.1/../../../../arm-none-eabi/lib/thumb/v7e-m/fpv5/hard\libc_nano.a(lib_a-mbtowc_r.o)
                0x0000000008012e78                __ascii_mbtowc
 .text.__malloc_lock
                0x0000000008012e9c        0x2 c:/st/stm32cubeide_1.4.0/stm32cubeide/plugins/com.st.stm32cube.ide.mcu.externaltools.gnu-tools-for-stm32.7-2018-q2-update.win32_1.5.0.202011040924/tools/bin/../lib/gcc/arm-none-eabi/7.3.1/../../../../arm-none-eabi/lib/thumb/v7e-m/fpv5/hard\libc_nano.a(lib_a-mlock.o)
                0x0000000008012e9c                __malloc_lock
 .text.__malloc_unlock