FreeRTOS_Stream_Buffer.h:123:30:uxStreamBufferFrontSpace	0	static
FreeRTOS_Stream_Buffer.h:137:30:uxStreamBufferGetSize	0	static
FreeRTOS_Sockets.c:2137:27:pxListFindListItemWithValue	16	static
FreeRTOS_Sockets.c:3833:29:prvTCPCreateStream	24	static
FreeRTOS_Sockets.c:255:19:prvValidSocket	0	static
FreeRTOS_Sockets.c:1634:23:prvSockopt_so_buffer	8	static
FreeRTOS_Sockets.c:757:17:prvFindSelectedSocket	24	static
FreeRTOS_Stream_Buffer.h:111:30:uxStreamBufferGetSpace	0	static
FreeRTOS_Sockets.c:287:6:vNetworkSocketsInit	8	static
FreeRTOS_Sockets.c:387:10:FreeRTOS_socket	24	static
FreeRTOS_Sockets.c:512:17:FreeRTOS_CreateSocketSet	16	static
FreeRTOS_Sockets.c:548:10:FreeRTOS_DeleteSocketSet	8	static
FreeRTOS_Sockets.c:572:10:FreeRTOS_FD_SET	16	static
FreeRTOS_Sockets.c:613:10:FreeRTOS_FD_CLR	16	static
FreeRTOS_Sockets.c:651:17:FreeRTOS_FD_ISSET	16	static
FreeRTOS_Sockets.c:692:16:FreeRTOS_select	40	static
FreeRTOS_Sockets.c:827:9:FreeRTOS_recvfrom	56	static
FreeRTOS_Sockets.c:1187:12:FreeRTOS_bind	32	static
FreeRTOS_Sockets.c:1021:9:FreeRTOS_sendto	56	static
FreeRTOS_Sockets.c:1268:12:vSocketBind	64	static
FreeRTOS_Sockets.c:1419:12:FreeRTOS_closesocket	16	static
FreeRTOS_Sockets.c:1476:8:vSocketClose	32	static
FreeRTOS_Sockets.c:2172:21:pxUDPSocketLookup	8	static
FreeRTOS_Sockets.c:2210:14:FreeRTOS_inet_ntoa	48	static
FreeRTOS_Sockets.c:2369:14:FreeRTOS_inet_ntop4	8	static
FreeRTOS_Sockets.c:2332:14:FreeRTOS_inet_ntop	4	static
FreeRTOS_Sockets.c:2404:12:FreeRTOS_inet_pton4	32	static
FreeRTOS_Sockets.c:2295:12:FreeRTOS_inet_pton	0	static
FreeRTOS_Sockets.c:2511:10:FreeRTOS_inet_addr	16	static
FreeRTOS_Sockets.c:2532:8:FreeRTOS_GetLocalAddress	0	static
FreeRTOS_Sockets.c:2553:6:vSocketWakeUpUser	8	static
FreeRTOS_Sockets.c:2864:14:FreeRTOS_accept	64	static
FreeRTOS_Sockets.c:3006:16:FreeRTOS_recv	72	static
FreeRTOS_Sockets.c:3280:15:FreeRTOS_get_tx_head	16	static
FreeRTOS_Sockets.c:3326:16:FreeRTOS_send	64	static
FreeRTOS_Sockets.c:3523:16:FreeRTOS_listen	16	static
FreeRTOS_Sockets.c:3594:16:FreeRTOS_shutdown	8	static
FreeRTOS_Sockets.c:3645:16:xTCPTimerCheck	32	static
FreeRTOS_Sockets.c:3741:25:pxTCPSocketLookup	20	static
FreeRTOS_Sockets.c:3804:35:FreeRTOS_get_rx_buf	8	static
FreeRTOS_Sockets.c:3921:13:lTCPAddRxdata	48	static
FreeRTOS_Sockets.c:4068:16:FreeRTOS_GetRemoteAddress	0	static
FreeRTOS_Sockets.c:4109:16:FreeRTOS_maywrite	0	static
FreeRTOS_Sockets.c:4155:16:FreeRTOS_tx_space	0	static
FreeRTOS_Sockets.c:4193:16:FreeRTOS_tx_size	0	static
FreeRTOS_Sockets.c:1694:12:FreeRTOS_setsockopt	16	static
FreeRTOS_Sockets.c:4230:16:FreeRTOS_issocketconnected	0	static
FreeRTOS_Sockets.c:2777:16:FreeRTOS_connect	40	static
FreeRTOS_Sockets.c:4266:16:FreeRTOS_mss	0	static
FreeRTOS_Sockets.c:4302:16:FreeRTOS_connstatus	0	static
FreeRTOS_Sockets.c:4334:16:FreeRTOS_rx_size	0	static
FreeRTOS_Sockets.c:4393:10:FreeRTOS_netstat	16	static
FreeRTOS_Sockets.c:4413:10:vTCPNetStat	104	static
FreeRTOS_Sockets.c:4500:10:vSocketSelect	48	static
