FreeRTOS_IP.c:851:19:prvIPTimerCheck	16	static
FreeRTOS_IP.c:610:12:xIsCallingFromIPTask	8	static
FreeRTOS_IP.c:921:12:FreeRTOS_NetworkDownFromISR	16	static
FreeRTOS_IP.c:952:8:FreeRTOS_GetUDPPayloadBuffer	8	static
FreeRTOS_IP.c:994:29:pxDuplicateNetworkBufferWithDescriptor	16	static
FreeRTOS_IP.c:1077:33:pxPacketBuffer_to_NetworkBuffer	0	static
FreeRTOS_IP.c:1092:29:pxUDPPayloadBuffer_to_NetworkBuffer	0	static
FreeRTOS_IP.c:1103:6:FreeRTOS_ReleaseUDPPayloadBuffer	8	static
FreeRTOS_IP.c:1127:12:FreeRTOS_IPInit	48	static
FreeRTOS_IP.c:1246:6:FreeRTOS_GetAddressConfiguration	8	static
FreeRTOS_IP.c:1284:6:FreeRTOS_SetAddressConfiguration	8	static
FreeRTOS_IP.c:1437:12:xSendEventStructToIPTask	16	static
FreeRTOS_IP.c:892:6:FreeRTOS_NetworkDown	8	static
FreeRTOS_IP.c:1417:12:xSendEventToIPTask	16	static
FreeRTOS_IP.c:1509:26:eConsiderFrameForProcessing	8	static
FreeRTOS_IP.c:1626:6:vIPNetworkUpCalls	16	static
FreeRTOS_IP.c:1567:13:prvProcessNetworkDownEvent	8	static
FreeRTOS_IP.c:1757:12:xIsIPv4Multicast	0	static
FreeRTOS_IP.c:1781:6:vSetMultiCastIPv4MacAddress	0	static
FreeRTOS_IP.c:2764:10:usGenerateChecksum	20	static
FreeRTOS_IP.c:2440:10:usGenerateProtocolChecksum	40	static
FreeRTOS_IP.c:2918:6:vReturnEthernetFrame	16	static
FreeRTOS_IP.c:368:13:prvIPTask	64	static
FreeRTOS_IP.c:3011:10:vPrintResourceStats	8	static
FreeRTOS_IP.c:3082:10:FreeRTOS_GetIPAddress	0	static
FreeRTOS_IP.c:3093:6:FreeRTOS_SetIPAddress	0	static
FreeRTOS_IP.c:3105:10:FreeRTOS_GetGatewayAddress	0	static
FreeRTOS_IP.c:3116:10:FreeRTOS_GetDNSServerAddress	0	static
FreeRTOS_IP.c:3127:10:FreeRTOS_GetNetmask	0	static
FreeRTOS_IP.c:3138:6:FreeRTOS_UpdateMACAddress	0	static
FreeRTOS_IP.c:3150:17:FreeRTOS_GetMACAddress	0	static
FreeRTOS_IP.c:3161:6:FreeRTOS_SetNetmask	0	static
FreeRTOS_IP.c:3172:6:FreeRTOS_SetGatewayAddress	0	static
FreeRTOS_IP.c:3254:12:xIPIsNetworkTaskReady	0	static
FreeRTOS_IP.c:3265:12:FreeRTOS_IsNetworkUp	0	static
FreeRTOS_IP.c:3295:14:FreeRTOS_strerror_r	16	static
