FreeRTOS_IP.h:228:35:FreeRTOS_min_int32	16	static
FreeRTOS_IP.h:233:36:FreeRTOS_min_uint32	16	static
FreeRTOS_Stream_Buffer.h:71:30:uxStreamBufferSpace	32	static
FreeRTOS_Stream_Buffer.h:92:30:uxStreamBufferDistance	32	static
FreeRTOS_Stream_Buffer.h:111:30:uxStreamBufferGetSpace	24	static
FreeRTOS_Stream_Buffer.h:123:30:uxStreamBufferFrontSpace	24	static
FreeRTOS_Stream_Buffer.h:149:30:uxStreamBufferMidSpace	24	static
FreeRTOS_Stream_Buffer.h:161:28:vStreamBufferMoveMid	24	static
FreeRTOS_IP_Private.h:139:23:vCastConstPointerTo_IPHeader_t	16	static
FreeRTOS_IP_Private.h:285:23:vCastPointerTo_TCPPacket_t	16	static
FreeRTOS_IP_Private.h:290:23:vCastConstPointerTo_TCPPacket_t	16	static
FreeRTOS_IP_Private.h:328:23:vCastPointerTo_ProtocolHeaders_t	16	static
FreeRTOS_IP_Private.h:333:23:vCastConstPointerTo_ProtocolHeaders_t	16	static
FreeRTOS_IP_Private.h:800:23:vCastPointerTo_FreeRTOS_Socket_t	16	static
FreeRTOS_IP_Private.h:886:32:ulChar2u32	16	static
FreeRTOS_IP_Private.h:895:32:usChar2u16	16	static
FreeRTOS_TCP_IP.c:396:23:prvTCPSocketIsActive	24	static
FreeRTOS_TCP_IP.c:439:27:prvTCPStatusAgeCheck	56	static
FreeRTOS_TCP_IP.c:543:16:xTCPSocketCheck	40	static
FreeRTOS_TCP_IP.c:645:20:prvTCPSendPacket	40	static
FreeRTOS_TCP_IP.c:733:20:prvTCPSendRepeated	32	static
FreeRTOS_TCP_IP.c:781:17:prvTCPReturnPacket	136	static
FreeRTOS_TCP_IP.c:1064:17:prvTCPCreateWindow	32	static
FreeRTOS_TCP_IP.c:1100:23:prvTCPPrepareConnect	96	static
FreeRTOS_TCP_IP.c:1245:29:prvTCPFlagMeaning	72	static
FreeRTOS_TCP_IP.c:1277:18:prvCheckOptions	56	static
FreeRTOS_TCP_IP.c:1360:20:prvSingleStepTCPHeaderOptions	48	static
FreeRTOS_TCP_IP.c:1523:22:prvReadSackOption	48	static
FreeRTOS_TCP_IP.c:1578:24:prvWinScaleFactor	24	static
FreeRTOS_TCP_IP.c:1621:24:prvSetSynAckOptions	24	static
FreeRTOS_TCP_IP.c:1671:17:prvTCPTouchSocket	16	static
FreeRTOS_TCP_IP.c:1701:10:vTCPStateChange	56	static
FreeRTOS_TCP_IP.c:1897:40:prvTCPBufferResize	40	static
FreeRTOS_TCP_IP.c:1997:20:prvTCPPrepareSend	96	static
FreeRTOS_TCP_IP.c:2203:23:prvTCPNextTimeout	32	static
FreeRTOS_TCP_IP.c:2274:17:prvTCPAddTxData	24	static
FreeRTOS_TCP_IP.c:2320:23:prvTCPHandleFin	56	static
FreeRTOS_TCP_IP.c:2425:23:prvCheckRxData	56	static
FreeRTOS_TCP_IP.c:2508:23:prvStoreRxData	56	static
FreeRTOS_TCP_IP.c:2596:24:prvSetOptions	56	static
FreeRTOS_TCP_IP.c:2679:23:prvHandleSynReceived	80	static
FreeRTOS_TCP_IP.c:2817:23:prvHandleEstablished	96	static
FreeRTOS_TCP_IP.c:2996:23:prvSendData	80	static
FreeRTOS_TCP_IP.c:3158:23:prvTCPHandleState	56	static
FreeRTOS_TCP_IP.c:3350:23:prvTCPSendSpecialPacketHelper	24	static
FreeRTOS_TCP_IP.c:3385:23:prvTCPSendChallengeAck	16	static
FreeRTOS_TCP_IP.c:3398:23:prvTCPSendReset	16	static
FreeRTOS_TCP_IP.c:3410:17:prvSocketSetMSS	24	static
FreeRTOS_TCP_IP.c:3446:16:xProcessReceivedTCPPacket	80	static
FreeRTOS_TCP_IP.c:3694:32:prvHandleListen	48	static
FreeRTOS_TCP_IP.c:3799:23:prvTCPSocketCopy	40	static
FreeRTOS_TCP_IP.c:3899:22:FreeRTOS_GetTCPStateName	24	static
FreeRTOS_TCP_IP.c:3940:16:xTCPCheckNewClient	40	static
