FreeRTOS_Sockets.h:222:34:xSocketValid	24	static
FreeRTOS_IP_Private.h:266:23:vCastPointerTo_UDPPacket_t	16	static
FreeRTOS_IP_Private.h:895:32:usChar2u16	16	static
FreeRTOS_DNS.c:229:14:FreeRTOS_dnsclear	8	static
FreeRTOS_DNS.c:262:23:vCastPointerTo_DNSMessage_t	16	static
FreeRTOS_DNS.c:272:23:vCastConstPointerTo_DNSMessage_t	16	static
FreeRTOS_DNS.c:295:23:vCastPointerTo_DNSTail_t	16	static
FreeRTOS_DNS.c:317:23:vCastPointerTo_DNSAnswerRecord_t	16	static
FreeRTOS_DNS.c:343:27:vCastPointerTo_LLMNRAnswer_t	16	static
FreeRTOS_DNS.c:389:27:vCastPointerTo_NBNSAnswer_t	16	static
FreeRTOS_DNS.c:399:18:FreeRTOS_dnslookup	24	static
FreeRTOS_DNS.c:627:18:FreeRTOS_gethostbyname	16	static
FreeRTOS_DNS.c:677:25:prvPrepareLookup	48	static
FreeRTOS_DNS.c:798:21:prvGetHostByName	104	static
FreeRTOS_DNS.c:974:20:prvCreateDNSMessage	56	static
FreeRTOS_DNS.c:1077:24:prvReadNameField	40	static
FreeRTOS_DNS.c:1185:20:prvSkipNameField	32	static
FreeRTOS_DNS.c:1264:14:ulDNSHandlePacket	24	static
FreeRTOS_DNS.c:1301:18:ulNBNSHandlePacket	24	static
FreeRTOS_DNS.c:1331:22:prvParseDNSReply	176	static
FreeRTOS_DNS.c:1733:21:prvTreatNBNS	88	static
FreeRTOS_DNS.c:1887:21:prvCreateDNSSocket	24	static
FreeRTOS_DNS.c:1932:21:prvReplyDNSMessage	40	static
FreeRTOS_DNS.c:1994:27:prvProcessDNSCache	48	static
