FreeRTOS_IP_Private.h:91:23:vCastPointerTo_EthernetHeader_t	16	static
FreeRTOS_IP_Private.h:96:23:vCastConstPointerTo_EthernetHeader_t	16	static
FreeRTOS_IP_Private.h:211:23:vCastPointerTo_ARPPacket_t	16	static
FreeRTOS_IP_Private.h:230:23:vCastPointerTo_IPPacket_t	16	static
FreeRTOS_IP_Private.h:234:23:vCastConstPointerTo_IPPacket_t	16	static
FreeRTOS_IP_Private.h:250:23:vCastPointerTo_ICMPPacket_t	16	static
FreeRTOS_IP_Private.h:270:23:vCastConstPointerTo_UDPPacket_t	16	static
FreeRTOS_IP_Private.h:308:23:vCastPointerTo_ProtocolPacket_t	16	static
FreeRTOS_IP_Private.h:312:23:vCastConstPointerTo_ProtocolPacket_t	16	static
FreeRTOS_IP_Private.h:800:23:vCastPointerTo_FreeRTOS_Socket_t	16	static
FreeRTOS_IP_Private.h:965:27:vCastPointerTo_SocketSelect_t	16	static
FreeRTOS_IP.c:185:19:vCastPointerTo_NetworkBufferDescriptor_t	16	static
FreeRTOS_IP.c:368:13:prvIPTask	48	static
FreeRTOS_IP.c:610:12:xIsCallingFromIPTask	16	static
FreeRTOS_IP.c:633:13:prvHandleEthernetPacket	24	static
FreeRTOS_IP.c:678:19:prvCalculateSleepTime	16	static
FreeRTOS_IP.c:735:13:prvCheckNetworkTimers	24	static
FreeRTOS_IP.c:811:13:prvIPTimerStart	16	static
FreeRTOS_IP.c:836:13:prvIPTimerReload	16	static
FreeRTOS_IP.c:851:19:prvIPTimerCheck	24	static
FreeRTOS_IP.c:892:6:FreeRTOS_NetworkDown	16	static
FreeRTOS_IP.c:921:12:FreeRTOS_NetworkDownFromISR	16	static
FreeRTOS_IP.c:952:8:FreeRTOS_GetUDPPayloadBuffer	32	static
FreeRTOS_IP.c:994:29:pxDuplicateNetworkBufferWithDescriptor	24	static
FreeRTOS_IP.c:1029:36:prvPacketBuffer_to_NetworkBuffer	24	static
FreeRTOS_IP.c:1077:33:pxPacketBuffer_to_NetworkBuffer	16	static
FreeRTOS_IP.c:1092:29:pxUDPPayloadBuffer_to_NetworkBuffer	16	static
FreeRTOS_IP.c:1103:6:FreeRTOS_ReleaseUDPPayloadBuffer	16	static
FreeRTOS_IP.c:1127:12:FreeRTOS_IPInit	48	static
FreeRTOS_IP.c:1246:6:FreeRTOS_GetAddressConfiguration	24	static
FreeRTOS_IP.c:1284:6:FreeRTOS_SetAddressConfiguration	24	static
FreeRTOS_IP.c:1417:12:xSendEventToIPTask	32	static
FreeRTOS_IP.c:1437:12:xSendEventStructToIPTask	32	static
FreeRTOS_IP.c:1509:26:eConsiderFrameForProcessing	32	static
FreeRTOS_IP.c:1567:13:prvProcessNetworkDownEvent	8	static
FreeRTOS_IP.c:1626:6:vIPNetworkUpCalls	8	static
FreeRTOS_IP.c:1656:13:prvProcessEthernetPacket	24	static
FreeRTOS_IP.c:1757:12:xIsIPv4Multicast	24	static
FreeRTOS_IP.c:1781:6:vSetMultiCastIPv4MacAddress	24	static
FreeRTOS_IP.c:1804:33:prvAllowIPPacket	48	static
FreeRTOS_IP.c:1961:33:prvProcessIPPacket	72	static
FreeRTOS_IP.c:2202:37:prvProcessICMPEchoRequest	32	static
FreeRTOS_IP.c:2255:37:prvProcessICMPPacket	24	static
FreeRTOS_IP.c:2298:23:xCheckSizeFields	56	static
FreeRTOS_IP.c:2440:10:usGenerateProtocolChecksum	64	static
FreeRTOS_IP.c:2764:10:usGenerateChecksum	64	static
FreeRTOS_IP.c:2918:6:vReturnEthernetFrame	40	static
FreeRTOS_IP.c:3011:10:vPrintResourceStats	16	static
FreeRTOS_IP.c:3082:10:FreeRTOS_GetIPAddress	4	static
FreeRTOS_IP.c:3093:6:FreeRTOS_SetIPAddress	16	static
FreeRTOS_IP.c:3105:10:FreeRTOS_GetGatewayAddress	4	static
FreeRTOS_IP.c:3116:10:FreeRTOS_GetDNSServerAddress	4	static
FreeRTOS_IP.c:3127:10:FreeRTOS_GetNetmask	4	static
FreeRTOS_IP.c:3138:6:FreeRTOS_UpdateMACAddress	16	static
FreeRTOS_IP.c:3150:17:FreeRTOS_GetMACAddress	4	static
FreeRTOS_IP.c:3161:6:FreeRTOS_SetNetmask	16	static
FreeRTOS_IP.c:3172:6:FreeRTOS_SetGatewayAddress	16	static
FreeRTOS_IP.c:3254:12:xIPIsNetworkTaskReady	4	static
FreeRTOS_IP.c:3265:12:FreeRTOS_IsNetworkUp	4	static
FreeRTOS_IP.c:3295:14:FreeRTOS_strerror_r	32	static
