NetworkInterface.c:310:6:HAL_ETH_RxCpltCallback	24	static,ignoring_inline_asm
NetworkInterface.c:328:6:HAL_ETH_TxCpltCallback	24	static,ignoring_inline_asm
NetworkInterface.c:348:13:vClearTXBuffers	24	static
NetworkInterface.c:396:12:xNetworkInterfaceInitialise	24	static
NetworkInterface.c:521:13:prvDMATxDescListInit	16	static
NetworkInterface.c:570:13:prvDMARxDescListInit	24	static
NetworkInterface.c:632:13:prvMACAddressConfig	32	static
NetworkInterface.c:654:12:xNetworkInterfaceOutput	40	static,ignoring_inline_asm
NetworkInterface.c:780:19:xMayAcceptPacket	24	static
NetworkInterface.c:866:13:prvPassEthMessages	32	static
NetworkInterface.c:901:19:prvNetworkInterfaceInput	48	static,ignoring_inline_asm
NetworkInterface.c:1058:12:xSTM32_PhyRead	32	static
NetworkInterface.c:1083:12:xSTM32_PhyWrite	32	static
NetworkInterface.c:1108:6:vMACBProbePhy	8	static
NetworkInterface.c:1116:13:prvEthernetUpdateConfig	16	static
NetworkInterface.c:1195:12:xGetPhyLinkStatus	16	static
NetworkInterface.c:1214:6:vNetworkInterfaceAllocateRAMToBuffers	24	static
NetworkInterface.c:1233:13:prvEMACHandlerTask	32	static
NetworkInterface.c:1324:6:ETH_IRQHandler	8	static
