BufferAllocation_2.c:96:12:xNetworkBuffersInitialise	24	static
BufferAllocation_2.c:158:11:pucGetNetworkBuffer	8	static
BufferAllocation_2.c:197:6:vReleaseNetworkBuffer	0	static
BufferAllocation_2.c:313:6:vReleaseNetworkBufferAndDescriptor	16	static
BufferAllocation_2.c:210:29:pxGetNetworkBufferWithDescriptor	16	static
BufferAllocation_2.c:358:13:uxGetNumberOfFreeNetworkBuffers	0	static
BufferAllocation_2.c:364:13:uxGetMinimumFreeNetworkBuffers	0	static
BufferAllocation_2.c:370:29:pxResizeNetworkBufferWithDescriptor	24	static
