Archive member included to satisfy reference by file (symbol)

../Middlewares/CMSIS-DSP/libs\libarm_cortexM7lfdp_math.a(arm_rfft_fast_init_f32.o)
                              Core/Src/fft.o (arm_rfft_fast_init_f32)
../Middlewares/CMSIS-DSP/libs\libarm_cortexM7lfdp_math.a(arm_rfft_fast_f32.o)
                              Core/Src/fft.o (arm_rfft_fast_f32)
../Middlewares/CMSIS-DSP/libs\libarm_cortexM7lfdp_math.a(arm_cfft_f32.o)
                              ../Middlewares/CMSIS-DSP/libs\libarm_cortexM7lfdp_math.a(arm_rfft_fast_f32.o) (arm_cfft_f32)
../Middlewares/CMSIS-DSP/libs\libarm_cortexM7lfdp_math.a(arm_cmplx_mag_f32.o)
                              Core/Src/fft.o (arm_cmplx_mag_f32)
../Middlewares/CMSIS-DSP/libs\libarm_cortexM7lfdp_math.a(arm_common_tables.o)
                              ../Middlewares/CMSIS-DSP/libs\libarm_cortexM7lfdp_math.a(arm_rfft_fast_init_f32.o) (twiddleCoef_rfft_4096)
../Middlewares/CMSIS-DSP/libs\libarm_cortexM7lfdp_math.a(arm_bitreversal2.o)
                              ../Middlewares/CMSIS-DSP/libs\libarm_cortexM7lfdp_math.a(arm_cfft_f32.o) (arm_bitreversal_32)
../Middlewares/CMSIS-DSP/libs\libarm_cortexM7lfdp_math.a(arm_cfft_radix8_f32.o)
                              ../Middlewares/CMSIS-DSP/libs\libarm_cortexM7lfdp_math.a(arm_cfft_f32.o) (arm_radix8_butterfly_f32)
c:/st/stm32cubeide_1.5.0/stm32cubeide/plugins/com.st.stm32cube.ide.mcu.externaltools.gnu-tools-for-stm32.7-2018-q2-update.win32_1.5.0.202011040924/tools/bin/../lib/gcc/arm-none-eabi/7.3.1/../../../../arm-none-eabi/lib/thumb/v7e-m/fpv5/hard\libc_nano.a(lib_a-errno.o)
                              Core/Src/syscalls.o (__errno)
c:/st/stm32cubeide_1.5.0/stm32cubeide/plugins/com.st.stm32cube.ide.mcu.externaltools.gnu-tools-for-stm32.7-2018-q2-update.win32_1.5.0.202011040924/tools/bin/../lib/gcc/arm-none-eabi/7.3.1/../../../../arm-none-eabi/lib/thumb/v7e-m/fpv5/hard\libc_nano.a(lib_a-exit.o)
                              c:/st/stm32cubeide_1.5.0/stm32cubeide/plugins/com.st.stm32cube.ide.mcu.externaltools.gnu-tools-for-stm32.7-2018-q2-update.win32_1.5.0.202011040924/tools/bin/../lib/gcc/arm-none-eabi/7.3.1/../../../../arm-none-eabi/lib/thumb/v7e-m/fpv5/hard/crt0.o (exit)
c:/st/stm32cubeide_1.5.0/stm32cubeide/plugins/com.st.stm32cube.ide.mcu.externaltools.gnu-tools-for-stm32.7-2018-q2-update.win32_1.5.0.202011040924/tools/bin/../lib/gcc/arm-none-eabi/7.3.1/../../../../arm-none-eabi/lib/thumb/v7e-m/fpv5/hard\libc_nano.a(lib_a-findfp.o)
                              Middlewares/FreeRTOS/Src/tasks.o (__sf_fake_stderr)
c:/st/stm32cubeide_1.5.0/stm32cubeide/plugins/com.st.stm32cube.ide.mcu.externaltools.gnu-tools-for-stm32.7-2018-q2-update.win32_1.5.0.202011040924/tools/bin/../lib/gcc/arm-none-eabi/7.3.1/../../../../arm-none-eabi/lib/thumb/v7e-m/fpv5/hard\libc_nano.a(lib_a-fwalk.o)
                              c:/st/stm32cubeide_1.5.0/stm32cubeide/plugins/com.st.stm32cube.ide.mcu.externaltools.gnu-tools-for-stm32.7-2018-q2-update.win32_1.5.0.202011040924/tools/bin/../lib/gcc/arm-none-eabi/7.3.1/../../../../arm-none-eabi/lib/thumb/v7e-m/fpv5/hard\libc_nano.a(lib_a-findfp.o) (_fwalk)
c:/st/stm32cubeide_1.5.0/stm32cubeide/plugins/com.st.stm32cube.ide.mcu.externaltools.gnu-tools-for-stm32.7-2018-q2-update.win32_1.5.0.202011040924/tools/bin/../lib/gcc/arm-none-eabi/7.3.1/../../../../arm-none-eabi/lib/thumb/v7e-m/fpv5/hard\libc_nano.a(lib_a-impure.o)
                              c:/st/stm32cubeide_1.5.0/stm32cubeide/plugins/com.st.stm32cube.ide.mcu.externaltools.gnu-tools-for-stm32.7-2018-q2-update.win32_1.5.0.202011040924/tools/bin/../lib/gcc/arm-none-eabi/7.3.1/../../../../arm-none-eabi/lib/thumb/v7e-m/fpv5/hard\libc_nano.a(lib_a-exit.o) (_global_impure_ptr)
c:/st/stm32cubeide_1.5.0/stm32cubeide/plugins/com.st.stm32cube.ide.mcu.externaltools.gnu-tools-for-stm32.7-2018-q2-update.win32_1.5.0.202011040924/tools/bin/../lib/gcc/arm-none-eabi/7.3.1/../../../../arm-none-eabi/lib/thumb/v7e-m/fpv5/hard\libc_nano.a(lib_a-init.o)
                              c:/st/stm32cubeide_1.5.0/stm32cubeide/plugins/com.st.stm32cube.ide.mcu.externaltools.gnu-tools-for-stm32.7-2018-q2-update.win32_1.5.0.202011040924/tools/bin/../lib/gcc/arm-none-eabi/7.3.1/../../../../arm-none-eabi/lib/thumb/v7e-m/fpv5/hard/crt0.o (__libc_init_array)
c:/st/stm32cubeide_1.5.0/stm32cubeide/plugins/com.st.stm32cube.ide.mcu.externaltools.gnu-tools-for-stm32.7-2018-q2-update.win32_1.5.0.202011040924/tools/bin/../lib/gcc/arm-none-eabi/7.3.1/../../../../arm-none-eabi/lib/thumb/v7e-m/fpv5/hard\libc_nano.a(lib_a-memcmp.o)
                              Middlewares/FreeRTOS-TCP/Src/FreeRTOS_ARP.o (memcmp)
c:/st/stm32cubeide_1.5.0/stm32cubeide/plugins/com.st.stm32cube.ide.mcu.externaltools.gnu-tools-for-stm32.7-2018-q2-update.win32_1.5.0.202011040924/tools/bin/../lib/gcc/arm-none-eabi/7.3.1/../../../../arm-none-eabi/lib/thumb/v7e-m/fpv5/hard\libc_nano.a(lib_a-memcpy-stub.o)
                              Middlewares/FreeRTOS/Src/queue.o (memcpy)
[...]
Memory Configuration

Name             Origin             Length             Attributes
RAM              0x0000000020000000 0x0000000000080000 xrw
FLASH            0x0000000008000000 0x0000000000200000 xr
*default*        0x0000000000000000 0xffffffffffffffff

Linker script and memory map

LOAD c:/st/stm32cubeide_1.5.0/stm32cubeide/plugins/com.st.stm32cube.ide.mcu.externaltools.gnu-tools-for-stm32.7-2018-q2-update.win32_1.5.0.202011040924/tools/bin/../lib/gcc/arm-none-eabi/7.3.1/thumb/v7e-m/fpv5/hard/crti.o
LOAD c:/st/stm32cubeide_1.5.0/stm32cubeide/plugins/com.st.stm32cube.ide.mcu.externaltools.gnu-tools-for-stm32.7-2018-q2-update.win32_1.5.0.202011040924/tools/bin/../lib/gcc/arm-none-eabi/7.3.1/thumb/v7e-m/fpv5/hard/crtbegin.o
LOAD c:/st/stm32cubeide_1.5.0/stm32cubeide/plugins/com.st.stm32cube.ide.mcu.externaltools.gnu-tools-for-stm32.7-2018-q2-update.win32_1.5.0.202011040924/tools/bin/../lib/gcc/arm-none-eabi/7.3.1/../../../../arm-none-eabi/lib/thumb/v7e-m/fpv5/hard/crt0.o
LOAD Core/Src/edf_tasks.o
LOAD Core/Src/eth.o
LOAD Core/Src/fft.o
LOAD Core/Src/gpio.o
LOAD Core/Src/helper_functions.o
LOAD Core/Src/hooks.o
LOAD Core/Src/main.o
LOAD Core/Src/rng.o
LOAD Core/Src/stm32f7xx_hal_msp.o
LOAD Core/Src/stm32f7xx_hal_timebase_tim.o
LOAD Core/Src/stm32f7xx_it.o
LOAD Core/Src/syscalls.o
LOAD Core/Src/sysmem.o
LOAD Core/Src/system_stm32f7xx.o
LOAD Core/Src/udp_communication.o
LOAD Core/Src/usart.o
LOAD Core/Startup/startup_stm32f769nihx.o
LOAD Drivers/STM32F7xx_HAL_Driver/Src/stm32f7xx_hal.o
LOAD Drivers/STM32F7xx_HAL_Driver/Src/stm32f7xx_hal_cortex.o
LOAD Drivers/STM32F7xx_HAL_Driver/Src/stm32f7xx_hal_dma.o
LOAD Drivers/STM32F7xx_HAL_Driver/Src/stm32f7xx_hal_dma_ex.o
LOAD Drivers/STM32F7xx_HAL_Driver/Src/stm32f7xx_hal_exti.o
LOAD Drivers/STM32F7xx_HAL_Driver/Src/stm32f7xx_hal_flash.o
LOAD Drivers/STM32F7xx_HAL_Driver/Src/stm32f7xx_hal_flash_ex.o
LOAD Drivers/STM32F7xx_HAL_Driver/Src/stm32f7xx_hal_gpio.o
LOAD Drivers/STM32F7xx_HAL_Driver/Src/stm32f7xx_hal_i2c.o
LOAD Drivers/STM32F7xx_HAL_Driver/Src/stm32f7xx_hal_i2c_ex.o
LOAD Drivers/STM32F7xx_HAL_Driver/Src/stm32f7xx_hal_pwr.o
LOAD Drivers/STM32F7xx_HAL_Driver/Src/stm32f7xx_hal_pwr_ex.o
LOAD Drivers/STM32F7xx_HAL_Driver/Src/stm32f7xx_hal_rcc.o
LOAD Drivers/STM32F7xx_HAL_Driver/Src/stm32f7xx_hal_rcc_ex.o
LOAD Drivers/STM32F7xx_HAL_Driver/Src/stm32f7xx_hal_rng.o
LOAD Drivers/STM32F7xx_HAL_Driver/Src/stm32f7xx_hal_tim.o
LOAD Drivers/STM32F7xx_HAL_Driver/Src/stm32f7xx_hal_tim_ex.o
LOAD Drivers/STM32F7xx_HAL_Driver/Src/stm32f7xx_hal_uart.o
LOAD Drivers/STM32F7xx_HAL_Driver/Src/stm32f7xx_hal_uart_ex.o
LOAD Drivers/STM32F7xx_HAL_Driver/Src/stm32fxx_hal_eth.o
LOAD Middlewares/FreeRTOS/Src/croutine.o
LOAD Middlewares/FreeRTOS/Src/event_groups.o
LOAD Middlewares/FreeRTOS/Src/list.o
LOAD Middlewares/FreeRTOS/Src/queue.o
LOAD Middlewares/FreeRTOS/Src/stream_buffer.o
LOAD Middlewares/FreeRTOS/Src/tasks.o
LOAD Middlewares/FreeRTOS/Src/timers.o
LOAD Middlewares/FreeRTOS/Src/portable/MemMang/heap_4.o
LOAD Middlewares/FreeRTOS/Src/portable/port/port.o
LOAD Middlewares/FreeRTOS-TCP/Src/FreeRTOS_ARP.o
LOAD Middlewares/FreeRTOS-TCP/Src/FreeRTOS_DHCP.o
LOAD Middlewares/FreeRTOS-TCP/Src/FreeRTOS_DNS.o
LOAD Middlewares/FreeRTOS-TCP/Src/FreeRTOS_IP.o
LOAD Middlewares/FreeRTOS-TCP/Src/FreeRTOS_Sockets.o
LOAD Middlewares/FreeRTOS-TCP/Src/FreeRTOS_Stream_Buffer.o
LOAD Middlewares/FreeRTOS-TCP/Src/FreeRTOS_TCP_IP.o
LOAD Middlewares/FreeRTOS-TCP/Src/FreeRTOS_TCP_WIN.o
LOAD Middlewares/FreeRTOS-TCP/Src/FreeRTOS_UDP_IP.o
LOAD Middlewares/FreeRTOS-TCP/Src/NetworkInterface.o
LOAD Middlewares/FreeRTOS-TCP/Src/phyHandling.o
LOAD Middlewares/FreeRTOS-TCP/Src/portable/BufferManagement/BufferAllocation_2.o
LOAD ../Middlewares/CMSIS-DSP/libs\libarm_cortexM7lfdp_math.a
START GROUP
LOAD c:/st/stm32cubeide_1.5.0/stm32cubeide/plugins/com.st.stm32cube.ide.mcu.externaltools.gnu-tools-for-stm32.7-2018-q2-update.win32_1.5.0.202011040924/tools/bin/../lib/gcc/arm-none-eabi/7.3.1/../../../../arm-none-eabi/lib/thumb/v7e-m/fpv5/hard\libc_nano.a
LOAD c:/st/stm32cubeide_1.5.0/stm32cubeide/plugins/com.st.stm32cube.ide.mcu.externaltools.gnu-tools-for-stm32.7-2018-q2-update.win32_1.5.0.202011040924/tools/bin/../lib/gcc/arm-none-eabi/7.3.1/../../../../arm-none-eabi/lib/thumb/v7e-m/fpv5/hard\libm.a
END GROUP
START GROUP
LOAD c:/st/stm32cubeide_1.5.0/stm32cubeide/plugins/com.st.stm32cube.ide.mcu.externaltools.gnu-tools-for-stm32.7-2018-q2-update.win32_1.5.0.202011040924/tools/bin/../lib/gcc/arm-none-eabi/7.3.1/thumb/v7e-m/fpv5/hard\libgcc.a
LOAD c:/st/stm32cubeide_1.5.0/stm32cubeide/plugins/com.st.stm32cube.ide.mcu.externaltools.gnu-tools-for-stm32.7-2018-q2-update.win32_1.5.0.202011040924/tools/bin/../lib/gcc/arm-none-eabi/7.3.1/../../../../arm-none-eabi/lib/thumb/v7e-m/fpv5/hard\libc_nano.a
END GROUP
START GROUP
LOAD c:/st/stm32cubeide_1.5.0/stm32cubeide/plugins/com.st.stm32cube.ide.mcu.externaltools.gnu-tools-for-stm32.7-2018-q2-update.win32_1.5.0.202011040924/tools/bin/../lib/gcc/arm-none-eabi/7.3.1/thumb/v7e-m/fpv5/hard\libgcc.a
LOAD c:/st/stm32cubeide_1.5.0/stm32cubeide/plugins/com.st.stm32cube.ide.mcu.externaltools.gnu-tools-for-stm32.7-2018-q2-update.win32_1.5.0.202011040924/tools/bin/../lib/gcc/arm-none-eabi/7.3.1/../../../../arm-none-eabi/lib/thumb/v7e-m/fpv5/hard\libc_nano.a
LOAD c:/st/stm32cubeide_1.5.0/stm32cubeide/plugins/com.st.stm32cube.ide.mcu.externaltools.gnu-tools-for-stm32.7-2018-q2-update.win32_1.5.0.202011040924/tools/bin/../lib/gcc/arm-none-eabi/7.3.1/../../../../arm-none-eabi/lib/thumb/v7e-m/fpv5/hard\libnosys.a
END GROUP
START GROUP
LOAD c:/st/stm32cubeide_1.5.0/stm32cubeide/plugins/com.st.stm32cube.ide.mcu.externaltools.gnu-tools-for-stm32.7-2018-q2-update.win32_1.5.0.202011040924/tools/bin/../lib/gcc/arm-none-eabi/7.3.1/thumb/v7e-m/fpv5/hard\libgcc.a
LOAD c:/st/stm32cubeide_1.5.0/stm32cubeide/plugins/com.st.stm32cube.ide.mcu.externaltools.gnu-tools-for-stm32.7-2018-q2-update.win32_1.5.0.202011040924/tools/bin/../lib/gcc/arm-none-eabi/7.3.1/../../../../arm-none-eabi/lib/thumb/v7e-m/fpv5/hard\libc_nano.a
LOAD c:/st/stm32cubeide_1.5.0/stm32cubeide/plugins/com.st.stm32cube.ide.mcu.externaltools.gnu-tools-for-stm32.7-2018-q2-update.win32_1.5.0.202011040924/tools/bin/../lib/gcc/arm-none-eabi/7.3.1/../../../../arm-none-eabi/lib/thumb/v7e-m/fpv5/hard\libnosys.a
END GROUP
LOAD c:/st/stm32cubeide_1.5.0/stm32cubeide/plugins/com.st.stm32cube.ide.mcu.externaltools.gnu-tools-for-stm32.7-2018-q2-update.win32_1.5.0.202011040924/tools/bin/../lib/gcc/arm-none-eabi/7.3.1/thumb/v7e-m/fpv5/hard/crtend.o
LOAD c:/st/stm32cubeide_1.5.0/stm32cubeide/plugins/com.st.stm32cube.ide.mcu.externaltools.gnu-tools-for-stm32.7-2018-q2-update.win32_1.5.0.202011040924/tools/bin/../lib/gcc/arm-none-eabi/7.3.1/thumb/v7e-m/fpv5/hard/crtn.o
                0x0000000020080000                _estack = (ORIGIN (RAM) + LENGTH (RAM))
                0x0000000000000200                _Min_Heap_Size = 0x200
                0x0000000000000400                _Min_Stack_Size = 0x400

.isr_vector     0x0000000008000000      0x1f8
                0x0000000008000000                . = ALIGN (0x4)
 *(.isr_vector)
 .isr_vector    0x0000000008000000      0x1f8 Core/Startup/startup_stm32f769nihx.o
                0x0000000008000000                g_pfnVectors
                0x00000000080001f8                . = ALIGN (0x4)

.text           0x0000000008000200     0xbd9c
                0x0000000008000200                . = ALIGN (0x4)
 *(.text)
 .text          0x0000000008000200       0x40 c:/st/stm32cubeide_1.5.0/stm32cubeide/plugins/com.st.stm32cube.ide.mcu.externaltools.gnu-tools-for-stm32.7-2018-q2-update.win32_1.5.0.202011040924/tools/bin/../lib/gcc/arm-none-eabi/7.3.1/thumb/v7e-m/fpv5/hard/crtbegin.o
 .text          0x0000000008000240       0xc0 ../Middlewares/CMSIS-DSP/libs\libarm_cortexM7lfdp_math.a(arm_bitreversal2.o)
                0x0000000008000240                arm_bitreversal_32
                0x00000000080002aa                arm_bitreversal_16
 .text          0x0000000008000300       0x14 c:/st/stm32cubeide_1.5.0/stm32cubeide/plugins/com.st.stm32cube.ide.mcu.externaltools.gnu-tools-for-stm32.7-2018-q2-update.win32_1.5.0.202011040924/tools/bin/../lib/gcc/arm-none-eabi/7.3.1/../../../../arm-none-eabi/lib/thumb/v7e-m/fpv5/hard\libc_nano.a(lib_a-strcmp.o)
                0x0000000008000300                strcmp
 .text          0x0000000008000314       0x10 c:/st/stm32cubeide_1.5.0/stm32cubeide/plugins/com.st.stm32cube.ide.mcu.externaltools.gnu-tools-for-stm32.7-2018-q2-update.win32_1.5.0.202011040924/tools/bin/../lib/gcc/arm-none-eabi/7.3.1/../../../../arm-none-eabi/lib/thumb/v7e-m/fpv5/hard\libc_nano.a(lib_a-strlen.o)
                0x0000000008000314                strlen
 *fill*         0x0000000008000324        0xc 
 .text          0x0000000008000330       0xa0 c:/st/stm32cubeide_1.5.0/stm32cubeide/plugins/com.st.stm32cube.ide.mcu.externaltools.gnu-tools-for-stm32.7-2018-q2-update.win32_1.5.0.202011040924/tools/bin/../lib/gcc/arm-none-eabi/7.3.1/../../../../arm-none-eabi/lib/thumb/v7e-m/fpv5/hard\libc_nano.a(lib_a-memchr.o)
                0x0000000008000330                memchr
 .text          0x00000000080003d0       0x30 c:/st/stm32cubeide_1.5.0/stm32cubeide/plugins/com.st.stm32cube.ide.mcu.externaltools.gnu-tools-for-stm32.7-2018-q2-update.win32_1.5.0.202011040924/tools/bin/../lib/gcc/arm-none-eabi/7.3.1/thumb/v7e-m/fpv5/hard\libgcc.a(_aeabi_uldivmod.o)
                0x00000000080003d0                __aeabi_uldivmod
 .text          0x0000000008000400      0x2cc c:/st/stm32cubeide_1.5.0/stm32cubeide/plugins/com.st.stm32cube.ide.mcu.externaltools.gnu-tools-for-stm32.7-2018-q2-update.win32_1.5.0.202011040924/tools/bin/../lib/gcc/arm-none-eabi/7.3.1/thumb/v7e-m/fpv5/hard\libgcc.a(_udivmoddi4.o)
                0x0000000008000400                __udivmoddi4
 .text          0x00000000080006cc        0x4 c:/st/stm32cubeide_1.5.0/stm32cubeide/plugins/com.st.stm32cube.ide.mcu.externaltools.gnu-tools-for-stm32.7-2018-q2-update.win32_1.5.0.202011040924/tools/bin/../lib/gcc/arm-none-eabi/7.3.1/thumb/v7e-m/fpv5/hard\libgcc.a(_dvmd_tls.o)
                0x00000000080006cc                __aeabi_idiv0
                0x00000000080006cc                __aeabi_ldiv0
 *(.text*)
 .text.rescheduleEDF
                0x00000000080006d0      0x12c Core/Src/edf_tasks.o
                0x00000000080006d0                rescheduleEDF
 .text.createEDFTask
                0x00000000080007fc       0x68 Core/Src/edf_tasks.o
                0x00000000080007fc                createEDFTask
 .text.vApplicationIdleHook
                0x0000000008000864       0x60 Core/Src/edf_tasks.o
                0x0000000008000864                vApplicationIdleHook
 .text.HAL_ETH_MspInit
                0x00000000080008c4      0x124 Core/Src/eth.o
                0x00000000080008c4                HAL_ETH_MspInit
 .text.calculateFFT
                0x00000000080009e8       0xb8 Core/Src/fft.o
                0x00000000080009e8                calculateFFT
 .text.MX_GPIO_Init
                0x0000000008000aa0       0xb0 Core/Src/gpio.o
                0x0000000008000aa0                MX_GPIO_Init
 .text.uxRand   0x0000000008000b50       0x48 Core/Src/helper_functions.o
                0x0000000008000b50                uxRand
 .text.vLoggingPrintf
                0x0000000008000b98        0x6 Core/Src/helper_functions.o
                0x0000000008000b98                vLoggingPrintf
 .text.ulApplicationGetNextSequenceNumber
                0x0000000008000b9e        0x6 Core/Src/helper_functions.o
                0x0000000008000b9e                ulApplicationGetNextSequenceNumber
 .text.xApplicationGetRandomNumber
                0x0000000008000ba4        0xe Core/Src/helper_functions.o
                0x0000000008000ba4                xApplicationGetRandomNumber
 .text.vAssertCalled
                0x0000000008000bb2       0x1c Core/Src/helper_functions.o
                0x0000000008000bb2                vAssertCalled
 *fill*         0x0000000008000bce        0x2 
 .text.debugPrintln
                0x0000000008000bd0       0x3c Core/Src/helper_functions.o
                0x0000000008000bd0                debugPrintln
 .text.checkBoolArrayTrue
                0x0000000008000c0c       0x1a Core/Src/helper_functions.o
                0x0000000008000c0c                checkBoolArrayTrue
 .text.resetBoolArray
                0x0000000008000c26       0x10 Core/Src/helper_functions.o
                0x0000000008000c26                resetBoolArray
 *fill*         0x0000000008000c36        0x2 
 .text.xApplicationDNSQueryHook
                0x0000000008000c38       0x28 Core/Src/hooks.o
                0x0000000008000c38                xApplicationDNSQueryHook
 .text.vApplicationIPNetworkEventHook
                0x0000000008000c60       0x88 Core/Src/hooks.o
                0x0000000008000c60                vApplicationIPNetworkEventHook
 .text.vApplicationMallocFailedHook
                0x0000000008000ce8       0x10 Core/Src/hooks.o
                0x0000000008000ce8                vApplicationMallocFailedHook
 .text.vApplicationStackOverflowHook
                0x0000000008000cf8       0x14 Core/Src/hooks.o
                0x0000000008000cf8                vApplicationStackOverflowHook
 .text.SystemClock_Config
                0x0000000008000d0c       0xcc Core/Src/main.o
                0x0000000008000d0c                SystemClock_Config
 .text.startup.main
                0x0000000008000dd8       0xa8 Core/Src/main.o
                0x0000000008000dd8                main
 .text.HAL_TIM_PeriodElapsedCallback
                0x0000000008000e80       0x14 Core/Src/main.o
                0x0000000008000e80                HAL_TIM_PeriodElapsedCallback
 .text.Error_Handler
                0x0000000008000e94        0x4 Core/Src/main.o
                0x0000000008000e94                Error_Handler
 .text.MX_RNG_Init
                0x0000000008000e98       0x20 Core/Src/rng.o
                0x0000000008000e98                MX_RNG_Init
 .text.HAL_RNG_MspInit
                0x0000000008000eb8       0x44 Core/Src/rng.o
                0x0000000008000eb8                HAL_RNG_MspInit
 .text.HAL_MspInit
                0x0000000008000efc       0x30 Core/Src/stm32f7xx_hal_msp.o
                0x0000000008000efc                HAL_MspInit
 .text.HAL_InitTick
                0x0000000008000f2c       0x78 Core/Src/stm32f7xx_hal_timebase_tim.o
                0x0000000008000f2c                HAL_InitTick
 .text.NMI_Handler
                0x0000000008000fa4        0x2 Core/Src/stm32f7xx_it.o
                0x0000000008000fa4                NMI_Handler
 *fill*         0x0000000008000fa6        0x2 
 .text.HardFault_Handler
                0x0000000008000fa8       0x14 Core/Src/stm32f7xx_it.o
                0x0000000008000fa8                HardFault_Handler
 .text.MemManage_Handler
                0x0000000008000fbc        0x2 Core/Src/stm32f7xx_it.o
                0x0000000008000fbc                MemManage_Handler
 .text.BusFault_Handler
                0x0000000008000fbe        0x2 Core/Src/stm32f7xx_it.o
                0x0000000008000fbe                BusFault_Handler
 .text.UsageFault_Handler
                0x0000000008000fc0        0x2 Core/Src/stm32f7xx_it.o
                0x0000000008000fc0                UsageFault_Handler
 .text.DebugMon_Handler
                0x0000000008000fc2        0x2 Core/Src/stm32f7xx_it.o
                0x0000000008000fc2                DebugMon_Handler
 .text.TIM6_DAC_IRQHandler
                0x0000000008000fc4        0xc Core/Src/stm32f7xx_it.o
                0x0000000008000fc4                TIM6_DAC_IRQHandler
 .text.RNG_IRQHandler
                0x0000000008000fd0        0xc Core/Src/stm32f7xx_it.o
                0x0000000008000fd0                RNG_IRQHandler
 .text._sbrk    0x0000000008000fdc       0x40 Core/Src/sysmem.o
                0x0000000008000fdc                _sbrk
 .text.SystemInit
                0x000000000800101c       0x1c Core/Src/system_stm32f7xx.o
                0x000000000800101c                SystemInit
 .text.udpReceivingTask
                0x0000000008001038       0xf4 Core/Src/udp_communication.o
                0x0000000008001038                udpReceivingTask
 .text.udpSendingTask
                0x000000000800112c       0xe8 Core/Src/udp_communication.o
                0x000000000800112c                udpSendingTask
 .text.MX_USART1_UART_Init
                0x0000000008001214       0x3c Core/Src/usart.o
                0x0000000008001214                MX_USART1_UART_Init
 .text.HAL_UART_MspInit
                0x0000000008001250       0x68 Core/Src/usart.o
                0x0000000008001250                HAL_UART_MspInit
 .text.Reset_Handler
                0x00000000080012b8       0x50 Core/Startup/startup_stm32f769nihx.o
                0x00000000080012b8                Reset_Handler
 .text.Default_Handler
                0x0000000008001308        0x2 Core/Startup/startup_stm32f769nihx.o
                0x0000000008001308                RTC_Alarm_IRQHandler
                0x0000000008001308                EXTI2_IRQHandler
                0x0000000008001308                TIM8_CC_IRQHandler
                0x0000000008001308                UART8_IRQHandler
                0x0000000008001308                SPI4_IRQHandler
                0x0000000008001308                TIM1_CC_IRQHandler
                0x0000000008001308                DMA2_Stream5_IRQHandler
                0x0000000008001308                JPEG_IRQHandler
                0x0000000008001308                DMA1_Stream5_IRQHandler
                0x0000000008001308                CAN3_RX1_IRQHandler
                0x0000000008001308                PVD_IRQHandler
                0x0000000008001308                TAMP_STAMP_IRQHandler
                0x0000000008001308                CAN2_RX1_IRQHandler
                0x0000000008001308                EXTI3_IRQHandler
                0x0000000008001308                TIM8_TRG_COM_TIM14_IRQHandler
                0x0000000008001308                DFSDM1_FLT1_IRQHandler
                0x0000000008001308                TIM1_UP_TIM10_IRQHandler
                0x0000000008001308                TIM8_UP_TIM13_IRQHandler
                0x0000000008001308                I2C3_ER_IRQHandler
                0x0000000008001308                DFSDM1_FLT2_IRQHandler
                0x0000000008001308                EXTI0_IRQHandler
                0x0000000008001308                I2C2_EV_IRQHandler
                0x0000000008001308                DMA1_Stream2_IRQHandler
                0x0000000008001308                CAN1_RX0_IRQHandler
                0x0000000008001308                FPU_IRQHandler
                0x0000000008001308                OTG_HS_WKUP_IRQHandler
                0x0000000008001308                CAN3_SCE_IRQHandler
                0x0000000008001308                LTDC_ER_IRQHandler
                0x0000000008001308                CAN2_SCE_IRQHandler
                0x0000000008001308                DMA2_Stream2_IRQHandler
                0x0000000008001308                SPI1_IRQHandler
                0x0000000008001308                TIM1_BRK_TIM9_IRQHandler
                0x0000000008001308                DCMI_IRQHandler
                0x0000000008001308                CAN2_RX0_IRQHandler
                0x0000000008001308                DMA2_Stream3_IRQHandler
                0x0000000008001308                SAI2_IRQHandler
                0x0000000008001308                DFSDM1_FLT3_IRQHandler
                0x0000000008001308                USART6_IRQHandler
                0x0000000008001308                CAN3_RX0_IRQHandler
                0x0000000008001308                USART3_IRQHandler
                0x0000000008001308                CAN1_RX1_IRQHandler
                0x0000000008001308                UART5_IRQHandler
                0x0000000008001308                DMA2_Stream0_IRQHandler
                0x0000000008001308                TIM4_IRQHandler
                0x0000000008001308                QUADSPI_IRQHandler
                0x0000000008001308                I2C1_EV_IRQHandler
                0x0000000008001308                DMA1_Stream6_IRQHandler
                0x0000000008001308                DMA1_Stream1_IRQHandler
                0x0000000008001308                UART4_IRQHandler
                0x0000000008001308                TIM3_IRQHandler
                0x0000000008001308                RCC_IRQHandler
                0x0000000008001308                TIM8_BRK_TIM12_IRQHandler
                0x0000000008001308                Default_Handler
                0x0000000008001308                CEC_IRQHandler
                0x0000000008001308                EXTI15_10_IRQHandler
                0x0000000008001308                ADC_IRQHandler
                0x0000000008001308                DMA1_Stream7_IRQHandler
                0x0000000008001308                SPI5_IRQHandler
                0x0000000008001308                TIM7_IRQHandler
                0x0000000008001308                SDMMC1_IRQHandler
                0x0000000008001308                CAN2_TX_IRQHandler
                0x0000000008001308                TIM5_IRQHandler
                0x0000000008001308                DMA2_Stream7_IRQHandler
                0x0000000008001308                I2C3_EV_IRQHandler
                0x0000000008001308                EXTI9_5_IRQHandler
                0x0000000008001308                RTC_WKUP_IRQHandler
                0x0000000008001308                LTDC_IRQHandler
                0x0000000008001308                ETH_WKUP_IRQHandler
                0x0000000008001308                SPDIF_RX_IRQHandler
                0x0000000008001308                SPI2_IRQHandler
                0x0000000008001308                OTG_HS_EP1_IN_IRQHandler
                0x0000000008001308                DMA1_Stream0_IRQHandler
                0x0000000008001308                CAN1_TX_IRQHandler
                0x0000000008001308                EXTI4_IRQHandler
                0x0000000008001308                DSI_IRQHandler
                0x0000000008001308                OTG_HS_EP1_OUT_IRQHandler
                0x0000000008001308                WWDG_IRQHandler
                0x0000000008001308                SPI6_IRQHandler
                0x0000000008001308                MDIOS_IRQHandler
                0x0000000008001308                I2C4_EV_IRQHandler
                0x0000000008001308                CAN3_TX_IRQHandler
                0x0000000008001308                TIM2_IRQHandler
                0x0000000008001308                OTG_FS_WKUP_IRQHandler
                0x0000000008001308                TIM1_TRG_COM_TIM11_IRQHandler
                0x0000000008001308                OTG_HS_IRQHandler
                0x0000000008001308                DMA2D_IRQHandler
                0x0000000008001308                EXTI1_IRQHandler
                0x0000000008001308                SDMMC2_IRQHandler
                0x0000000008001308                UART7_IRQHandler
                0x0000000008001308                USART2_IRQHandler
                0x0000000008001308                DFSDM1_FLT0_IRQHandler
                0x0000000008001308                I2C2_ER_IRQHandler
                0x0000000008001308                DMA2_Stream1_IRQHandler
                0x0000000008001308                CAN1_SCE_IRQHandler
                0x0000000008001308                FLASH_IRQHandler
                0x0000000008001308                DMA2_Stream4_IRQHandler
                0x0000000008001308                USART1_IRQHandler
                0x0000000008001308                OTG_FS_IRQHandler
                0x0000000008001308                SPI3_IRQHandler
                0x0000000008001308                DMA1_Stream4_IRQHandler
                0x0000000008001308                I2C1_ER_IRQHandler
                0x0000000008001308                FMC_IRQHandler
                0x0000000008001308                LPTIM1_IRQHandler
                0x0000000008001308                I2C4_ER_IRQHandler
                0x0000000008001308                DMA2_Stream6_IRQHandler
                0x0000000008001308                SAI1_IRQHandler
                0x0000000008001308                DMA1_Stream3_IRQHandler
 .text.HAL_Init
                0x000000000800130a       0x16 Drivers/STM32F7xx_HAL_Driver/Src/stm32f7xx_hal.o
                0x000000000800130a                HAL_Init
 .text.HAL_IncTick
                0x0000000008001320       0x18 Drivers/STM32F7xx_HAL_Driver/Src/stm32f7xx_hal.o
                0x0000000008001320                HAL_IncTick
 .text.HAL_GetTick
                0x0000000008001338        0xc Drivers/STM32F7xx_HAL_Driver/Src/stm32f7xx_hal.o
                0x0000000008001338                HAL_GetTick
 .text.HAL_NVIC_SetPriorityGrouping
                0x0000000008001344       0x24 Drivers/STM32F7xx_HAL_Driver/Src/stm32f7xx_hal_cortex.o
                0x0000000008001344                HAL_NVIC_SetPriorityGrouping
 .text.HAL_NVIC_SetPriority
                0x0000000008001368       0x64 Drivers/STM32F7xx_HAL_Driver/Src/stm32f7xx_hal_cortex.o
                0x0000000008001368                HAL_NVIC_SetPriority
 .text.HAL_NVIC_EnableIRQ
                0x00000000080013cc       0x1c Drivers/STM32F7xx_HAL_Driver/Src/stm32f7xx_hal_cortex.o
                0x00000000080013cc                HAL_NVIC_EnableIRQ
 .text.HAL_GPIO_Init
                0x00000000080013e8      0x1d0 Drivers/STM32F7xx_HAL_Driver/Src/stm32f7xx_hal_gpio.o
                0x00000000080013e8                HAL_GPIO_Init
 .text.HAL_GPIO_WritePin
                0x00000000080015b8        0xa Drivers/STM32F7xx_HAL_Driver/Src/stm32f7xx_hal_gpio.o
                0x00000000080015b8                HAL_GPIO_WritePin
 .text.HAL_GPIO_TogglePin
                0x00000000080015c2        0xc Drivers/STM32F7xx_HAL_Driver/Src/stm32f7xx_hal_gpio.o
                0x00000000080015c2                HAL_GPIO_TogglePin
 *fill*         0x00000000080015ce        0x2 
 .text.HAL_PWREx_EnableOverDrive
                0x00000000080015d0       0x70 Drivers/STM32F7xx_HAL_Driver/Src/stm32f7xx_hal_pwr_ex.o
                0x00000000080015d0                HAL_PWREx_EnableOverDrive
 .text.HAL_RCC_OscConfig
                0x0000000008001640      0x388 Drivers/STM32F7xx_HAL_Driver/Src/stm32f7xx_hal_rcc.o
                0x0000000008001640                HAL_RCC_OscConfig
 .text.HAL_RCC_GetSysClockFreq
                0x00000000080019c8       0x5c Drivers/STM32F7xx_HAL_Driver/Src/stm32f7xx_hal_rcc.o
                0x00000000080019c8                HAL_RCC_GetSysClockFreq
 .text.HAL_RCC_ClockConfig
                0x0000000008001a24      0x13c Drivers/STM32F7xx_HAL_Driver/Src/stm32f7xx_hal_rcc.o
                0x0000000008001a24                HAL_RCC_ClockConfig
 .text.HAL_RCC_GetHCLKFreq
                0x0000000008001b60        0xc Drivers/STM32F7xx_HAL_Driver/Src/stm32f7xx_hal_rcc.o
                0x0000000008001b60                HAL_RCC_GetHCLKFreq
 .text.HAL_RCC_GetPCLK1Freq
                0x0000000008001b6c       0x20 Drivers/STM32F7xx_HAL_Driver/Src/stm32f7xx_hal_rcc.o
                0x0000000008001b6c                HAL_RCC_GetPCLK1Freq
 .text.HAL_RCC_GetPCLK2Freq
                0x0000000008001b8c       0x20 Drivers/STM32F7xx_HAL_Driver/Src/stm32f7xx_hal_rcc.o
                0x0000000008001b8c                HAL_RCC_GetPCLK2Freq
 .text.HAL_RCC_GetClockConfig
                0x0000000008001bac       0x3c Drivers/STM32F7xx_HAL_Driver/Src/stm32f7xx_hal_rcc.o
                0x0000000008001bac                HAL_RCC_GetClockConfig
 .text.HAL_RCCEx_PeriphCLKConfig
                0x0000000008001be8      0x55c Drivers/STM32F7xx_HAL_Driver/Src/stm32f7xx_hal_rcc_ex.o
                0x0000000008001be8                HAL_RCCEx_PeriphCLKConfig
 .text.HAL_RNG_Init
                0x0000000008002144       0x30 Drivers/STM32F7xx_HAL_Driver/Src/stm32f7xx_hal_rng.o
                0x0000000008002144                HAL_RNG_Init
 .text.HAL_RNG_GenerateRandomNumber
                0x0000000008002174       0x5c Drivers/STM32F7xx_HAL_Driver/Src/stm32f7xx_hal_rng.o
                0x0000000008002174                HAL_RNG_GenerateRandomNumber
 .text.HAL_RNG_ReadyDataCallback
                0x00000000080021d0        0x2 Drivers/STM32F7xx_HAL_Driver/Src/stm32f7xx_hal_rng.o
                0x00000000080021d0                HAL_RNG_ReadyDataCallback
 .text.HAL_RNG_ErrorCallback
                0x00000000080021d2        0x2 Drivers/STM32F7xx_HAL_Driver/Src/stm32f7xx_hal_rng.o
                0x00000000080021d2                HAL_RNG_ErrorCallback
 .text.HAL_RNG_IRQHandler
                0x00000000080021d4       0x56 Drivers/STM32F7xx_HAL_Driver/Src/stm32f7xx_hal_rng.o
                0x00000000080021d4                HAL_RNG_IRQHandler
 .text.HAL_TIM_Base_MspInit
                0x000000000800222a        0x2 Drivers/STM32F7xx_HAL_Driver/Src/stm32f7xx_hal_tim.o
                0x000000000800222a                HAL_TIM_Base_MspInit
 .text.HAL_TIM_Base_Start_IT
                0x000000000800222c       0x2c Drivers/STM32F7xx_HAL_Driver/Src/stm32f7xx_hal_tim.o
                0x000000000800222c                HAL_TIM_Base_Start_IT
 .text.HAL_TIM_OC_DelayElapsedCallback
                0x0000000008002258        0x2 Drivers/STM32F7xx_HAL_Driver/Src/stm32f7xx_hal_tim.o
                0x0000000008002258                HAL_TIM_OC_DelayElapsedCallback
 .text.HAL_TIM_IC_CaptureCallback
                0x000000000800225a        0x2 Drivers/STM32F7xx_HAL_Driver/Src/stm32f7xx_hal_tim.o
                0x000000000800225a                HAL_TIM_IC_CaptureCallback
 .text.HAL_TIM_PWM_PulseFinishedCallback
                0x000000000800225c        0x2 Drivers/STM32F7xx_HAL_Driver/Src/stm32f7xx_hal_tim.o
                0x000000000800225c                HAL_TIM_PWM_PulseFinishedCallback
 .text.HAL_TIM_TriggerCallback
                0x000000000800225e        0x2 Drivers/STM32F7xx_HAL_Driver/Src/stm32f7xx_hal_tim.o
                0x000000000800225e                HAL_TIM_TriggerCallback
 .text.HAL_TIM_IRQHandler
                0x0000000008002260      0x160 Drivers/STM32F7xx_HAL_Driver/Src/stm32f7xx_hal_tim.o
                0x0000000008002260                HAL_TIM_IRQHandler
 .text.TIM_Base_SetConfig
                0x00000000080023c0       0xcc Drivers/STM32F7xx_HAL_Driver/Src/stm32f7xx_hal_tim.o
                0x00000000080023c0                TIM_Base_SetConfig
 .text.HAL_TIM_Base_Init
                0x000000000800248c       0x34 Drivers/STM32F7xx_HAL_Driver/Src/stm32f7xx_hal_tim.o
                0x000000000800248c                HAL_TIM_Base_Init
 .text.HAL_TIMEx_CommutCallback
                0x00000000080024c0        0x2 Drivers/STM32F7xx_HAL_Driver/Src/stm32f7xx_hal_tim_ex.o
                0x00000000080024c0                HAL_TIMEx_CommutCallback
 .text.HAL_TIMEx_BreakCallback
                0x00000000080024c2        0x2 Drivers/STM32F7xx_HAL_Driver/Src/stm32f7xx_hal_tim_ex.o
                0x00000000080024c2                HAL_TIMEx_BreakCallback
 .text.HAL_TIMEx_Break2Callback
                0x00000000080024c4        0x2 Drivers/STM32F7xx_HAL_Driver/Src/stm32f7xx_hal_tim_ex.o
                0x00000000080024c4                HAL_TIMEx_Break2Callback
 *fill*         0x00000000080024c6        0x2 
 .text.UART_SetConfig
                0x00000000080024c8      0x2b0 Drivers/STM32F7xx_HAL_Driver/Src/stm32f7xx_hal_uart.o
                0x00000000080024c8                UART_SetConfig
 .text.UART_AdvFeatureConfig
                0x0000000008002778       0xaa Drivers/STM32F7xx_HAL_Driver/Src/stm32f7xx_hal_uart.o
                0x0000000008002778                UART_AdvFeatureConfig
 .text.UART_WaitOnFlagUntilTimeout
                0x0000000008002822       0x84 Drivers/STM32F7xx_HAL_Driver/Src/stm32f7xx_hal_uart.o
                0x0000000008002822                UART_WaitOnFlagUntilTimeout
 .text.HAL_UART_Transmit
                0x00000000080028a6       0xb0 Drivers/STM32F7xx_HAL_Driver/Src/stm32f7xx_hal_uart.o
                0x00000000080028a6                HAL_UART_Transmit
 .text.UART_CheckIdleState
                0x0000000008002956       0x60 Drivers/STM32F7xx_HAL_Driver/Src/stm32f7xx_hal_uart.o
                0x0000000008002956                UART_CheckIdleState
 .text.HAL_UART_Init
                0x00000000080029b6       0x5c Drivers/STM32F7xx_HAL_Driver/Src/stm32f7xx_hal_uart.o
                0x00000000080029b6                HAL_UART_Init
 *fill*         0x0000000008002a12        0x2 
 .text.vRegisterDelay
                0x0000000008002a14       0x2c Drivers/STM32F7xx_HAL_Driver/Src/stm32fxx_hal_eth.o
 .text.prvWriteDMAOMR
                0x0000000008002a40       0x16 Drivers/STM32F7xx_HAL_Driver/Src/stm32fxx_hal_eth.o
 .text.prvWriteMACCR
                0x0000000008002a56       0x12 Drivers/STM32F7xx_HAL_Driver/Src/stm32fxx_hal_eth.o
 .text.ETH_FlushTransmitFIFO
                0x0000000008002a68       0x18 Drivers/STM32F7xx_HAL_Driver/Src/stm32fxx_hal_eth.o
 .text.HAL_ETH_Init
                0x0000000008002a80      0x1ac Drivers/STM32F7xx_HAL_Driver/Src/stm32fxx_hal_eth.o
                0x0000000008002a80                HAL_ETH_Init
 .text.HAL_ETH_ErrorCallback
                0x0000000008002c2c        0x2 Drivers/STM32F7xx_HAL_Driver/Src/stm32fxx_hal_eth.o
                0x0000000008002c2c                HAL_ETH_ErrorCallback
 *fill*         0x0000000008002c2e        0x2 
 .text.HAL_ETH_IRQHandler
                0x0000000008002c30       0x38 Drivers/STM32F7xx_HAL_Driver/Src/stm32fxx_hal_eth.o
                0x0000000008002c30                HAL_ETH_IRQHandler
 .text.HAL_ETH_ReadPHYRegister
                0x0000000008002c68       0x76 Drivers/STM32F7xx_HAL_Driver/Src/stm32fxx_hal_eth.o
                0x0000000008002c68                HAL_ETH_ReadPHYRegister
 .text.HAL_ETH_WritePHYRegister
                0x0000000008002cde       0x72 Drivers/STM32F7xx_HAL_Driver/Src/stm32fxx_hal_eth.o
                0x0000000008002cde                HAL_ETH_WritePHYRegister
 .text.HAL_ETH_Start
                0x0000000008002d50       0x70 Drivers/STM32F7xx_HAL_Driver/Src/stm32fxx_hal_eth.o
                0x0000000008002d50                HAL_ETH_Start
 .text.HAL_ETH_Stop
                0x0000000008002dc0       0x70 Drivers/STM32F7xx_HAL_Driver/Src/stm32fxx_hal_eth.o
                0x0000000008002dc0                HAL_ETH_Stop
 .text.HAL_ETH_ConfigMAC
                0x0000000008002e30       0xfc Drivers/STM32F7xx_HAL_Driver/Src/stm32fxx_hal_eth.o
                0x0000000008002e30                HAL_ETH_ConfigMAC
 .text.xEventGroupCreate
                0x0000000008002f2c       0x1a Middlewares/FreeRTOS/Src/event_groups.o
                0x0000000008002f2c                xEventGroupCreate
 *fill*         0x0000000008002f46        0x2 
 .text.xEventGroupWaitBits
                0x0000000008002f48       0xf4 Middlewares/FreeRTOS/Src/event_groups.o
                0x0000000008002f48                xEventGroupWaitBits
 .text.xEventGroupClearBits
                0x000000000800303c       0x3c Middlewares/FreeRTOS/Src/event_groups.o
                0x000000000800303c                xEventGroupClearBits
 .text.xEventGroupSetBits
                0x0000000008003078       0x7c Middlewares/FreeRTOS/Src/event_groups.o
                0x0000000008003078                xEventGroupSetBits
 .text.vEventGroupDelete
                0x00000000080030f4       0x40 Middlewares/FreeRTOS/Src/event_groups.o
                0x00000000080030f4                vEventGroupDelete
 .text.vListInitialise
                0x0000000008003134       0x16 Middlewares/FreeRTOS/Src/list.o
                0x0000000008003134                vListInitialise
 .text.vListInitialiseItem
                0x000000000800314a        0x6 Middlewares/FreeRTOS/Src/list.o
                0x000000000800314a                vListInitialiseItem
 .text.vListInsertEnd
                0x0000000008003150       0x18 Middlewares/FreeRTOS/Src/list.o
                0x0000000008003150                vListInsertEnd
 .text.vListInsert
                0x0000000008003168       0x2e Middlewares/FreeRTOS/Src/list.o
                0x0000000008003168                vListInsert
 .text.uxListRemove
                0x0000000008003196       0x22 Middlewares/FreeRTOS/Src/list.o
                0x0000000008003196                uxListRemove
 .text.prvIsQueueEmpty
                0x00000000080031b8       0x16 Middlewares/FreeRTOS/Src/queue.o
 .text.prvCopyDataToQueue
                0x00000000080031ce       0x66 Middlewares/FreeRTOS/Src/queue.o
 .text.prvNotifyQueueSetContainer
                0x0000000008003234       0x7c Middlewares/FreeRTOS/Src/queue.o
 .text.prvCopyDataFromQueue
                0x00000000080032b0       0x2a Middlewares/FreeRTOS/Src/queue.o
 .text.prvUnlockQueue
                0x00000000080032da       0x7c Middlewares/FreeRTOS/Src/queue.o
 *fill*         0x0000000008003356        0x2 
 .text.xQueueGenericReset
                0x0000000008003358       0x7c Middlewares/FreeRTOS/Src/queue.o
                0x0000000008003358                xQueueGenericReset
 .text.xQueueGenericCreate
                0x00000000080033d4       0x5c Middlewares/FreeRTOS/Src/queue.o
                0x00000000080033d4                xQueueGenericCreate
 .text.xQueueCreateCountingSemaphore
                0x0000000008003430       0x34 Middlewares/FreeRTOS/Src/queue.o
                0x0000000008003430                xQueueCreateCountingSemaphore
 .text.xQueueGenericSend
                0x0000000008003464      0x15c Middlewares/FreeRTOS/Src/queue.o
                0x0000000008003464                xQueueGenericSend
 .text.xQueueGenericSendFromISR
                0x00000000080035c0       0xe0 Middlewares/FreeRTOS/Src/queue.o
                0x00000000080035c0                xQueueGenericSendFromISR
 .text.xQueueReceive
                0x00000000080036a0      0x124 Middlewares/FreeRTOS/Src/queue.o
                0x00000000080036a0                xQueueReceive
 .text.xQueueSemaphoreTake
                0x00000000080037c4      0x160 Middlewares/FreeRTOS/Src/queue.o
                0x00000000080037c4                xQueueSemaphoreTake
 .text.uxQueueMessagesWaiting
                0x0000000008003924       0x24 Middlewares/FreeRTOS/Src/queue.o
                0x0000000008003924                uxQueueMessagesWaiting
 .text.vQueueAddToRegistry
                0x0000000008003948       0x24 Middlewares/FreeRTOS/Src/queue.o
                0x0000000008003948                vQueueAddToRegistry
 .text.vQueueUnregisterQueue
                0x000000000800396c       0x28 Middlewares/FreeRTOS/Src/queue.o
                0x000000000800396c                vQueueUnregisterQueue
 .text.vQueueDelete
                0x0000000008003994       0x24 Middlewares/FreeRTOS/Src/queue.o
                0x0000000008003994                vQueueDelete
 .text.vQueueWaitForMessageRestricted
                0x00000000080039b8       0x46 Middlewares/FreeRTOS/Src/queue.o
                0x00000000080039b8                vQueueWaitForMessageRestricted
 *fill*         0x00000000080039fe        0x2 
 .text.prvGetExpectedIdleTime
                0x0000000008003a00       0x3c Middlewares/FreeRTOS/Src/tasks.o
 .text.prvResetNextTaskUnblockTime
                0x0000000008003a3c       0x24 Middlewares/FreeRTOS/Src/tasks.o
 .text.prvTaskIsTaskSuspended
                0x0000000008003a60       0x38 Middlewares/FreeRTOS/Src/tasks.o
 .text.prvAddCurrentTaskToDelayedList
                0x0000000008003a98       0x8c Middlewares/FreeRTOS/Src/tasks.o
 .text.xTaskCreate
                0x0000000008003b24      0x1d4 Middlewares/FreeRTOS/Src/tasks.o
                0x0000000008003b24                xTaskCreate
 .text.vTaskPrioritySet
                0x0000000008003cf8       0xd4 Middlewares/FreeRTOS/Src/tasks.o
                0x0000000008003cf8                vTaskPrioritySet
 .text.vTaskResume
                0x0000000008003dcc       0x84 Middlewares/FreeRTOS/Src/tasks.o
                0x0000000008003dcc                vTaskResume
 .text.vTaskStartScheduler
                0x0000000008003e50       0x94 Middlewares/FreeRTOS/Src/tasks.o
                0x0000000008003e50                vTaskStartScheduler
 .text.vTaskSuspendAll
                0x0000000008003ee4       0x10 Middlewares/FreeRTOS/Src/tasks.o
                0x0000000008003ee4                vTaskSuspendAll
 .text.xTaskGetTickCount
                0x0000000008003ef4        0xc Middlewares/FreeRTOS/Src/tasks.o
                0x0000000008003ef4                xTaskGetTickCount
 .text.xTaskGetIdleTaskHandle
                0x0000000008003f00       0x20 Middlewares/FreeRTOS/Src/tasks.o
                0x0000000008003f00                xTaskGetIdleTaskHandle
 .text.vTaskStepTick
                0x0000000008003f20       0x30 Middlewares/FreeRTOS/Src/tasks.o
                0x0000000008003f20                vTaskStepTick
 .text.xTaskIncrementTick
                0x0000000008003f50      0x124 Middlewares/FreeRTOS/Src/tasks.o
                0x0000000008003f50                xTaskIncrementTick
 .text.xTaskResumeAll
                0x0000000008004074       0xe8 Middlewares/FreeRTOS/Src/tasks.o
                0x0000000008004074                xTaskResumeAll
 .text.vTaskDelay
                0x000000000800415c       0x4c Middlewares/FreeRTOS/Src/tasks.o
                0x000000000800415c                vTaskDelay
 .text.prvIdleTask
                0x00000000080041a8       0xb8 Middlewares/FreeRTOS/Src/tasks.o
 .text.vTaskSwitchContext
                0x0000000008004260       0xb0 Middlewares/FreeRTOS/Src/tasks.o
                0x0000000008004260                vTaskSwitchContext
 .text.vTaskSuspend
                0x0000000008004310       0xd4 Middlewares/FreeRTOS/Src/tasks.o
                0x0000000008004310                vTaskSuspend
 .text.vTaskPlaceOnEventList
                0x00000000080043e4       0x34 Middlewares/FreeRTOS/Src/tasks.o
                0x00000000080043e4                vTaskPlaceOnEventList
 .text.vTaskPlaceOnUnorderedEventList
                0x0000000008004418       0x50 Middlewares/FreeRTOS/Src/tasks.o
                0x0000000008004418                vTaskPlaceOnUnorderedEventList
 .text.vTaskPlaceOnEventListRestricted
                0x0000000008004468       0x3c Middlewares/FreeRTOS/Src/tasks.o
                0x0000000008004468                vTaskPlaceOnEventListRestricted
 .text.xTaskRemoveFromEventList
                0x00000000080044a4       0x88 Middlewares/FreeRTOS/Src/tasks.o
                0x00000000080044a4                xTaskRemoveFromEventList
 .text.vTaskRemoveFromUnorderedEventList
                0x000000000800452c       0x84 Middlewares/FreeRTOS/Src/tasks.o
                0x000000000800452c                vTaskRemoveFromUnorderedEventList
 .text.vTaskSetTimeOutState
                0x00000000080045b0       0x34 Middlewares/FreeRTOS/Src/tasks.o
                0x00000000080045b0                vTaskSetTimeOutState
 .text.vTaskInternalSetTimeOutState
                0x00000000080045e4       0x18 Middlewares/FreeRTOS/Src/tasks.o
                0x00000000080045e4                vTaskInternalSetTimeOutState
 .text.xTaskCheckForTimeOut
                0x00000000080045fc       0x6c Middlewares/FreeRTOS/Src/tasks.o
                0x00000000080045fc                xTaskCheckForTimeOut
 .text.vTaskMissedYield
                0x0000000008004668        0xc Middlewares/FreeRTOS/Src/tasks.o
                0x0000000008004668                vTaskMissedYield
 .text.eTaskConfirmSleepModeStatus
                0x0000000008004674       0x44 Middlewares/FreeRTOS/Src/tasks.o
                0x0000000008004674                eTaskConfirmSleepModeStatus
 .text.xTaskGetCurrentTaskHandle
                0x00000000080046b8        0xc Middlewares/FreeRTOS/Src/tasks.o
                0x00000000080046b8                xTaskGetCurrentTaskHandle
 .text.xTaskGetSchedulerState
                0x00000000080046c4       0x20 Middlewares/FreeRTOS/Src/tasks.o
                0x00000000080046c4                xTaskGetSchedulerState
 .text.xTaskPriorityInherit
                0x00000000080046e4       0x98 Middlewares/FreeRTOS/Src/tasks.o
                0x00000000080046e4                xTaskPriorityInherit
 .text.xTaskPriorityDisinherit
                0x000000000800477c       0x90 Middlewares/FreeRTOS/Src/tasks.o
                0x000000000800477c                xTaskPriorityDisinherit
 .text.vTaskPriorityDisinheritAfterTimeout
                0x000000000800480c       0xa4 Middlewares/FreeRTOS/Src/tasks.o
                0x000000000800480c                vTaskPriorityDisinheritAfterTimeout
 .text.uxTaskResetEventItemValue
                0x00000000080048b0       0x18 Middlewares/FreeRTOS/Src/tasks.o
                0x00000000080048b0                uxTaskResetEventItemValue
 .text.pvTaskIncrementMutexHeldCount
                0x00000000080048c8       0x18 Middlewares/FreeRTOS/Src/tasks.o
                0x00000000080048c8                pvTaskIncrementMutexHeldCount
 .text.ulTaskGenericNotifyTake
                0x00000000080048e0       0x94 Middlewares/FreeRTOS/Src/tasks.o
                0x00000000080048e0                ulTaskGenericNotifyTake
 .text.vTaskGenericNotifyGiveFromISR
                0x0000000008004974       0xd4 Middlewares/FreeRTOS/Src/tasks.o
                0x0000000008004974                vTaskGenericNotifyGiveFromISR
 .text.prvCheckForValidListAndQueue
                0x0000000008004a48       0x58 Middlewares/FreeRTOS/Src/timers.o
 .text.prvInsertTimerInActiveList
                0x0000000008004aa0       0x3c Middlewares/FreeRTOS/Src/timers.o
 .text.xTimerCreateTimerTask
                0x0000000008004adc       0x50 Middlewares/FreeRTOS/Src/timers.o
                0x0000000008004adc                xTimerCreateTimerTask
 .text.xTimerGenericCommand
                0x0000000008004b2c       0x58 Middlewares/FreeRTOS/Src/timers.o
                0x0000000008004b2c                xTimerGenericCommand
 .text.prvSwitchTimerLists
                0x0000000008004b84       0x80 Middlewares/FreeRTOS/Src/timers.o
 .text.prvTimerTask
                0x0000000008004c04      0x20c Middlewares/FreeRTOS/Src/timers.o
 .text.prvInsertBlockIntoFreeList
                0x0000000008004e10       0x48 Middlewares/FreeRTOS/Src/portable/MemMang/heap_4.o
 .text.pvPortMalloc
                0x0000000008004e58      0x13c Middlewares/FreeRTOS/Src/portable/MemMang/heap_4.o
                0x0000000008004e58                pvPortMalloc
 .text.vPortFree
                0x0000000008004f94       0x80 Middlewares/FreeRTOS/Src/portable/MemMang/heap_4.o
                0x0000000008004f94                vPortFree
 .text.prvPortStartFirstTask
                0x0000000008005014       0x28 Middlewares/FreeRTOS/Src/portable/port/port.o
 .text.vPortEnableVFP
                0x000000000800503c       0x14 Middlewares/FreeRTOS/Src/portable/port/port.o
 .text.prvTaskExitError
                0x0000000008005050       0x40 Middlewares/FreeRTOS/Src/portable/port/port.o
 .text.pxPortInitialiseStack
                0x0000000008005090       0x24 Middlewares/FreeRTOS/Src/portable/port/port.o
                0x0000000008005090                pxPortInitialiseStack
 *fill*         0x00000000080050b4        0xc 
 .text.SVC_Handler
                0x00000000080050c0       0x24 Middlewares/FreeRTOS/Src/portable/port/port.o
                0x00000000080050c0                SVC_Handler
 .text.vPortEnterCritical
                0x00000000080050e4       0x44 Middlewares/FreeRTOS/Src/portable/port/port.o
                0x00000000080050e4                vPortEnterCritical
 .text.vPortExitCritical
                0x0000000008005128       0x28 Middlewares/FreeRTOS/Src/portable/port/port.o
                0x0000000008005128                vPortExitCritical
 .text.PendSV_Handler
                0x0000000008005150       0x64 Middlewares/FreeRTOS/Src/portable/port/port.o
                0x0000000008005150                PendSV_Handler
 .text.SysTick_Handler
                0x00000000080051b4       0x30 Middlewares/FreeRTOS/Src/portable/port/port.o
                0x00000000080051b4                SysTick_Handler
 .text.vPortSuppressTicksAndSleep
                0x00000000080051e4      0x104 Middlewares/FreeRTOS/Src/portable/port/port.o
                0x00000000080051e4                vPortSuppressTicksAndSleep
 .text.vPortSetupTimerInterrupt
                0x00000000080052e8       0x5c Middlewares/FreeRTOS/Src/portable/port/port.o
                0x00000000080052e8                vPortSetupTimerInterrupt
 .text.xPortStartScheduler
                0x0000000008005344       0xd4 Middlewares/FreeRTOS/Src/portable/port/port.o
                0x0000000008005344                xPortStartScheduler
 .text.vPortValidateInterruptPriority
                0x0000000008005418       0x54 Middlewares/FreeRTOS/Src/portable/port/port.o
                0x0000000008005418                vPortValidateInterruptPriority
 .text.vARPRefreshCacheEntry
                0x000000000800546c      0x10c Middlewares/FreeRTOS-TCP/Src/FreeRTOS_ARP.o
                0x000000000800546c                vARPRefreshCacheEntry
 .text.eARPProcessPacket
                0x0000000008005578       0xa0 Middlewares/FreeRTOS-TCP/Src/FreeRTOS_ARP.o
                0x0000000008005578                eARPProcessPacket
 .text.eARPGetCacheEntry
                0x0000000008005618       0xa0 Middlewares/FreeRTOS-TCP/Src/FreeRTOS_ARP.o
                0x0000000008005618                eARPGetCacheEntry
 .text.vARPGenerateRequestPacket
                0x00000000080056b8       0x68 Middlewares/FreeRTOS-TCP/Src/FreeRTOS_ARP.o
                0x00000000080056b8                vARPGenerateRequestPacket
 .text.FreeRTOS_OutputARPRequest
                0x0000000008005720       0x5a Middlewares/FreeRTOS-TCP/Src/FreeRTOS_ARP.o
                0x0000000008005720                FreeRTOS_OutputARPRequest
 *fill*         0x000000000800577a        0x2 
 .text.vARPAgeCache
                0x000000000800577c       0x5c Middlewares/FreeRTOS-TCP/Src/FreeRTOS_ARP.o
                0x000000000800577c                vARPAgeCache
 .text.FreeRTOS_ClearARP
                0x00000000080057d8       0x10 Middlewares/FreeRTOS-TCP/Src/FreeRTOS_ARP.o
                0x00000000080057d8                FreeRTOS_ClearARP
 .text.prvProcessDNSCache
                0x00000000080057e8       0xfc Middlewares/FreeRTOS-TCP/Src/FreeRTOS_DNS.o
 .text.prvReplyDNSMessage
                0x00000000080058e4       0x64 Middlewares/FreeRTOS-TCP/Src/FreeRTOS_DNS.o
 .text.prvSkipNameField
                0x0000000008005948       0x38 Middlewares/FreeRTOS-TCP/Src/FreeRTOS_DNS.o
 .text.prvParseDNSReply
                0x0000000008005980      0x2c8 Middlewares/FreeRTOS-TCP/Src/FreeRTOS_DNS.o
 .text.ulDNSHandlePacket
                0x0000000008005c48       0x1c Middlewares/FreeRTOS-TCP/Src/FreeRTOS_DNS.o
                0x0000000008005c48                ulDNSHandlePacket
 .text.ulNBNSHandlePacket
                0x0000000008005c64      0x128 Middlewares/FreeRTOS-TCP/Src/FreeRTOS_DNS.o
                0x0000000008005c64                ulNBNSHandlePacket
 .text.prvIPTimerCheck
                0x0000000008005d8c       0x58 Middlewares/FreeRTOS-TCP/Src/FreeRTOS_IP.o
 .text.xIsCallingFromIPTask
                0x0000000008005de4       0x18 Middlewares/FreeRTOS-TCP/Src/FreeRTOS_IP.o
                0x0000000008005de4                xIsCallingFromIPTask
 .text.pxDuplicateNetworkBufferWithDescriptor
                0x0000000008005dfc       0x2e Middlewares/FreeRTOS-TCP/Src/FreeRTOS_IP.o
                0x0000000008005dfc                pxDuplicateNetworkBufferWithDescriptor
 .text.pxPacketBuffer_to_NetworkBuffer
                0x0000000008005e2a       0x14 Middlewares/FreeRTOS-TCP/Src/FreeRTOS_IP.o
                0x0000000008005e2a                pxPacketBuffer_to_NetworkBuffer
 .text.pxUDPPayloadBuffer_to_NetworkBuffer
                0x0000000008005e3e       0x10 Middlewares/FreeRTOS-TCP/Src/FreeRTOS_IP.o
                0x0000000008005e3e                pxUDPPayloadBuffer_to_NetworkBuffer
 .text.FreeRTOS_ReleaseUDPPayloadBuffer
                0x0000000008005e4e        0xe Middlewares/FreeRTOS-TCP/Src/FreeRTOS_IP.o
                0x0000000008005e4e                FreeRTOS_ReleaseUDPPayloadBuffer
 .text.FreeRTOS_IPInit
                0x0000000008005e5c      0x130 Middlewares/FreeRTOS-TCP/Src/FreeRTOS_IP.o
                0x0000000008005e5c                FreeRTOS_IPInit
 .text.xSendEventStructToIPTask
                0x0000000008005f8c       0x70 Middlewares/FreeRTOS-TCP/Src/FreeRTOS_IP.o
                0x0000000008005f8c                xSendEventStructToIPTask
 .text.FreeRTOS_NetworkDown
                0x0000000008005ffc       0x20 Middlewares/FreeRTOS-TCP/Src/FreeRTOS_IP.o
                0x0000000008005ffc                FreeRTOS_NetworkDown
 .text.xSendEventToIPTask
                0x000000000800601c       0x16 Middlewares/FreeRTOS-TCP/Src/FreeRTOS_IP.o
                0x000000000800601c                xSendEventToIPTask
 *fill*         0x0000000008006032        0x2 
 .text.vIPNetworkUpCalls
                0x0000000008006034       0x34 Middlewares/FreeRTOS-TCP/Src/FreeRTOS_IP.o
                0x0000000008006034                vIPNetworkUpCalls
 .text.prvProcessNetworkDownEvent
                0x0000000008006068       0x48 Middlewares/FreeRTOS-TCP/Src/FreeRTOS_IP.o
 .text.xIsIPv4Multicast
                0x00000000080060b0       0x12 Middlewares/FreeRTOS-TCP/Src/FreeRTOS_IP.o
                0x00000000080060b0                xIsIPv4Multicast
 .text.vSetMultiCastIPv4MacAddress
                0x00000000080060c2       0x1c Middlewares/FreeRTOS-TCP/Src/FreeRTOS_IP.o
                0x00000000080060c2                vSetMultiCastIPv4MacAddress
 *fill*         0x00000000080060de        0x2 
 .text.vReturnEthernetFrame
                0x00000000080060e0       0x6c Middlewares/FreeRTOS-TCP/Src/FreeRTOS_IP.o
                0x00000000080060e0                vReturnEthernetFrame
 .text.prvIPTask
                0x000000000800614c      0x3dc Middlewares/FreeRTOS-TCP/Src/FreeRTOS_IP.o
 .text.FreeRTOS_GetMACAddress
                0x0000000008006528        0x8 Middlewares/FreeRTOS-TCP/Src/FreeRTOS_IP.o
                0x0000000008006528                FreeRTOS_GetMACAddress
 .text.xIPIsNetworkTaskReady
                0x0000000008006530        0xc Middlewares/FreeRTOS-TCP/Src/FreeRTOS_IP.o
                0x0000000008006530                xIPIsNetworkTaskReady
 .text.uxStreamBufferFrontSpace
                0x000000000800653c       0x14 Middlewares/FreeRTOS-TCP/Src/FreeRTOS_Sockets.o
 .text.uxStreamBufferGetSize
                0x0000000008006550       0x12 Middlewares/FreeRTOS-TCP/Src/FreeRTOS_Sockets.o
 .text.pxListFindListItemWithValue
                0x0000000008006562       0x24 Middlewares/FreeRTOS-TCP/Src/FreeRTOS_Sockets.o
 *fill*         0x0000000008006586        0x2 
 .text.prvTCPCreateStream
                0x0000000008006588       0x9c Middlewares/FreeRTOS-TCP/Src/FreeRTOS_Sockets.o
 .text.prvValidSocket
                0x0000000008006624       0x1e Middlewares/FreeRTOS-TCP/Src/FreeRTOS_Sockets.o
 .text.uxStreamBufferGetSpace
                0x0000000008006642       0x14 Middlewares/FreeRTOS-TCP/Src/FreeRTOS_Sockets.o
 *fill*         0x0000000008006656        0x2 
 .text.vNetworkSocketsInit
                0x0000000008006658       0x1c Middlewares/FreeRTOS-TCP/Src/FreeRTOS_Sockets.o
                0x0000000008006658                vNetworkSocketsInit
 .text.FreeRTOS_socket
                0x0000000008006674       0xf8 Middlewares/FreeRTOS-TCP/Src/FreeRTOS_Sockets.o
                0x0000000008006674                FreeRTOS_socket
 .text.FreeRTOS_recvfrom
                0x000000000800676c       0xc0 Middlewares/FreeRTOS-TCP/Src/FreeRTOS_Sockets.o
                0x000000000800676c                FreeRTOS_recvfrom
 .text.FreeRTOS_bind
                0x000000000800682c       0x8c Middlewares/FreeRTOS-TCP/Src/FreeRTOS_Sockets.o
                0x000000000800682c                FreeRTOS_bind
 .text.FreeRTOS_sendto
                0x00000000080068b8       0xe4 Middlewares/FreeRTOS-TCP/Src/FreeRTOS_Sockets.o
                0x00000000080068b8                FreeRTOS_sendto
 .text.vSocketBind
                0x000000000800699c      0x108 Middlewares/FreeRTOS-TCP/Src/FreeRTOS_Sockets.o
                0x000000000800699c                vSocketBind
 .text.FreeRTOS_closesocket
                0x0000000008006aa4       0x38 Middlewares/FreeRTOS-TCP/Src/FreeRTOS_Sockets.o
                0x0000000008006aa4                FreeRTOS_closesocket
 .text.vSocketClose
                0x0000000008006adc       0xf0 Middlewares/FreeRTOS-TCP/Src/FreeRTOS_Sockets.o
                0x0000000008006adc                vSocketClose
 .text.pxUDPSocketLookup
                0x0000000008006bcc       0x2c Middlewares/FreeRTOS-TCP/Src/FreeRTOS_Sockets.o
                0x0000000008006bcc                pxUDPSocketLookup
 .text.FreeRTOS_inet_ntoa
                0x0000000008006bf8       0x98 Middlewares/FreeRTOS-TCP/Src/FreeRTOS_Sockets.o
                0x0000000008006bf8                FreeRTOS_inet_ntoa
 .text.FreeRTOS_inet_ntop4
                0x0000000008006c90       0x16 Middlewares/FreeRTOS-TCP/Src/FreeRTOS_Sockets.o
                0x0000000008006c90                FreeRTOS_inet_ntop4
 .text.FreeRTOS_inet_ntop
                0x0000000008006ca6       0x1e Middlewares/FreeRTOS-TCP/Src/FreeRTOS_Sockets.o
                0x0000000008006ca6                FreeRTOS_inet_ntop
 .text.FreeRTOS_inet_pton4
                0x0000000008006cc4       0x70 Middlewares/FreeRTOS-TCP/Src/FreeRTOS_Sockets.o
                0x0000000008006cc4                FreeRTOS_inet_pton4
 .text.FreeRTOS_inet_addr
                0x0000000008006d34       0x16 Middlewares/FreeRTOS-TCP/Src/FreeRTOS_Sockets.o
                0x0000000008006d34                FreeRTOS_inet_addr
 .text.vSocketWakeUpUser
                0x0000000008006d4a       0x34 Middlewares/FreeRTOS-TCP/Src/FreeRTOS_Sockets.o
                0x0000000008006d4a                vSocketWakeUpUser
 *fill*         0x0000000008006d7e        0x2 
 .text.xTCPTimerCheck
                0x0000000008006d80       0x88 Middlewares/FreeRTOS-TCP/Src/FreeRTOS_Sockets.o
                0x0000000008006d80                xTCPTimerCheck
 .text.pxTCPSocketLookup
                0x0000000008006e08       0x40 Middlewares/FreeRTOS-TCP/Src/FreeRTOS_Sockets.o
                0x0000000008006e08                pxTCPSocketLookup
 .text.lTCPAddRxdata
                0x0000000008006e48       0xb8 Middlewares/FreeRTOS-TCP/Src/FreeRTOS_Sockets.o
                0x0000000008006e48                lTCPAddRxdata
 .text.FreeRTOS_tx_space
                0x0000000008006f00       0x1c Middlewares/FreeRTOS-TCP/Src/FreeRTOS_Sockets.o
                0x0000000008006f00                FreeRTOS_tx_space
 .text.FreeRTOS_rx_size
                0x0000000008006f1c       0x16 Middlewares/FreeRTOS-TCP/Src/FreeRTOS_Sockets.o
                0x0000000008006f1c                FreeRTOS_rx_size
 *fill*         0x0000000008006f32        0x2 
 .text.vTCPNetStat
                0x0000000008006f34      0x120 Middlewares/FreeRTOS-TCP/Src/FreeRTOS_Sockets.o
                0x0000000008006f34                vTCPNetStat
 .text.vSocketSelect
                0x0000000008007054      0x124 Middlewares/FreeRTOS-TCP/Src/FreeRTOS_Sockets.o
                0x0000000008007054                vSocketSelect
 .text.uxStreamBufferAdd
                0x0000000008007178       0xa2 Middlewares/FreeRTOS-TCP/Src/FreeRTOS_Stream_Buffer.o
                0x0000000008007178                uxStreamBufferAdd
 .text.uxStreamBufferGet
                0x000000000800721a       0x80 Middlewares/FreeRTOS-TCP/Src/FreeRTOS_Stream_Buffer.o
                0x000000000800721a                uxStreamBufferGet
 *fill*         0x000000000800729a        0x2 
 .text.prvSocketSetMSS
                0x000000000800729c       0x40 Middlewares/FreeRTOS-TCP/Src/FreeRTOS_TCP_IP.o
 .text.prvSetSynAckOptions
                0x00000000080072dc       0x60 Middlewares/FreeRTOS-TCP/Src/FreeRTOS_TCP_IP.o
 .text.prvTCPReturnPacket
                0x000000000800733c      0x1a0 Middlewares/FreeRTOS-TCP/Src/FreeRTOS_TCP_IP.o
 .text.prvTCPSendReset
                0x00000000080074dc       0x20 Middlewares/FreeRTOS-TCP/Src/FreeRTOS_TCP_IP.o
 .text.prvTCPCreateWindow
                0x00000000080074fc       0x58 Middlewares/FreeRTOS-TCP/Src/FreeRTOS_TCP_IP.o
 .text.prvTCPNextTimeout
                0x0000000008007554       0x94 Middlewares/FreeRTOS-TCP/Src/FreeRTOS_TCP_IP.o
 .text.prvTCPAddTxData
                0x00000000080075e8       0x54 Middlewares/FreeRTOS-TCP/Src/FreeRTOS_TCP_IP.o
 .text.vTCPStateChange
                0x000000000800763c      0x180 Middlewares/FreeRTOS-TCP/Src/FreeRTOS_TCP_IP.o
                0x000000000800763c                vTCPStateChange
 .text.prvTCPHandleFin.isra.2
                0x00000000080077bc       0xe8 Middlewares/FreeRTOS-TCP/Src/FreeRTOS_TCP_IP.o
 .text.prvTCPPrepareSend.constprop.3
                0x00000000080078a4      0x27c Middlewares/FreeRTOS-TCP/Src/FreeRTOS_TCP_IP.o
 .text.prvTCPSendRepeated
                0x0000000008007b20       0x36 Middlewares/FreeRTOS-TCP/Src/FreeRTOS_TCP_IP.o
 *fill*         0x0000000008007b56        0x2 
 .text.xTCPSocketCheck
                0x0000000008007b58      0x2a0 Middlewares/FreeRTOS-TCP/Src/FreeRTOS_TCP_IP.o
                0x0000000008007b58                xTCPSocketCheck
 .text.xProcessReceivedTCPPacket
                0x0000000008007df8      0xbd0 Middlewares/FreeRTOS-TCP/Src/FreeRTOS_TCP_IP.o
                0x0000000008007df8                xProcessReceivedTCPPacket
 .text.FreeRTOS_GetTCPStateName
                0x00000000080089c8       0x14 Middlewares/FreeRTOS-TCP/Src/FreeRTOS_TCP_IP.o
                0x00000000080089c8                FreeRTOS_GetTCPStateName
 .text.xTCPCheckNewClient
                0x00000000080089dc       0x4c Middlewares/FreeRTOS-TCP/Src/FreeRTOS_TCP_IP.o
                0x00000000080089dc                xTCPCheckNewClient
 .text.xTCPWindowRxFind
                0x0000000008008a28       0x1e Middlewares/FreeRTOS-TCP/Src/FreeRTOS_TCP_WIN.o
 .text.prvTCPWindowTxHasSpace
                0x0000000008008a46       0x3e Middlewares/FreeRTOS-TCP/Src/FreeRTOS_TCP_WIN.o
 .text.vTCPWindowFree
                0x0000000008008a84       0x44 Middlewares/FreeRTOS-TCP/Src/FreeRTOS_TCP_WIN.o
 .text.prvTCPWindowTxCheckAck
                0x0000000008008ac8      0x120 Middlewares/FreeRTOS-TCP/Src/FreeRTOS_TCP_WIN.o
 .text.xTCPWindowNew
                0x0000000008008be8       0xc0 Middlewares/FreeRTOS-TCP/Src/FreeRTOS_TCP_WIN.o
 .text.xTCPWindowRxEmpty
                0x0000000008008ca8       0x2c Middlewares/FreeRTOS-TCP/Src/FreeRTOS_TCP_WIN.o
                0x0000000008008ca8                xTCPWindowRxEmpty
 .text.vTCPWindowDestroy
                0x0000000008008cd4       0x3a Middlewares/FreeRTOS-TCP/Src/FreeRTOS_TCP_WIN.o
                0x0000000008008cd4                vTCPWindowDestroy
 .text.vTCPWindowInit
                0x0000000008008d0e       0x42 Middlewares/FreeRTOS-TCP/Src/FreeRTOS_TCP_WIN.o
                0x0000000008008d0e                vTCPWindowInit
 .text.vTCPWindowCreate
                0x0000000008008d50       0xec Middlewares/FreeRTOS-TCP/Src/FreeRTOS_TCP_WIN.o
                0x0000000008008d50                vTCPWindowCreate
 .text.lTCPWindowRxCheck
                0x0000000008008e3c      0x1c8 Middlewares/FreeRTOS-TCP/Src/FreeRTOS_TCP_WIN.o
                0x0000000008008e3c                lTCPWindowRxCheck
 .text.lTCPWindowTxAdd
                0x0000000008009004      0x140 Middlewares/FreeRTOS-TCP/Src/FreeRTOS_TCP_WIN.o
                0x0000000008009004                lTCPWindowTxAdd
 .text.xTCPWindowTxDone
                0x0000000008009144        0xc Middlewares/FreeRTOS-TCP/Src/FreeRTOS_TCP_WIN.o
                0x0000000008009144                xTCPWindowTxDone
 .text.xTCPWindowTxHasData
                0x0000000008009150       0x5c Middlewares/FreeRTOS-TCP/Src/FreeRTOS_TCP_WIN.o
                0x0000000008009150                xTCPWindowTxHasData
 .text.ulTCPWindowTxGet
                0x00000000080091ac      0x1a0 Middlewares/FreeRTOS-TCP/Src/FreeRTOS_TCP_WIN.o
                0x00000000080091ac                ulTCPWindowTxGet
 .text.ulTCPWindowTxAck
                0x000000000800934c       0x14 Middlewares/FreeRTOS-TCP/Src/FreeRTOS_TCP_WIN.o
                0x000000000800934c                ulTCPWindowTxAck
 .text.ulTCPWindowTxSack
                0x0000000008009360       0xd8 Middlewares/FreeRTOS-TCP/Src/FreeRTOS_TCP_WIN.o
                0x0000000008009360                ulTCPWindowTxSack
 .text.vProcessGeneratedUDPPacket
                0x0000000008009438       0xb8 Middlewares/FreeRTOS-TCP/Src/FreeRTOS_UDP_IP.o
                0x0000000008009438                vProcessGeneratedUDPPacket
 .text.xProcessReceivedUDPPacket
                0x00000000080094f0       0xb8 Middlewares/FreeRTOS-TCP/Src/FreeRTOS_UDP_IP.o
                0x00000000080094f0                xProcessReceivedUDPPacket
 .text.prvEthernetUpdateConfig
                0x00000000080095a8       0xa4 Middlewares/FreeRTOS-TCP/Src/NetworkInterface.o
 .text.prvEMACHandlerTask
                0x000000000800964c      0x230 Middlewares/FreeRTOS-TCP/Src/NetworkInterface.o
 .text.xSTM32_PhyRead
                0x000000000800987c       0x20 Middlewares/FreeRTOS-TCP/Src/NetworkInterface.o
                0x000000000800987c                xSTM32_PhyRead
 .text.xSTM32_PhyWrite
                0x000000000800989c       0x20 Middlewares/FreeRTOS-TCP/Src/NetworkInterface.o
                0x000000000800989c                xSTM32_PhyWrite
 .text.HAL_ETH_RxCpltCallback
                0x00000000080098bc       0x44 Middlewares/FreeRTOS-TCP/Src/NetworkInterface.o
                0x00000000080098bc                HAL_ETH_RxCpltCallback
 .text.HAL_ETH_TxCpltCallback
                0x0000000008009900       0x44 Middlewares/FreeRTOS-TCP/Src/NetworkInterface.o
                0x0000000008009900                HAL_ETH_TxCpltCallback
 .text.xNetworkInterfaceInitialise
                0x0000000008009944      0x19c Middlewares/FreeRTOS-TCP/Src/NetworkInterface.o
                0x0000000008009944                xNetworkInterfaceInitialise
 .text.xNetworkInterfaceOutput
                0x0000000008009ae0       0xc0 Middlewares/FreeRTOS-TCP/Src/NetworkInterface.o
                0x0000000008009ae0                xNetworkInterfaceOutput
 .text.vMACBProbePhy
                0x0000000008009ba0       0x30 Middlewares/FreeRTOS-TCP/Src/NetworkInterface.o
                0x0000000008009ba0                vMACBProbePhy
 .text.ETH_IRQHandler
                0x0000000008009bd0        0xc Middlewares/FreeRTOS-TCP/Src/NetworkInterface.o
                0x0000000008009bd0                ETH_IRQHandler
 .text.vPhyInitialise
                0x0000000008009bdc       0x18 Middlewares/FreeRTOS-TCP/Src/phyHandling.o
                0x0000000008009bdc                vPhyInitialise
 .text.xPhyDiscover
                0x0000000008009bf4       0x6c Middlewares/FreeRTOS-TCP/Src/phyHandling.o
                0x0000000008009bf4                xPhyDiscover
 .text.xPhyConfigure
                0x0000000008009c60      0x22c Middlewares/FreeRTOS-TCP/Src/phyHandling.o
                0x0000000008009c60                xPhyConfigure
 .text.xPhyFixedValue
                0x0000000008009e8c       0x4c Middlewares/FreeRTOS-TCP/Src/phyHandling.o
                0x0000000008009e8c                xPhyFixedValue
 .text.xPhyStartAutoNegotiation
                0x0000000008009ed8      0x1c0 Middlewares/FreeRTOS-TCP/Src/phyHandling.o
                0x0000000008009ed8                xPhyStartAutoNegotiation
 .text.xPhyCheckLinkStatus
                0x000000000800a098       0xd0 Middlewares/FreeRTOS-TCP/Src/phyHandling.o
                0x000000000800a098                xPhyCheckLinkStatus
 .text.xNetworkBuffersInitialise
                0x000000000800a168       0x80 Middlewares/FreeRTOS-TCP/Src/portable/BufferManagement/BufferAllocation_2.o
                0x000000000800a168                xNetworkBuffersInitialise
 .text.vReleaseNetworkBuffer
                0x000000000800a1e8        0xa Middlewares/FreeRTOS-TCP/Src/portable/BufferManagement/BufferAllocation_2.o
                0x000000000800a1e8                vReleaseNetworkBuffer
 *fill*         0x000000000800a1f2        0x2 
 .text.vReleaseNetworkBufferAndDescriptor
                0x000000000800a1f4       0x48 Middlewares/FreeRTOS-TCP/Src/portable/BufferManagement/BufferAllocation_2.o
                0x000000000800a1f4                vReleaseNetworkBufferAndDescriptor
 .text.pxGetNetworkBufferWithDescriptor
                0x000000000800a23c       0x90 Middlewares/FreeRTOS-TCP/Src/portable/BufferManagement/BufferAllocation_2.o
                0x000000000800a23c                pxGetNetworkBufferWithDescriptor
 .text.uxGetNumberOfFreeNetworkBuffers
                0x000000000800a2cc        0xc Middlewares/FreeRTOS-TCP/Src/portable/BufferManagement/BufferAllocation_2.o
                0x000000000800a2cc                uxGetNumberOfFreeNetworkBuffers
 .text.uxGetMinimumFreeNetworkBuffers
                0x000000000800a2d8        0xc Middlewares/FreeRTOS-TCP/Src/portable/BufferManagement/BufferAllocation_2.o
                0x000000000800a2d8                uxGetMinimumFreeNetworkBuffers
 .text.arm_rfft_fast_init_f32
                0x000000000800a2e4      0x164 ../Middlewares/CMSIS-DSP/libs\libarm_cortexM7lfdp_math.a(arm_rfft_fast_init_f32.o)
                0x000000000800a2e4                arm_rfft_fast_init_f32
 .text.arm_rfft_fast_f32
                0x000000000800a448      0x188 ../Middlewares/CMSIS-DSP/libs\libarm_cortexM7lfdp_math.a(arm_rfft_fast_f32.o)
                0x000000000800a448                arm_rfft_fast_f32
 .text.arm_cfft_radix8by2_f32
                0x000000000800a5d0      0x1a4 ../Middlewares/CMSIS-DSP/libs\libarm_cortexM7lfdp_math.a(arm_cfft_f32.o)
                0x000000000800a5d0                arm_cfft_radix8by2_f32
 .text.arm_cfft_radix8by4_f32
                0x000000000800a774      0x4b0 ../Middlewares/CMSIS-DSP/libs\libarm_cortexM7lfdp_math.a(arm_cfft_f32.o)
                0x000000000800a774                arm_cfft_radix8by4_f32
 .text.arm_cfft_f32
                0x000000000800ac24       0xf0 ../Middlewares/CMSIS-DSP/libs\libarm_cortexM7lfdp_math.a(arm_cfft_f32.o)
                0x000000000800ac24                arm_cfft_f32
 .text.arm_cmplx_mag_f32
                0x000000000800ad14      0x1d0 ../Middlewares/CMSIS-DSP/libs\libarm_cortexM7lfdp_math.a(arm_cmplx_mag_f32.o)
                0x000000000800ad14                arm_cmplx_mag_f32
 .text.arm_radix8_butterfly_f32
                0x000000000800aee4      0x5c0 ../Middlewares/CMSIS-DSP/libs\libarm_cortexM7lfdp_math.a(arm_cfft_radix8_f32.o)
                0x000000000800aee4                arm_radix8_butterfly_f32
 .text.__errno  0x000000000800b4a4        0xc c:/st/stm32cubeide_1.5.0/stm32cubeide/plugins/com.st.stm32cube.ide.mcu.externaltools.gnu-tools-for-stm32.7-2018-q2-update.win32_1.5.0.202011040924/tools/bin/../lib/gcc/arm-none-eabi/7.3.1/../../../../arm-none-eabi/lib/thumb/v7e-m/fpv5/hard\libc_nano.a(lib_a-errno.o)
                0x000000000800b4a4                __errno
 .text.__libc_init_array
                0x000000000800b4b0       0x48 c:/st/stm32cubeide_1.5.0/stm32cubeide/plugins/com.st.stm32cube.ide.mcu.externaltools.gnu-tools-for-stm32.7-2018-q2-update.win32_1.5.0.202011040924/tools/bin/../lib/gcc/arm-none-eabi/7.3.1/../../../../arm-none-eabi/lib/thumb/v7e-m/fpv5/hard\libc_nano.a(lib_a-init.o)
                0x000000000800b4b0                __libc_init_array
 .text.memcmp   0x000000000800b4f8       0x1e c:/st/stm32cubeide_1.5.0/stm32cubeide/plugins/com.st.stm32cube.ide.mcu.externaltools.gnu-tools-for-stm32.7-2018-q2-update.win32_1.5.0.202011040924/tools/bin/../lib/gcc/arm-none-eabi/7.3.1/../../../../arm-none-eabi/lib/thumb/v7e-m/fpv5/hard\libc_nano.a(lib_a-memcmp.o)
                0x000000000800b4f8                memcmp
 .text.memcpy   0x000000000800b516       0x16 c:/st/stm32cubeide_1.5.0/stm32cubeide/plugins/com.st.stm32cube.ide.mcu.externaltools.gnu-tools-for-stm32.7-2018-q2-update.win32_1.5.0.202011040924/tools/bin/../lib/gcc/arm-none-eabi/7.3.1/../../../../arm-none-eabi/lib/thumb/v7e-m/fpv5/hard\libc_nano.a(lib_a-memcpy-stub.o)
                0x000000000800b516                memcpy
 .text.memmove  0x000000000800b52c       0x32 c:/st/stm32cubeide_1.5.0/stm32cubeide/plugins/com.st.stm32cube.ide.mcu.externaltools.gnu-tools-for-stm32.7-2018-q2-update.win32_1.5.0.202011040924/tools/bin/../lib/gcc/arm-none-eabi/7.3.1/../../../../arm-none-eabi/lib/thumb/v7e-m/fpv5/hard\libc_nano.a(lib_a-memmove.o)
                0x000000000800b52c                memmove
 .text.memset   0x000000000800b55e       0x10 c:/st/stm32cubeide_1.5.0/stm32cubeide/plugins/com.st.stm32cube.ide.mcu.externaltools.gnu-tools-for-stm32.7-2018-q2-update.win32_1.5.0.202011040924/tools/bin/../lib/gcc/arm-none-eabi/7.3.1/../../../../arm-none-eabi/lib/thumb/v7e-m/fpv5/hard\libc_nano.a(lib_a-memset.o)
                0x000000000800b55e                memset
 *fill*         0x000000000800b56e        0x2 
 .text._malloc_r
                0x000000000800b570       0xb4 c:/st/stm32cubeide_1.5.0/stm32cubeide/plugins/com.st.stm32cube.ide.mcu.externaltools.gnu-tools-for-stm32.7-2018-q2-update.win32_1.5.0.202011040924/tools/bin/../lib/gcc/arm-none-eabi/7.3.1/../../../../arm-none-eabi/lib/thumb/v7e-m/fpv5/hard\libc_nano.a(lib_a-nano-mallocr.o)
                0x000000000800b570                _malloc_r
 .text.cleanup_glue
                0x000000000800b624       0x1a c:/st/stm32cubeide_1.5.0/stm32cubeide/plugins/com.st.stm32cube.ide.mcu.externaltools.gnu-tools-for-stm32.7-2018-q2-update.win32_1.5.0.202011040924/tools/bin/../lib/gcc/arm-none-eabi/7.3.1/../../../../arm-none-eabi/lib/thumb/v7e-m/fpv5/hard\libc_nano.a(lib_a-reent.o)
                0x000000000800b624                cleanup_glue
 *fill*         0x000000000800b63e        0x2 
 .text._reclaim_reent
                0x000000000800b640       0xb8 c:/st/stm32cubeide_1.5.0/stm32cubeide/plugins/com.st.stm32cube.ide.mcu.externaltools.gnu-tools-for-stm32.7-2018-q2-update.win32_1.5.0.202011040924/tools/bin/../lib/gcc/arm-none-eabi/7.3.1/../../../../arm-none-eabi/lib/thumb/v7e-m/fpv5/hard\libc_nano.a(lib_a-reent.o)
                0x000000000800b640                _reclaim_reent
 .text._sbrk_r  0x000000000800b6f8       0x20 c:/st/stm32cubeide_1.5.0/stm32cubeide/plugins/com.st.stm32cube.ide.mcu.externaltools.gnu-tools-for-stm32.7-2018-q2-update.win32_1.5.0.202011040924/tools/bin/../lib/gcc/arm-none-eabi/7.3.1/../../../../arm-none-eabi/lib/thumb/v7e-m/fpv5/hard\libc_nano.a(lib_a-sbrkr.o)
                0x000000000800b6f8                _sbrk_r
 .text.snprintf
                0x000000000800b718       0x68 c:/st/stm32cubeide_1.5.0/stm32cubeide/plugins/com.st.stm32cube.ide.mcu.externaltools.gnu-tools-for-stm32.7-2018-q2-update.win32_1.5.0.202011040924/tools/bin/../lib/gcc/arm-none-eabi/7.3.1/../../../../arm-none-eabi/lib/thumb/v7e-m/fpv5/hard\libc_nano.a(lib_a-snprintf.o)
                0x000000000800b718                sniprintf
                0x000000000800b718                snprintf
 .text.strcasecmp
                0x000000000800b780       0x3c c:/st/stm32cubeide_1.5.0/stm32cubeide/plugins/com.st.stm32cube.ide.mcu.externaltools.gnu-tools-for-stm32.7-2018-q2-update.win32_1.5.0.202011040924/tools/bin/../lib/gcc/arm-none-eabi/7.3.1/../../../../arm-none-eabi/lib/thumb/v7e-m/fpv5/hard\libc_nano.a(lib_a-strcasecmp.o)
                0x000000000800b780                strcasecmp
 .text.strcpy   0x000000000800b7bc       0x10 c:/st/stm32cubeide_1.5.0/stm32cubeide/plugins/com.st.stm32cube.ide.mcu.externaltools.gnu-tools-for-stm32.7-2018-q2-update.win32_1.5.0.202011040924/tools/bin/../lib/gcc/arm-none-eabi/7.3.1/../../../../arm-none-eabi/lib/thumb/v7e-m/fpv5/hard\libc_nano.a(lib_a-strcpy.o)
                0x000000000800b7bc                strcpy
 .text.__locale_ctype_ptr
                0x000000000800b7cc       0x1c c:/st/stm32cubeide_1.5.0/stm32cubeide/plugins/com.st.stm32cube.ide.mcu.externaltools.gnu-tools-for-stm32.7-2018-q2-update.win32_1.5.0.202011040924/tools/bin/../lib/gcc/arm-none-eabi/7.3.1/../../../../arm-none-eabi/lib/thumb/v7e-m/fpv5/hard\libc_nano.a(lib_a-locale.o)
                0x000000000800b7cc                __locale_ctype_ptr
 .text.__ascii_mbtowc
                0x000000000800b7e8       0x24 c:/st/stm32cubeide_1.5.0/stm32cubeide/plugins/com.st.stm32cube.ide.mcu.externaltools.gnu-tools-for-stm32.7-2018-q2-update.win32_1.5.0.202011040924/tools/bin/../lib/gcc/arm-none-eabi/7.3.1/../../../../arm-none-eabi/lib/thumb/v7e-m/fpv5/hard\libc_nano.a(lib_a-mbtowc_r.o)
                0x000000000800b7e8                __ascii_mbtowc
 .text.__malloc_lock
                0x000000000800b80c        0x2 c:/st/stm32cubeide_1.5.0/stm32cubeide/plugins/com.st.stm32cube.ide.mcu.externaltools.gnu-tools-for-stm32.7-2018-q2-update.win32_1.5.0.202011040924/tools/bin/../lib/gcc/arm-none-eabi/7.3.1/../../../../arm-none-eabi/lib/thumb/v7e-m/fpv5/hard\libc_nano.a(lib_a-mlock.o)
                0x000000000800b80c                __malloc_lock
 .text.__malloc_unlock
                0x000000000800b80e        0x2 c:/st/stm32cubeide_1.5.0/stm32cubeide/plugins/com.st.stm32cube.ide.mcu.externaltools.gnu-tools-for-stm32.7-2018-q2-update.win32_1.5.0.202011040924/tools/bin/../lib/gcc/arm-none-eabi/7.3.1/../../../../arm-none-eabi/lib/thumb/v7e-m/fpv5/hard\libc_nano.a(lib_a-mlock.o)
                0x000000000800b80e                __malloc_unlock
 .text._free_r  0x000000000800b810       0x9c c:/st/stm32cubeide_1.5.0/stm32cubeide/plugins/com.st.stm32cube.ide.mcu.externaltools.gnu-tools-for-stm32.7-2018-q2-update.win32_1.5.0.202011040924/tools/bin/../lib/gcc/arm-none-eabi/7.3.1/../../../../arm-none-eabi/lib/thumb/v7e-m/fpv5/hard\libc_nano.a(lib_a-nano-freer.o)
                0x000000000800b810                _free_r
 .text.__ssputs_r
                0x000000000800b8ac       0xb4 c:/st/stm32cubeide_1.5.0/stm32cubeide/plugins/com.st.stm32cube.ide.mcu.externaltools.gnu-tools-for-stm32.7-2018-q2-update.win32_1.5.0.202011040924/tools/bin/../lib/gcc/arm-none-eabi/7.3.1/../../../../arm-none-eabi/lib/thumb/v7e-m/fpv5/hard\libc_nano.a(lib_a-nano-svfprintf.o)
                0x000000000800b8ac                __ssputs_r
 .text._svfprintf_r
                0x000000000800b960      0x1f0 c:/st/stm32cubeide_1.5.0/stm32cubeide/plugins/com.st.stm32cube.ide.mcu.externaltools.gnu-tools-for-stm32.7-2018-q2-update.win32_1.5.0.202011040924/tools/bin/../lib/gcc/arm-none-eabi/7.3.1/../../../../arm-none-eabi/lib/thumb/v7e-m/fpv5/hard\libc_nano.a(lib_a-nano-svfprintf.o)
                0x000000000800b960                _svfiprintf_r
                0x000000000800b960                _svfprintf_r
 .text._printf_common
                0x000000000800bb50       0xea c:/st/stm32cubeide_1.5.0/stm32cubeide/plugins/com.st.stm32cube.ide.mcu.externaltools.gnu-tools-for-stm32.7-2018-q2-update.win32_1.5.0.202011040924/tools/bin/../lib/gcc/arm-none-eabi/7.3.1/../../../../arm-none-eabi/lib/thumb/v7e-m/fpv5/hard\libc_nano.a(lib_a-nano-vfprintf_i.o)
                0x000000000800bb50                _printf_common
 *fill*         0x000000000800bc3a        0x2 
 .text._printf_i
                0x000000000800bc3c      0x224 c:/st/stm32cubeide_1.5.0/stm32cubeide/plugins/com.st.stm32cube.ide.mcu.externaltools.gnu-tools-for-stm32.7-2018-q2-update.win32_1.5.0.202011040924/tools/bin/../lib/gcc/arm-none-eabi/7.3.1/../../../../arm-none-eabi/lib/thumb/v7e-m/fpv5/hard\libc_nano.a(lib_a-nano-vfprintf_i.o)
                0x000000000800bc3c                _printf_i
 .text.__ascii_wctomb
                0x000000000800be60       0x1a c:/st/stm32cubeide_1.5.0/stm32cubeide/plugins/com.st.stm32cube.ide.mcu.externaltools.gnu-tools-for-stm32.7-2018-q2-update.win32_1.5.0.202011040924/tools/bin/../lib/gcc/arm-none-eabi/7.3.1/../../../../arm-none-eabi/lib/thumb/v7e-m/fpv5/hard\libc_nano.a(lib_a-wctomb_r.o)
                0x000000000800be60                __ascii_wctomb
 .text._realloc_r
                0x000000000800be7a       0x4c c:/st/stm32cubeide_1.5.0/stm32cubeide/plugins/com.st.stm32cube.ide.mcu.externaltools.gnu-tools-for-stm32.7-2018-q2-update.win32_1.5.0.202011040924/tools/bin/../lib/gcc/arm-none-eabi/7.3.1/../../../../arm-none-eabi/lib/thumb/v7e-m/fpv5/hard\libc_nano.a(lib_a-nano-reallocr.o)
                0x000000000800be7a                _realloc_r
 .text._malloc_usable_size_r
                0x000000000800bec6       0x10 c:/st/stm32cubeide_1.5.0/stm32cubeide/plugins/com.st.stm32cube.ide.mcu.externaltools.gnu-tools-for-stm32.7-2018-q2-update.win32_1.5.0.202011040924/tools/bin/../lib/gcc/arm-none-eabi/7.3.1/../../../../arm-none-eabi/lib/thumb/v7e-m/fpv5/hard\libc_nano.a(lib_a-nano-msizer.o)
                0x000000000800bec6                _malloc_usable_size_r
 *fill*         0x000000000800bed6        0x2 
 .text.sqrtf    0x000000000800bed8       0xa0 c:/st/stm32cubeide_1.5.0/stm32cubeide/plugins/com.st.stm32cube.ide.mcu.externaltools.gnu-tools-for-stm32.7-2018-q2-update.win32_1.5.0.202011040924/tools/bin/../lib/gcc/arm-none-eabi/7.3.1/../../../../arm-none-eabi/lib/thumb/v7e-m/fpv5/hard\libm.a(lib_a-wf_sqrt.o)
                0x000000000800bed8                sqrtf
 .text.__ieee754_sqrtf
                0x000000000800bf78        0x6 c:/st/stm32cubeide_1.5.0/stm32cubeide/plugins/com.st.stm32cube.ide.mcu.externaltools.gnu-tools-for-stm32.7-2018-q2-update.win32_1.5.0.202011040924/tools/bin/../lib/gcc/arm-none-eabi/7.3.1/../../../../arm-none-eabi/lib/thumb/v7e-m/fpv5/hard\libm.a(lib_a-ef_sqrt.o)
                0x000000000800bf78                __ieee754_sqrtf
 .text.matherr  0x000000000800bf7e        0x4 c:/st/stm32cubeide_1.5.0/stm32cubeide/plugins/com.st.stm32cube.ide.mcu.externaltools.gnu-tools-for-stm32.7-2018-q2-update.win32_1.5.0.202011040924/tools/bin/../lib/gcc/arm-none-eabi/7.3.1/../../../../arm-none-eabi/lib/thumb/v7e-m/fpv5/hard\libm.a(lib_a-s_matherr.o)
                0x000000000800bf7e                matherr
 *(.glue_7)
 .glue_7        0x000000000800bf82        0x0 linker stubs
 *(.glue_7t)
 .glue_7t       0x000000000800bf82        0x0 linker stubs
 *(.eh_frame)
 *fill*         0x000000000800bf82        0x2 
 .eh_frame      0x000000000800bf84        0x0 c:/st/stm32cubeide_1.5.0/stm32cubeide/plugins/com.st.stm32cube.ide.mcu.externaltools.gnu-tools-for-stm32.7-2018-q2-update.win32_1.5.0.202011040924/tools/bin/../lib/gcc/arm-none-eabi/7.3.1/thumb/v7e-m/fpv5/hard/crtbegin.o
 *(.init)
 .init          0x000000000800bf84        0x4 c:/st/stm32cubeide_1.5.0/stm32cubeide/plugins/com.st.stm32cube.ide.mcu.externaltools.gnu-tools-for-stm32.7-2018-q2-update.win32_1.5.0.202011040924/tools/bin/../lib/gcc/arm-none-eabi/7.3.1/thumb/v7e-m/fpv5/hard/crti.o
                0x000000000800bf84                _init
 .init          0x000000000800bf88        0x8 c:/st/stm32cubeide_1.5.0/stm32cubeide/plugins/com.st.stm32cube.ide.mcu.externaltools.gnu-tools-for-stm32.7-2018-q2-update.win32_1.5.0.202011040924/tools/bin/../lib/gcc/arm-none-eabi/7.3.1/thumb/v7e-m/fpv5/hard/crtn.o
 *(.fini)
 .fini          0x000000000800bf90        0x4 c:/st/stm32cubeide_1.5.0/stm32cubeide/plugins/com.st.stm32cube.ide.mcu.externaltools.gnu-tools-for-stm32.7-2018-q2-update.win32_1.5.0.202011040924/tools/bin/../lib/gcc/arm-none-eabi/7.3.1/thumb/v7e-m/fpv5/hard/crti.o
                0x000000000800bf90                _fini
 .fini          0x000000000800bf94        0x8 c:/st/stm32cubeide_1.5.0/stm32cubeide/plugins/com.st.stm32cube.ide.mcu.externaltools.gnu-tools-for-stm32.7-2018-q2-update.win32_1.5.0.202011040924/tools/bin/../lib/gcc/arm-none-eabi/7.3.1/thumb/v7e-m/fpv5/hard/crtn.o
                0x000000000800bf9c                . = ALIGN (0x4)
                0x000000000800bf9c                _etext = .

.vfp11_veneer   0x000000000800bf9c        0x0
 .vfp11_veneer  0x000000000800bf9c        0x0 linker stubs

.v4_bx          0x000000000800bf9c        0x0
 .v4_bx         0x000000000800bf9c        0x0 linker stubs

.iplt           0x000000000800bf9c        0x0
 .iplt          0x000000000800bf9c        0x0 c:/st/stm32cubeide_1.5.0/stm32cubeide/plugins/com.st.stm32cube.ide.mcu.externaltools.gnu-tools-for-stm32.7-2018-q2-update.win32_1.5.0.202011040924/tools/bin/../lib/gcc/arm-none-eabi/7.3.1/thumb/v7e-m/fpv5/hard/crtbegin.o

.rodata         0x000000000800bf9c    0x14dec
                0x000000000800bf9c                . = ALIGN (0x4)
 *(.rodata)
 *(.rodata*)
 .rodata.rescheduleEDF.str1.1
                0x000000000800bf9c       0x8b Core/Src/edf_tasks.o
 .rodata.pcApplicationHostnameHook.str1.1
                0x000000000800c027        0x9 Core/Src/hooks.o
 .rodata.vApplicationIPNetworkEventHook.str1.1
                0x000000000800c030       0x50 Core/Src/hooks.o
 .rodata.vApplicationMallocFailedHook.str1.1
                0x000000000800c080       0x1d Core/Src/hooks.o
 .rodata.xApplicationDNSQueryHook.str1.1
                0x000000000800c09d        0x6 Core/Src/hooks.o
 .rodata.main.str1.1
                0x000000000800c0a3       0x6e Core/Src/main.o
 .rodata.ucDNSServerAddress
                0x000000000800c111        0x4 Core/Src/main.o
 .rodata.ucGatewayAddress
                0x000000000800c115        0x4 Core/Src/main.o
 .rodata.ucIPAddress
                0x000000000800c119        0x4 Core/Src/main.o
 .rodata.ucMACAddress
                0x000000000800c11d        0x6 Core/Src/main.o
                0x000000000800c11d                ucMACAddress
 .rodata.ucNetMask
                0x000000000800c123        0x4 Core/Src/main.o
 .rodata.AHBPrescTable
                0x000000000800c127       0x10 Core/Src/system_stm32f7xx.o
                0x000000000800c127                AHBPrescTable
 .rodata.APBPrescTable
                0x000000000800c137        0x8 Core/Src/system_stm32f7xx.o
                0x000000000800c137                APBPrescTable
 .rodata.udpReceivingTask.str1.1
                0x000000000800c13f       0x20 Core/Src/udp_communication.o
 .rodata.udpSendingTask.str1.1
                0x000000000800c15f        0xc Core/Src/udp_communication.o
 .rodata.CSWTCH.53
                0x000000000800c16b        0x4 Drivers/STM32F7xx_HAL_Driver/Src/stm32f7xx_hal_uart.o
 .rodata.CSWTCH.54
                0x000000000800c16f        0xd Drivers/STM32F7xx_HAL_Driver/Src/stm32f7xx_hal_uart.o
 .rodata.xEventGroupWaitBits.str1.1
                0x000000000800c17c       0x2b Middlewares/FreeRTOS/Src/event_groups.o
 .rodata.prvNotifyQueueSetContainer.str1.1
                0x000000000800c1a7       0x24 Middlewares/FreeRTOS/Src/queue.o
 .rodata.prvTaskIsTaskSuspended.str1.1
                0x000000000800c1cb       0x24 Middlewares/FreeRTOS/Src/tasks.o
 .rodata.vTaskStartScheduler.str1.1
                0x000000000800c1ef        0x5 Middlewares/FreeRTOS/Src/tasks.o
 .rodata.prvCheckForValidListAndQueue.str1.1
                0x000000000800c1f4        0x5 Middlewares/FreeRTOS/Src/timers.o
 .rodata.xTimerCreateTimerTask.str1.1
                0x000000000800c1f9       0x2d Middlewares/FreeRTOS/Src/timers.o
 .rodata.pvPortMalloc.str1.1
                0x000000000800c226       0x36 Middlewares/FreeRTOS/Src/portable/MemMang/heap_4.o
 .rodata.prvTaskExitError.str1.1
                0x000000000800c25c       0x31 Middlewares/FreeRTOS/Src/portable/port/port.o
 .rodata.vARPGenerateRequestPacket.str1.1
                0x000000000800c28d       0x2f Middlewares/FreeRTOS-TCP/Src/FreeRTOS_ARP.o
 .rodata.xDefaultPartARPPacketHeader.12057
                0x000000000800c2bc       0x26 Middlewares/FreeRTOS-TCP/Src/FreeRTOS_ARP.o
 .rodata.prvParseDNSReply.str1.1
                0x000000000800c2e2       0x3d Middlewares/FreeRTOS-TCP/Src/FreeRTOS_DNS.o
                                         0x3e (size before relaxing)
 .rodata.prvProcessDNSCache.str1.1
                0x000000000800c31f       0x61 Middlewares/FreeRTOS-TCP/Src/FreeRTOS_DNS.o
 .rodata.xLLMNR_MacAdress
                0x000000000800c380        0x6 Middlewares/FreeRTOS-TCP/Src/FreeRTOS_DNS.o
                0x000000000800c380                xLLMNR_MacAdress
 .rodata.FreeRTOS_IPInit.str1.1
                0x000000000800c386       0xae Middlewares/FreeRTOS-TCP/Src/FreeRTOS_IP.o
 .rodata.prvIPTask.str1.1
                0x000000000800c434       0x6f Middlewares/FreeRTOS-TCP/Src/FreeRTOS_IP.o
 .rodata.vReturnEthernetFrame.str1.1
                0x000000000800c4a3       0x21 Middlewares/FreeRTOS-TCP/Src/FreeRTOS_IP.o
 .rodata.xBroadcastMACAddress
                0x000000000800c4c4        0x6 Middlewares/FreeRTOS-TCP/Src/FreeRTOS_IP.o
                0x000000000800c4c4                xBroadcastMACAddress
 *fill*         0x000000000800c4ca        0x2 
 .rodata.xNetworkDownEvent.12110
                0x000000000800c4cc        0x8 Middlewares/FreeRTOS-TCP/Src/FreeRTOS_IP.o
 .rodata.xSendEventStructToIPTask.str1.1
                0x000000000800c4d4       0x2a Middlewares/FreeRTOS-TCP/Src/FreeRTOS_IP.o
 .rodata.FreeRTOS_bind.str1.1
                0x000000000800c4fe       0x4b Middlewares/FreeRTOS-TCP/Src/FreeRTOS_Sockets.o
 .rodata.FreeRTOS_closesocket.str1.1
                0x000000000800c549       0x1e Middlewares/FreeRTOS-TCP/Src/FreeRTOS_Sockets.o
 .rodata.FreeRTOS_socket.str1.1
                0x000000000800c567       0x33 Middlewares/FreeRTOS-TCP/Src/FreeRTOS_Sockets.o
 .rodata.lTCPAddRxdata.str1.1
                0x000000000800c59a       0x47 Middlewares/FreeRTOS-TCP/Src/FreeRTOS_Sockets.o
 .rodata.prvTCPCreateStream.str1.1
                0x000000000800c5e1       0x5e Middlewares/FreeRTOS-TCP/Src/FreeRTOS_Sockets.o
 .rodata.vSocketBind.str1.1
                0x000000000800c63f       0x27 Middlewares/FreeRTOS-TCP/Src/FreeRTOS_Sockets.o
 .rodata.vSocketClose.str1.1
                0x000000000800c666       0x6a Middlewares/FreeRTOS-TCP/Src/FreeRTOS_Sockets.o
                                         0x6b (size before relaxing)
 .rodata.vTCPNetStat.str1.1
                0x000000000800c6d0       0xe2 Middlewares/FreeRTOS-TCP/Src/FreeRTOS_Sockets.o
 *fill*         0x000000000800c7b2        0x2 
 .rodata.pcStateNames.12469
                0x000000000800c7b4       0x34 Middlewares/FreeRTOS-TCP/Src/FreeRTOS_TCP_IP.o
 .rodata.prvSetSynAckOptions.str1.1
                0x000000000800c7e8       0x34 Middlewares/FreeRTOS-TCP/Src/FreeRTOS_TCP_IP.o
 .rodata.prvSocketSetMSS.str1.1
                0x000000000800c81c       0x29 Middlewares/FreeRTOS-TCP/Src/FreeRTOS_TCP_IP.o
 .rodata.prvTCPCreateWindow.str1.1
                0x000000000800c845       0x36 Middlewares/FreeRTOS-TCP/Src/FreeRTOS_TCP_IP.o
 .rodata.prvTCPHandleFin.isra.2.str1.1
                0x000000000800c87b       0x44 Middlewares/FreeRTOS-TCP/Src/FreeRTOS_TCP_IP.o
 .rodata.prvTCPNextTimeout.str1.1
                0x000000000800c8bf       0x2c Middlewares/FreeRTOS-TCP/Src/FreeRTOS_TCP_IP.o
 .rodata.prvTCPPrepareSend.constprop.3.str1.1
                0x000000000800c8eb       0x96 Middlewares/FreeRTOS-TCP/Src/FreeRTOS_TCP_IP.o
 .rodata.prvTCPReturnPacket.str1.1
                0x000000000800c981       0x48 Middlewares/FreeRTOS-TCP/Src/FreeRTOS_TCP_IP.o
 .rodata.str1.1
                0x000000000800c9c9       0x77 Middlewares/FreeRTOS-TCP/Src/FreeRTOS_TCP_IP.o
 .rodata.vTCPStateChange.str1.1
                0x000000000800ca40       0x77 Middlewares/FreeRTOS-TCP/Src/FreeRTOS_TCP_IP.o
 .rodata.xProcessReceivedTCPPacket.str1.1
                0x000000000800cab7      0x3b5 Middlewares/FreeRTOS-TCP/Src/FreeRTOS_TCP_IP.o
                                        0x3ba (size before relaxing)
 .rodata.xTCPCheckNewClient.str1.1
                0x000000000800ce6c       0x2a Middlewares/FreeRTOS-TCP/Src/FreeRTOS_TCP_IP.o
 .rodata.xTCPSocketCheck.str1.1
                0x000000000800ce96       0xc2 Middlewares/FreeRTOS-TCP/Src/FreeRTOS_TCP_IP.o
 .rodata.lTCPWindowRxCheck.str1.1
                0x000000000800cf58      0x181 Middlewares/FreeRTOS-TCP/Src/FreeRTOS_TCP_WIN.o
 .rodata.lTCPWindowTxAdd.str1.1
                0x000000000800d0d9       0xd0 Middlewares/FreeRTOS-TCP/Src/FreeRTOS_TCP_WIN.o
 .rodata.prvTCPWindowTxCheckAck.str1.1
                0x000000000800d1a9       0x89 Middlewares/FreeRTOS-TCP/Src/FreeRTOS_TCP_WIN.o
 .rodata.ulTCPWindowTxGet.str1.1
                0x000000000800d232      0x122 Middlewares/FreeRTOS-TCP/Src/FreeRTOS_TCP_WIN.o
 .rodata.ulTCPWindowTxSack.str1.1
                0x000000000800d354       0x76 Middlewares/FreeRTOS-TCP/Src/FreeRTOS_TCP_WIN.o
 .rodata.vTCPWindowCreate.str1.1
                0x000000000800d3ca       0x53 Middlewares/FreeRTOS-TCP/Src/FreeRTOS_TCP_WIN.o
 .rodata.xTCPWindowNew.str1.1
                0x000000000800d41d       0x63 Middlewares/FreeRTOS-TCP/Src/FreeRTOS_TCP_WIN.o
 .rodata.xTCPWindowRxEmpty.str1.1
                0x000000000800d480       0x30 Middlewares/FreeRTOS-TCP/Src/FreeRTOS_TCP_WIN.o
 .rodata.xProcessReceivedUDPPacket.str1.1
                0x000000000800d4b0       0x32 Middlewares/FreeRTOS-TCP/Src/FreeRTOS_UDP_IP.o
 .rodata.prvEMACHandlerTask.str1.1
                0x000000000800d4e2       0xa2 Middlewares/FreeRTOS-TCP/Src/NetworkInterface.o
 .rodata.prvEthernetUpdateConfig.str1.1
                0x000000000800d584       0x31 Middlewares/FreeRTOS-TCP/Src/NetworkInterface.o
 .rodata.xNetworkInterfaceInitialise.str1.1
                0x000000000800d5b5       0x1a Middlewares/FreeRTOS-TCP/Src/NetworkInterface.o
 .rodata.xPHYProperties
                0x000000000800d5cf        0x4 Middlewares/FreeRTOS-TCP/Src/NetworkInterface.o
                0x000000000800d5cf                xPHYProperties
 .rodata.xPhyCheckLinkStatus.str1.1
                0x000000000800d5d3       0x27 Middlewares/FreeRTOS-TCP/Src/phyHandling.o
 .rodata.xPhyConfigure.str1.1
                0x000000000800d5fa       0xa0 Middlewares/FreeRTOS-TCP/Src/phyHandling.o
 .rodata.xPhyDiscover.str1.1
                0x000000000800d69a        0xc Middlewares/FreeRTOS-TCP/Src/phyHandling.o
 .rodata.xPhyStartAutoNegotiation.str1.1
                0x000000000800d6a6       0x87 Middlewares/FreeRTOS-TCP/Src/phyHandling.o
 *fill*         0x000000000800d72d        0x3 
 .rodata.xBufferAllocFixedSize
                0x000000000800d730        0x4 Middlewares/FreeRTOS-TCP/Src/portable/BufferManagement/BufferAllocation_2.o
                0x000000000800d730                xBufferAllocFixedSize
 .rodata.xNetworkBuffersInitialise.str1.1