stm32fxx_hal_eth.c:724:21:vRegisterDelay	0	static,ignoring_inline_asm
stm32fxx_hal_eth.c:764:21:prvWriteDMAOMR	8	static
stm32fxx_hal_eth.c:780:21:prvWriteMACCR	8	static
stm32fxx_hal_eth.c:1469:21:ETH_FlushTransmitFIFO	8	static
stm32fxx_hal_eth.c:324:21:HAL_ETH_MspInit	0	static
stm32fxx_hal_eth.c:199:27:HAL_ETH_Init	24	static
stm32fxx_hal_eth.c:338:21:HAL_ETH_MspDeInit	0	static
stm32fxx_hal_eth.c:300:27:HAL_ETH_DeInit	8	static
stm32fxx_hal_eth.c:416:21:HAL_ETH_TxCpltCallback	0	static
stm32fxx_hal_eth.c:430:21:HAL_ETH_RxCpltCallback	0	static
stm32fxx_hal_eth.c:444:21:HAL_ETH_ErrorCallback	0	static
stm32fxx_hal_eth.c:381:14:HAL_ETH_IRQHandler	16	static
stm32fxx_hal_eth.c:464:27:HAL_ETH_ReadPHYRegister	16	static
stm32fxx_hal_eth.c:548:27:HAL_ETH_WritePHYRegister	16	static
stm32fxx_hal_eth.c:652:27:HAL_ETH_Start	32	static
stm32fxx_hal_eth.c:691:27:HAL_ETH_Stop	32	static
stm32fxx_hal_eth.c:803:27:HAL_ETH_ConfigMAC	24	static
stm32fxx_hal_eth.c:956:27:HAL_ETH_ConfigDMA	16	static
stm32fxx_hal_eth.c:1059:30:HAL_ETH_GetState	0	static
