stm32fxx_hal_eth.c:199:27:HAL_ETH_Init	32	static
stm32fxx_hal_eth.c:300:27:HAL_ETH_DeInit	16	static
stm32fxx_hal_eth.c:324:21:HAL_ETH_MspInit	16	static
stm32fxx_hal_eth.c:338:21:HAL_ETH_MspDeInit	16	static
stm32fxx_hal_eth.c:381:14:HAL_ETH_IRQHandler	24	static
stm32fxx_hal_eth.c:416:21:HAL_ETH_TxCpltCallback	16	static
stm32fxx_hal_eth.c:430:21:HAL_ETH_RxCpltCallback	16	static
stm32fxx_hal_eth.c:444:21:HAL_ETH_ErrorCallback	16	static
stm32fxx_hal_eth.c:464:27:HAL_ETH_ReadPHYRegister	40	static
stm32fxx_hal_eth.c:548:27:HAL_ETH_WritePHYRegister	40	static
stm32fxx_hal_eth.c:652:27:HAL_ETH_Start	16	static
stm32fxx_hal_eth.c:691:27:HAL_ETH_Stop	16	static
stm32fxx_hal_eth.c:724:21:vRegisterDelay	16	static,ignoring_inline_asm
stm32fxx_hal_eth.c:748:21:prvWriteMACFCR	16	static
stm32fxx_hal_eth.c:764:21:prvWriteDMAOMR	16	static
stm32fxx_hal_eth.c:780:21:prvWriteMACCR	16	static
stm32fxx_hal_eth.c:803:27:HAL_ETH_ConfigMAC	24	static
stm32fxx_hal_eth.c:956:27:HAL_ETH_ConfigDMA	24	static
stm32fxx_hal_eth.c:1059:30:HAL_ETH_GetState	16	static
stm32fxx_hal_eth.c:1084:21:ETH_MACDMAConfig	200	static
stm32fxx_hal_eth.c:1332:21:ETH_MACAddressConfig	32	static
stm32fxx_hal_eth.c:1361:21:ETH_MACTransmissionEnable	24	static
stm32fxx_hal_eth.c:1374:21:ETH_MACTransmissionDisable	24	static
stm32fxx_hal_eth.c:1387:21:ETH_MACReceptionEnable	24	static
stm32fxx_hal_eth.c:1400:21:ETH_MACReceptionDisable	24	static
stm32fxx_hal_eth.c:1413:21:ETH_DMATransmissionEnable	24	static
stm32fxx_hal_eth.c:1427:21:ETH_DMATransmissionDisable	24	static
stm32fxx_hal_eth.c:1441:21:ETH_DMAReceptionEnable	24	static
stm32fxx_hal_eth.c:1455:21:ETH_DMAReceptionDisable	24	static
stm32fxx_hal_eth.c:1469:21:ETH_FlushTransmitFIFO	24	static
