queue.c:2347:19:prvIsQueueEmpty	8	static
queue.c:2123:19:prvCopyDataToQueue	16	static
queue.c:2960:23:prvNotifyQueueSetContainer	24	static
queue.c:2206:13:prvCopyDataFromQueue	4	static
queue.c:2227:13:prvUnlockQueue	16	static
queue.c:264:12:xQueueGenericReset	16	static,ignoring_inline_asm
queue.c:382:19:xQueueGenericCreate	16	static
queue.c:741:19:xQueueCreateCountingSemaphore	16	static
queue.c:768:12:xQueueGenericSend	48	static,ignoring_inline_asm
queue.c:519:19:xQueueCreateMutex	8	static
queue.c:613:16:xQueueGiveMutexRecursive	16	static
queue.c:980:12:xQueueGenericSendFromISR	32	static,ignoring_inline_asm
queue.c:1147:12:xQueueGiveFromISR	24	static,ignoring_inline_asm
queue.c:1315:12:xQueueReceive	48	static,ignoring_inline_asm
queue.c:1458:12:xQueueSemaphoreTake	40	static,ignoring_inline_asm
queue.c:668:16:xQueueTakeMutexRecursive	16	static
queue.c:1677:12:xQueuePeek	48	static,ignoring_inline_asm
queue.c:1828:12:xQueueReceiveFromISR	32	static,ignoring_inline_asm
queue.c:1923:12:xQueuePeekFromISR	24	static,ignoring_inline_asm
queue.c:1978:13:uxQueueMessagesWaiting	8	static
queue.c:1994:13:uxQueueSpacesAvailable	16	static
queue.c:2011:13:uxQueueMessagesWaitingFromISR	8	static
queue.c:2368:12:xQueueIsQueueEmptyFromISR	8	static
queue.c:2409:12:xQueueIsQueueFullFromISR	8	static
queue.c:2718:10:vQueueAddToRegistry	12	static
queue.c:2748:18:pcQueueGetName	0	static
queue.c:2777:10:vQueueUnregisterQueue	8	static
queue.c:2023:6:vQueueDelete	8	static
queue.c:2808:10:vQueueWaitForMessageRestricted	16	static
queue.c:2848:22:xQueueCreateSet	0	static
queue.c:2862:16:xQueueAddToSet	16	static
queue.c:2896:16:xQueueRemoveFromSet	16	static
queue.c:2933:28:xQueueSelectFromSet	16	static
queue.c:2947:28:xQueueSelectFromSetFromISR	16	static
