stream_buffer.c:1230:15:prvBytesInBuffer	0	static
stream_buffer.c:1123:15:prvWriteBytesToBuffer	32	static
stream_buffer.c:1172:15:prvReadBytesFromBuffer	32	static
stream_buffer.c:220:26:xStreamBufferGenericCreate	24	static
stream_buffer.c:363:6:vStreamBufferDelete	8	static
stream_buffer.c:396:12:xStreamBufferReset	24	static
stream_buffer.c:445:12:xStreamBufferSetTriggerLevel	16	static
stream_buffer.c:475:8:xStreamBufferSpacesAvailable	8	static
stream_buffer.c:499:8:xStreamBufferBytesAvailable	8	static
stream_buffer.c:511:8:xStreamBufferSend	72	static
stream_buffer.c:641:8:xStreamBufferSendFromISR	40	static,ignoring_inline_asm
stream_buffer.c:744:8:xStreamBufferReceive	48	static
stream_buffer.c:848:8:xStreamBufferNextMessageLengthBytes	24	static
stream_buffer.c:893:8:xStreamBufferReceiveFromISR	48	static,ignoring_inline_asm
stream_buffer.c:1002:12:xStreamBufferIsEmpty	8	static
stream_buffer.c:1026:12:xStreamBufferIsFull	16	static
stream_buffer.c:1061:12:xStreamBufferSendCompletedFromISR	32	static,ignoring_inline_asm
stream_buffer.c:1092:12:xStreamBufferReceiveCompletedFromISR	32	static,ignoring_inline_asm
