tasks.c:2149:23:prvGetExpectedIdleTime	0	static
tasks.c:3988:13:prvResetNextTaskUnblockTime	0	static
tasks.c:1812:23:prvTaskIsTaskSuspended	8	static
tasks.c:5263:13:prvAddCurrentTaskToDelayedList	24	static
tasks.c:726:16:xTaskCreate	40	static,ignoring_inline_asm
tasks.c:1154:10:vTaskDelete	16	static,ignoring_inline_asm
tasks.c:1381:16:eTaskGetState	24	static
tasks.c:1478:17:uxTaskPriorityGet	8	static
tasks.c:1500:17:uxTaskPriorityGetFromISR	8	static,ignoring_inline_asm
tasks.c:1540:10:vTaskPrioritySet	24	static,ignoring_inline_asm
tasks.c:1858:10:vTaskResume	16	static,ignoring_inline_asm
tasks.c:1912:16:xTaskResumeFromISR	24	static,ignoring_inline_asm
tasks.c:1987:6:vTaskStartScheduler	16	static,ignoring_inline_asm
tasks.c:2115:6:vTaskEndScheduler	0	static,ignoring_inline_asm
tasks.c:2126:6:vTaskSuspendAll	0	static,ignoring_inline_asm
tasks.c:2321:12:xTaskGetTickCount	0	static
tasks.c:2336:12:xTaskGetTickCountFromISR	8	static
tasks.c:2367:13:uxTaskGetNumberOfTasks	0	static
tasks.c:2375:8:pcTaskGetName	8	static
tasks.c:2597:18:xTaskGetIdleTaskHandle	8	static
tasks.c:2614:10:vTaskStepTick	16	static
tasks.c:2725:12:xTaskIncrementTick	40	static
tasks.c:2210:12:xTaskResumeAll	32	static,ignoring_inline_asm
tasks.c:1249:16:xTaskDelayUntil	16	static,ignoring_inline_asm
tasks.c:1336:10:vTaskDelay	8	static,ignoring_inline_asm
tasks.c:3423:8:prvIdleTask	24	static,ignoring_inline_asm
tasks.c:2627:12:xTaskCatchUpTicks	8	static
tasks.c:3010:6:vTaskSwitchContext	16	static,ignoring_inline_asm
tasks.c:1706:10:vTaskSuspend	16	static,ignoring_inline_asm
tasks.c:3086:6:vTaskPlaceOnEventList	16	static
tasks.c:3104:6:vTaskPlaceOnUnorderedEventList	16	static
tasks.c:3132:10:vTaskPlaceOnEventListRestricted	16	static
tasks.c:3165:12:xTaskRemoveFromEventList	16	static
tasks.c:3233:6:vTaskRemoveFromUnorderedEventList	16	static
tasks.c:3282:6:vTaskSetTimeOutState	8	static
tasks.c:3294:6:vTaskInternalSetTimeOutState	0	static
tasks.c:3302:12:xTaskCheckForTimeOut	16	static
tasks.c:3367:6:vTaskMissedYield	0	static
tasks.c:3542:22:eTaskConfirmSleepModeStatus	0	static
tasks.c:4011:18:xTaskGetCurrentTaskHandle	0	static
tasks.c:4028:16:xTaskGetSchedulerState	0	static
tasks.c:4056:16:xTaskPriorityInherit	24	static
tasks.c:4146:16:xTaskPriorityDisinherit	16	static
tasks.c:4226:10:vTaskPriorityDisinheritAfterTimeout	16	static
tasks.c:4651:12:uxTaskResetEventItemValue	0	static
tasks.c:4667:18:pvTaskIncrementMutexHeldCount	0	static
tasks.c:4684:14:ulTaskGenericNotifyTake	24	static,ignoring_inline_asm
tasks.c:4756:16:xTaskGenericNotifyWait	32	static,ignoring_inline_asm
tasks.c:4842:16:xTaskGenericNotify	24	static,ignoring_inline_asm
tasks.c:4965:16:xTaskGenericNotifyFromISR	32	static,ignoring_inline_asm
tasks.c:5104:10:vTaskGenericNotifyGiveFromISR	24	static,ignoring_inline_asm
tasks.c:5193:16:xTaskGenericNotifyStateClear	16	static
tasks.c:5227:14:ulTaskGenericNotifyValueClear	16	static
