timers.c:953:17:prvCheckForValidListAndQueue	24	static
timers.c:699:23:prvInsertTimerInActiveList	8	static
timers.c:221:16:xTimerCreateTimerTask	16	static
timers.c:276:23:xTimerCreate	24	static
timers.c:377:16:xTimerGenericCommand	40	static
timers.c:893:17:prvSwitchTimerLists	40	static
timers.c:551:12:prvTimerTask	64	static,ignoring_inline_asm
timers.c:424:18:xTimerGetTimerDaemonTaskHandle	8	static
timers.c:433:16:xTimerGetPeriod	8	static
timers.c:442:10:vTimerSetReloadMode	16	static
timers.c:463:17:uxTimerGetReloadMode	8	static
timers.c:488:16:xTimerGetExpiryTime	8	static
timers.c:499:18:pcTimerGetName	8	static
timers.c:1004:16:xTimerIsTimerActive	8	static
timers.c:1029:12:pvTimerGetTimerID	8	static
timers.c:1046:10:vTimerSetTimerID	16	static
timers.c:1063:20:xTimerPendFunctionCallFromISR	24	static
timers.c:1090:20:xTimerPendFunctionCall	40	static
